Archive member included because of file (symbol)

/cygdrive/c/2.0.2/Lib/sensenuts/libSense_JN516x.a(AppQueueApi.o)
                              /cygdrive/c/2.0.2/libraries/dio.o (_vAppQApiPostCritInt)
/cygdrive/c/2.0.2/Lib/sensenuts/libSense_JN516x.a(bigbang.o)
                              /cygdrive/c/2.0.2/AppCode/demo2/read-sensors/output/main.o (_bigBang)
/cygdrive/c/2.0.2/Lib/sensenuts/libSense_JN516x.a(clock.o)
                              /cygdrive/c/2.0.2/libraries/routing_aodv.o (_addTimeInCurrent)
/cygdrive/c/2.0.2/Lib/sensenuts/libSense_JN516x.a(scheduler.o)
                              /cygdrive/c/2.0.2/Lib/sensenuts/libSense_JN516x.a(AppQueueApi.o) (_subProcessList)
/cygdrive/c/2.0.2/Lib/sensenuts/libSense_JN516x.a(task.o)
                              /cygdrive/c/2.0.2/Lib/sensenuts/libSense_JN516x.a(clock.o) (_getPTask)
/cygdrive/c/2.0.2/Lib/Components/Library/libAppApi_JN516x.a(AppApi.o)
                              (_pvAppApiDefGetMacHandle)
/cygdrive/c/2.0.2/Lib/Components/Library/libAppApi_JN516x.a(AppApiSleep.o)
                              (_vAppApiDefSaveMacSettings)
/cygdrive/c/2.0.2/Lib/Components/Library/libMac_JN516x.a(mac_main.o)
                              /cygdrive/c/2.0.2/Lib/Components/Library/libAppApi_JN516x.a(AppApi.o) (_bMAC_CurrentlyScanning)
/cygdrive/c/2.0.2/Lib/Components/Library/libMac_JN516x.a(mac_mcps.o)
                              /cygdrive/c/2.0.2/Lib/Components/Library/libAppApi_JN516x.a(AppApi.o) (_MAC_vHandleMcpsReqRsp)
/cygdrive/c/2.0.2/Lib/Components/Library/libMac_JN516x.a(mac_mlme.o)
                              /cygdrive/c/2.0.2/Lib/Components/Library/libAppApi_JN516x.a(AppApi.o) (_MAC_vHandleMlmeReqRsp)
/cygdrive/c/2.0.2/Lib/Components/Library/libMac_JN516x.a(mac_pib.o)
                              /cygdrive/c/2.0.2/libraries/coordinator.o (_MAC_psPibGetHandle)
/cygdrive/c/2.0.2/Lib/Components/Library/libMac_JN516x.a(mac_pib_mlme.o)
                              /cygdrive/c/2.0.2/Lib/Components/Library/libMac_JN516x.a(mac_mlme.o) (_mac_vPibReset)
/cygdrive/c/2.0.2/Lib/Components/Library/libMac_JN516x.a(mac_pmic.o)
                              /cygdrive/c/2.0.2/Lib/Components/Library/libMac_JN516x.a(mac_main.o) (_vPMICreset)
/cygdrive/c/2.0.2/Lib/Components/Library/libMac_JN516x.a(mac_ind.o)
                              /cygdrive/c/2.0.2/Lib/Components/Library/libAppApi_JN516x.a(AppApi.o) (_MAC_vRegisterMlmeDcfmIndCallbacks)
/cygdrive/c/2.0.2/Lib/Components/Library/libMac_JN516x.a(mac_scan.o)
                              /cygdrive/c/2.0.2/Lib/Components/Library/libMac_JN516x.a(mac_main.o) (_mac_eScanHandleXcvBbcEvt)
/cygdrive/c/2.0.2/Lib/Components/Library/libMac_JN516x.a(mac_lp.o)
                              /cygdrive/c/2.0.2/Lib/Components/Library/libMac_JN516x.a(mac_pmic.o) (_g_sLP)
/cygdrive/c/2.0.2/Lib/Components/Library/libMac_JN516x.a(MCPS.o)
                              /cygdrive/c/2.0.2/Lib/Components/Library/libMac_JN516x.a(mac_mcps.o) (_vTAM_MCPSpurgeRequest)
/cygdrive/c/2.0.2/Lib/Components/Library/libMac_JN516x.a(phy_pib.o)
                              /cygdrive/c/2.0.2/Lib/Components/Library/libAppApi_JN516x.a(AppApi.o) (_phy_ePibGet)
/cygdrive/c/2.0.2/Lib/Components/Library/libMac_JN516x.a(TAM.o)
                              /cygdrive/c/2.0.2/Lib/Components/Library/libMac_JN516x.a(MCPS.o) (_bTAMinPAN)
/cygdrive/c/2.0.2/Lib/Components/Library/libMac_JN516x.a(TAMCO.o)
                              /cygdrive/c/2.0.2/Lib/Components/Library/libMac_JN516x.a(TAM.o) (_vTAMCOsetCoordinator)
/cygdrive/c/2.0.2/Lib/Components/Library/libMac_JN516x.a(TAMDE.o)
                              /cygdrive/c/2.0.2/Lib/Components/Library/libMac_JN516x.a(TAM.o) (_vTAMDEdetermineNullState)
/cygdrive/c/2.0.2/Lib/Components/Library/libMac_JN516x.a(TAM_MEM.o)
                              /cygdrive/c/2.0.2/Lib/Components/Library/libMac_JN516x.a(mac_scan.o) (_pvMEMget)
/cygdrive/c/2.0.2/Lib/Components/Library/libMac_JN516x.a(TAM_MLME.o)
                              /cygdrive/c/2.0.2/Lib/Components/Library/libMac_JN516x.a(mac_pmic.o) (_vMLMEcommStatus)
/cygdrive/c/2.0.2/Lib/Components/Library/libMac_JN516x.a(TAM_TAH.o)
                              /cygdrive/c/2.0.2/Lib/Components/Library/libMac_JN516x.a(TAMCO.o) (_vTAHsetCutOff)
/cygdrive/c/2.0.2/Lib/Components/Library/libMac_JN516x.a(TAM_TAI.o)
                              /cygdrive/c/2.0.2/Lib/Components/Library/libMac_JN516x.a(TAMCO.o) (_vTAIdisableInterrupt)
/cygdrive/c/2.0.2/Lib/Components/Library/libMac_JN516x.a(TAM_TAT.o)
                              /cygdrive/c/2.0.2/Lib/Components/Library/libMac_JN516x.a(TAMDE.o) (_eTATreadTXstatus)
/cygdrive/c/2.0.2/Lib/Components/Library/libMac_JN516x.a(TAMcommon.o)
                              /cygdrive/c/2.0.2/Lib/Components/Library/libMac_JN516x.a(mac_scan.o) (_bTACassessBeaconForPayload)
/cygdrive/c/2.0.2/Lib/Components/Library/libMac_JN516x.a(TAMevent.o)
[...]
Memory Configuration

Name             Origin             Length             Attributes
flash            0x00080000         0x00040000
ram              0x0400004c         0x00007fb4
*default*        0x00000000         0xffffffff

Linker script and memory map

LOAD /cygdrive/c/2.0.2/libraries/coordinator.o
LOAD /cygdrive/c/2.0.2/libraries/dio.o
LOAD /cygdrive/c/2.0.2/libraries/genMac.o
LOAD /cygdrive/c/2.0.2/libraries/gps.o
LOAD /cygdrive/c/2.0.2/libraries/humidSensor.o
LOAD /cygdrive/c/2.0.2/libraries/i2c.o
LOAD /cygdrive/c/2.0.2/libraries/lightSensor.o
LOAD /cygdrive/c/2.0.2/libraries/mac.o
LOAD /cygdrive/c/2.0.2/libraries/node.o
LOAD /cygdrive/c/2.0.2/libraries/pcInterface.o
LOAD /cygdrive/c/2.0.2/libraries/phy.o
LOAD /cygdrive/c/2.0.2/libraries/routing.o
LOAD /cygdrive/c/2.0.2/libraries/routing_aodv.o
LOAD /cygdrive/c/2.0.2/libraries/routing_aodv_Tables.o
LOAD /cygdrive/c/2.0.2/libraries/routing_lbr.o
LOAD /cygdrive/c/2.0.2/libraries/routing_mbr.o
LOAD /cygdrive/c/2.0.2/libraries/tempPressure.o
LOAD /cygdrive/c/2.0.2/libraries/tmpSensor.o
LOAD /cygdrive/c/2.0.2/libraries/uartSerial.o
LOAD /cygdrive/c/2.0.2/AppCode/demo2/read-sensors/output/read-sensors.o
LOAD /cygdrive/c/2.0.2/AppCode/demo2/read-sensors/output/main.o
START GROUP
LOAD /cygdrive/c/2.0.2/Lib/sensenuts/libSense_JN516x.a
LOAD /cygdrive/c/2.0.2/Lib/Components/Library/libAppApi_JN516x.a
LOAD /cygdrive/c/2.0.2/Lib/Components/Library/libMac_JN516x.a
LOAD /cygdrive/c/2.0.2/Lib/Components/Library/libTof_JN516x.a
LOAD /cygdrive/c/2.0.2/Lib/Components/Library/libXcv_JN516x.a
LOAD /cygdrive/c/2.0.2/Lib/Components/Library/libAES_CCM_SW_PATCH_JN516x.a
LOAD /cygdrive/c/2.0.2/Lib/Components/Library/libAes_JN516x.a
LOAD /cygdrive/c/2.0.2/Lib/Components/Library/libTimerServer_JN516x.a
LOAD /cygdrive/c/2.0.2/Lib/Components/Library/libHardwareApi_JN516x.a
LOAD /cygdrive/c/2.0.2/Lib/Components/Library/libMicroSpecific_JN516x.a
LOAD /cygdrive/c/2.0.2/Lib/Components/Library/libBoot_JN516x.a
LOAD /cygdrive/c/2.0.2/Lib/Components/Library/libMaths_JN516x.a
LOAD /cygdrive/c/2.0.2/Lib/Platform/DK4/Library/libBoardLib_JN516x.a
END GROUP
LOAD /cygdrive/c/2.0.2/Lib/Tools/ba-elf-ba2/bin/../lib/gcc/ba-elf/4.1.2/ba2/libgcc.a
LOAD /cygdrive/c/2.0.2/Lib/Tools/ba-elf-ba2/bin/../lib/gcc/ba-elf/4.1.2/../../../../ba-elf/lib/ba2/libc.a
LOAD /cygdrive/c/2.0.2/Lib/Tools/ba-elf-ba2/bin/../lib/gcc/ba-elf/4.1.2/ba2/libgcc.a
                0x00001000                _stack_size = 0x1000
                0x00080038                __exception_vsr_table = 0x80038
                0x04000000                _pSPIflashFncTable = 0x4000000
                0x00001000                _stack_size = 0x1000
                0x00000044                restore_state = 0x44
                0x0000004a                _bZSPIWaitWIPClear = 0x4a
                0x00000050                _u16ZSPIflashRDID = 0x50
                0x00000056                _u8SelectFlashChipType = 0x56
                0x0000005c                _memcpy = 0x5c
                0x00000066                _vBootFlashProg = 0x66
                [0x00000d16]                _minimum_heap_size = DEFINED (_minimum_heap_size)?_minimum_heap_size:0xd16
                0x00000000                _SwConfig = (DEFINED (g_bSWConf_Debug) | (DEFINED (g_bSWConf_AltDebugPort) << 0x1))

.version        0x0007fffc        0x4
                0x0007fffc        0x4 LONG 0x7030008

.bir            0x00080000       0x10
                0x00080000                _flash_start = <code 342> (.)
                0x00080000                _flash_beg = <code 342> (.)
                0x00080000        0x4 LONG 0x12345678
                0x00080004        0x4 LONG 0x11223344
                0x00080008        0x4 LONG 0x55667788
                0x0008000c        0x1 BYTE 0x8
                0x0008000d        0x1 BYTE 0x1
                0x0008000e        0x2 SHORT 0x0

.flashheader    0x00080010       0x28
                0x00080010        0x4 LONG 0x0
                0x00080014        0x4 LONG 0x0
                0x00080018        0x4 LONG 0x0
                0x0008001c        0x2 SHORT 0x0
                0x0008001e        0x2 SHORT 0x0 <code 342> (_SwConfig)
                0x00080020                _enc_start = <code 342> (.)
                0x00080020        0x4 LONG 0x8c24 <code 342> (_image_len)
                0x00000000                _enc_offset = (_enc_start & 0xf)
                [0x00000020]                _enc_start = (_enc_start - _flash_beg)
                0x00080024        0x4 LONG 0x88bf8 <code 342> (_flash_data_start)
                0x00080028        0x2 SHORT 0x13 ((<code 342> (_ram_data_start) / 0x4) & 0xffff)
                0x0008002a        0x2 SHORT 0xb ((<code 342> (_ram_data_len) / 0x4) & 0xffff)
                0x0008002c        0x2 SHORT 0x1e ((<code 342> (_bss_start) / 0x4) & 0xffff)
                0x0008002e        0x2 SHORT 0xb33 ((<code 342> (_bss_len) / 0x4) & 0xffff)
                0x00080030        0x4 LONG 0x80c0b <code 342> (_AppWarmStart)
                0x00080034        0x4 LONG 0x80c05 <code 342> (_AppColdStart)
                0x00000044                PROVIDE (_vException_BusError, restore_state)
                0x00000044                PROVIDE (_vException_UnalignedAccess, restore_state)
                0x00000044                PROVIDE (_vException_IllegalInstruction, restore_state)
                0x00000044                PROVIDE (_vException_SysCall, restore_state)
                0x00000044                PROVIDE (_vException_Trap, restore_state)
                0x00000044                PROVIDE (_vException_StackOverflow, restore_state)
                0x00080038                . = <code 342> (__exception_vsr_table)

.vsr_table      0x00080038       0x18
                0x00080038        0x4 LONG 0x44 <code 342> (_vException_BusError)
                0x0008003c        0x4 LONG 0x44 <code 342> (_vException_UnalignedAccess)
                0x00080040        0x4 LONG 0x44 <code 342> (_vException_IllegalInstruction)
                0x00080044        0x4 LONG 0x44 <code 342> (_vException_SysCall)
                0x00080048        0x4 LONG 0x44 <code 342> (_vException_Trap)
                0x0008004c        0x4 LONG 0x44 <code 342> (_vException_StackOverflow)

.vsr_handlers   0x00080050       0xab
 *(.vsr_handlers)
 .vsr_handlers  0x00080050       0xab /cygdrive/c/2.0.2/Lib/Components/Library/libBoot_JN516x.a(ExceptionHandler.o)
                0x00080050                __exception_external_interrupt
                0x000800f9                __default_vsr_dummy

.rodata         0x000800fc      0x202
 *(.rodata*)
 .rodata.s_sPibInit
                0x000800fc       0x18 /cygdrive/c/2.0.2/Lib/Components/Library/libMac_JN516x.a(mac_pib_mlme.o)
 .rodata.aeXcvPhyEvtToScanEvt.4240
                0x00080114       0x18 /cygdrive/c/2.0.2/Lib/Components/Library/libMac_JN516x.a(mac_scan.o)
 .rodata.aeXcvBbcEvtToScanEvt.4230
                0x0008012c        0xa /cygdrive/c/2.0.2/Lib/Components/Library/libMac_JN516x.a(mac_scan.o)
 .rodata.s_atScanEvtST
                0x00080136       0x31 /cygdrive/c/2.0.2/Lib/Components/Library/libMac_JN516x.a(mac_scan.o)
 *fill*         0x00080167        0x1 00
 .rodata.s_aprScanHandleEvt
                0x00080168       0x30 /cygdrive/c/2.0.2/Lib/Components/Library/libMac_JN516x.a(mac_scan.o)
 .rodata.psTAMcontext
                0x00080198        0x4 /cygdrive/c/2.0.2/Lib/Components/Library/libMac_JN516x.a(TAM.o)
                0x00080198                _psTAMcontext
 .rodata.psTamMacContext
                0x0008019c        0x4 /cygdrive/c/2.0.2/Lib/Components/Library/libMac_JN516x.a(TAM.o)
                0x0008019c                _psTamMacContext
 .rodata.psTamXcvContext
                0x000801a0        0x4 /cygdrive/c/2.0.2/Lib/Components/Library/libMac_JN516x.a(TAM.o)
                0x000801a0                _psTamXcvContext
 .rodata.au8XcvToTAMevent.4757
                0x000801a4        0xa /cygdrive/c/2.0.2/Lib/Components/Library/libMac_JN516x.a(TAM.o)
 .rodata.au8HeaderSize.4215
                0x000801ae        0xe /cygdrive/c/2.0.2/Lib/Components/Library/libMac_JN516x.a(TAMcommon.o)
 .rodata.apvActionCalls
                0x000801bc       0x88 /cygdrive/c/2.0.2/Lib/Components/Library/libMac_JN516x.a(TAMevent.o)
                0x000801bc                _apvActionCalls
 .rodata.au8StateActions
                0x00080244       0x8c /cygdrive/c/2.0.2/Lib/Components/Library/libMac_JN516x.a(TAMevent.o)
                0x00080244                _au8StateActions
 .rodata.au8SizeInc.4433
                0x000802d0        0x9 /cygdrive/c/2.0.2/Lib/Components/Library/libMac_JN516x.a(TAMsecurity.o)
 .rodata.au8MICLenLUT.3714
                0x000802d9        0x4 /cygdrive/c/2.0.2/Lib/Components/Library/libMac_JN516x.a(TAMsecurity.o)
 .rodata.au8FlashWaitStates32MXO
                0x000802dd        0x8 /cygdrive/c/2.0.2/Lib/Components/Library/libHardwareApi_JN516x.a(AHI_System.o)
 .rodata.au8FlashWaitStatesHSRCO
                0x000802e5        0x8 /cygdrive/c/2.0.2/Lib/Components/Library/libHardwareApi_JN516x.a(AHI_System.o)
 *fill*         0x000802ed        0x3 00
 .rodata.au32UartAddrOffset
                0x000802f0        0x8 /cygdrive/c/2.0.2/Lib/Components/Library/libHardwareApi_JN516x.a(AHI_Uart.o)
                0x000802f0                _au32UartAddrOffset
 .rodata.au8ClockDivisor.3223
                0x000802f8        0x6 /cygdrive/c/2.0.2/Lib/Components/Library/libHardwareApi_JN516x.a(AHI_Uart.o)

.text           0x00080300     0x88f5
 *(.text*)
 .text.handleNodeAssociation
                0x00080300       0xc8 /cygdrive/c/2.0.2/libraries/coordinator.o
                0x00080300                _handleNodeAssociation
 .text.startCoordinator
                0x000803c8       0x4e /cygdrive/c/2.0.2/libraries/coordinator.o
                0x000803c8                _startCoordinator
 .text.setPin   0x00080416       0x1f /cygdrive/c/2.0.2/libraries/dio.o
                0x00080416                _setPin
 .text.dioInit  0x00080435       0x1a /cygdrive/c/2.0.2/libraries/dio.o
                0x00080435                _dioInit
 .text.startAssociate
                0x0008044f       0x4d /cygdrive/c/2.0.2/libraries/genMac.o
                0x0008044f                _startAssociate
 .text.startActiveScan
                0x0008049c       0x39 /cygdrive/c/2.0.2/libraries/genMac.o
                0x0008049c                _startActiveScan
 .text.handleAssociateResponse
                0x000804d5       0x64 /cygdrive/c/2.0.2/libraries/genMac.o
                0x000804d5                _handleAssociateResponse
 .text.handleActiveScanResponse
                0x00080539       0x9e /cygdrive/c/2.0.2/libraries/genMac.o
                0x00080539                _handleActiveScanResponse
 .text.i2cInit  0x000805d7        0xc /cygdrive/c/2.0.2/libraries/i2c.o
                0x000805d7                _i2cInit
 .text.readLux  0x000805e3       0xdd /cygdrive/c/2.0.2/libraries/lightSensor.o
                0x000805e3                _readLux
 .text.lightSensorInit
                0x000806c0      0x19d /cygdrive/c/2.0.2/libraries/lightSensor.o
                0x000806c0                _lightSensorInit
 .text.sendDataToMac
                0x0008085d       0x83 /cygdrive/c/2.0.2/libraries/mac.o
                0x0008085d                _sendDataToMac
 .text.processIncomingMcps
                0x000808e0       0x9d /cygdrive/c/2.0.2/libraries/mac.o
                0x000808e0                _processIncomingMcps
 .text.processIncomingMlme
                0x0008097d       0x29 /cygdrive/c/2.0.2/libraries/mac.o
                0x0008097d                _processIncomingMlme
 .text.getNodeId
                0x000809a6        0xf /cygdrive/c/2.0.2/libraries/node.o
                0x000809a6                _getNodeId
 .text.uart     0x000809b5       0x33 /cygdrive/c/2.0.2/libraries/pcInterface.o
                0x000809b5                _uart
 .text.txCmd    0x000809e8       0x4c /cygdrive/c/2.0.2/libraries/pcInterface.o
                0x000809e8                _txCmd
 .text.updateSTLdb
                0x00080a34       0x32 /cygdrive/c/2.0.2/libraries/pcInterface.o
                0x00080a34                _updateSTLdb
 .text.sendToPcInit
                0x00080a66       0x36 /cygdrive/c/2.0.2/libraries/pcInterface.o
                0x00080a66                _sendToPcInit
 .text.routingTaskHandler
                0x00080a9c        0x3 /cygdrive/c/2.0.2/libraries/routing.o
                0x00080a9c                _routingTaskHandler
 .text.routingHandleError
                0x00080a9f        0x6 /cygdrive/c/2.0.2/libraries/routing.o
                0x00080a9f                _routingHandleError
 .text.routingReceivePacket
                0x00080aa5        0x8 /cygdrive/c/2.0.2/libraries/routing.o
                0x00080aa5                _routingReceivePacket
 .text.MBRhandleError
                0x00080aad        0x6 /cygdrive/c/2.0.2/libraries/routing_mbr.o
                0x00080aad                _MBRhandleError
 .text.MBRreceiveDataPacket
                0x00080ab3       0x75 /cygdrive/c/2.0.2/libraries/routing_mbr.o
                0x00080ab3                _MBRreceiveDataPacket
 .text.tmpReadReady
                0x00080b28       0x2f /cygdrive/c/2.0.2/libraries/tmpSensor.o
                0x00080b28                _tmpReadReady
 .text.readTmp  0x00080b57       0x30 /cygdrive/c/2.0.2/libraries/tmpSensor.o
                0x00080b57                _readTmp
 .text.tmpInit  0x00080b87       0x1d /cygdrive/c/2.0.2/libraries/tmpSensor.o
                0x00080b87                _tmpInit
 .text.userReceiveDataPacket
                0x00080ba4        0x3 /cygdrive/c/2.0.2/AppCode/demo2/read-sensors/output/read-sensors.o
                0x00080ba4                _userReceiveDataPacket
 .text.userCriticalTaskHandler
                0x00080ba7        0x3 /cygdrive/c/2.0.2/AppCode/demo2/read-sensors/output/read-sensors.o
                0x00080ba7                _userCriticalTaskHandler
 .text.userTaskHandler
                0x00080baa       0x35 /cygdrive/c/2.0.2/AppCode/demo2/read-sensors/output/read-sensors.o
                0x00080baa                _userTaskHandler
 .text.startNode
                0x00080bdf       0x26 /cygdrive/c/2.0.2/AppCode/demo2/read-sensors/output/read-sensors.o
                0x00080bdf                _startNode
 .text.AppColdStart
                0x00080c05        0x6 /cygdrive/c/2.0.2/AppCode/demo2/read-sensors/output/main.o
                0x00080c05                _AppColdStart
 .text.AppWarmStart
                0x00080c0b        0x6 /cygdrive/c/2.0.2/AppCode/demo2/read-sensors/output/main.o
                0x00080c0b                _AppWarmStart
 .text.vFifoInit
                0x00080c11       0x14 /cygdrive/c/2.0.2/Lib/sensenuts/libSense_JN516x.a(AppQueueApi.o)
 .text.pvFifoPull
                0x00080c25       0x23 /cygdrive/c/2.0.2/Lib/sensenuts/libSense_JN516x.a(AppQueueApi.o)
 .text.psAppQApiGetMcpsBuffer
                0x00080c48        0xc /cygdrive/c/2.0.2/Lib/sensenuts/libSense_JN516x.a(AppQueueApi.o)
 .text.psAppQApiGetMlmeBuffer
                0x00080c54        0xc /cygdrive/c/2.0.2/Lib/sensenuts/libSense_JN516x.a(AppQueueApi.o)
 .text.psAppQApiReadCritInd
                0x00080c60       0x14 /cygdrive/c/2.0.2/Lib/sensenuts/libSense_JN516x.a(AppQueueApi.o)
                0x00080c60                _psAppQApiReadCritInd
 .text.psAppQApiReadTaskInd
                0x00080c74       0x1a /cygdrive/c/2.0.2/Lib/sensenuts/libSense_JN516x.a(AppQueueApi.o)
                0x00080c74                _psAppQApiReadTaskInd
 .text.psAppQApiReadMcpsInd
                0x00080c8e       0x14 /cygdrive/c/2.0.2/Lib/sensenuts/libSense_JN516x.a(AppQueueApi.o)
                0x00080c8e                _psAppQApiReadMcpsInd
 .text.psAppQApiReadMlmeInd
                0x00080ca2       0x14 /cygdrive/c/2.0.2/Lib/sensenuts/libSense_JN516x.a(AppQueueApi.o)
                0x00080ca2                _psAppQApiReadMlmeInd
 .text.bFifoPush
                0x00080cb6       0x28 /cygdrive/c/2.0.2/Lib/sensenuts/libSense_JN516x.a(AppQueueApi.o)
 .text.vAppQApiReturnCritIndBuffer
                0x00080cde       0xa2 /cygdrive/c/2.0.2/Lib/sensenuts/libSense_JN516x.a(AppQueueApi.o)
                0x00080cde                _vAppQApiReturnCritIndBuffer
 .text.vAppQApiReturnTaskIndBuffer
                0x00080d80       0xae /cygdrive/c/2.0.2/Lib/sensenuts/libSense_JN516x.a(AppQueueApi.o)
                0x00080d80                _vAppQApiReturnTaskIndBuffer
 .text.vAppQApiReturnMcpsIndBuffer
                0x00080e2e       0xa6 /cygdrive/c/2.0.2/Lib/sensenuts/libSense_JN516x.a(AppQueueApi.o)
                0x00080e2e                _vAppQApiReturnMcpsIndBuffer
 .text.vAppQApiReturnMlmeIndBuffer
                0x00080ed4       0xa6 /cygdrive/c/2.0.2/Lib/sensenuts/libSense_JN516x.a(AppQueueApi.o)
                0x00080ed4                _vAppQApiReturnMlmeIndBuffer
 .text.vAppQApiPostTaskInt
                0x00080f7a       0x89 /cygdrive/c/2.0.2/Lib/sensenuts/libSense_JN516x.a(AppQueueApi.o)
                0x00080f7a                _vAppQApiPostTaskInt
 .text.vAppQApiPostMcps
                0x00081003       0x63 /cygdrive/c/2.0.2/Lib/sensenuts/libSense_JN516x.a(AppQueueApi.o)
 .text.vAppQApiPostMlme
                0x00081066       0x63 /cygdrive/c/2.0.2/Lib/sensenuts/libSense_JN516x.a(AppQueueApi.o)
 .text.u32AppQApiInit
                0x000810c9      0x1bc /cygdrive/c/2.0.2/Lib/sensenuts/libSense_JN516x.a(AppQueueApi.o)
                0x000810c9                _u32AppQApiInit
 .text.bigBang  0x00081285       0x50 /cygdrive/c/2.0.2/Lib/sensenuts/libSense_JN516x.a(bigbang.o)
                0x00081285                _bigBang
 .text.clockInit
                0x000812d5       0x4e /cygdrive/c/2.0.2/Lib/sensenuts/libSense_JN516x.a(clock.o)
                0x000812d5                _clockInit
 .text.clockHandler
                0x00081323       0xa7 /cygdrive/c/2.0.2/Lib/sensenuts/libSense_JN516x.a(clock.o)
                0x00081323                _clockHandler
 *fill*         0x000813ca        0x2 00
 .text.findNextSubProcess
                0x000813cc       0x88 /cygdrive/c/2.0.2/Lib/sensenuts/libSense_JN516x.a(scheduler.o)
                0x000813cc                _findNextSubProcess
 .text.findNextRRProcess
                0x00081454       0x7c /cygdrive/c/2.0.2/Lib/sensenuts/libSense_JN516x.a(scheduler.o)
                0x00081454                _findNextRRProcess
 .text.selectSubProcess
                0x000814d0       0x7c /cygdrive/c/2.0.2/Lib/sensenuts/libSense_JN516x.a(scheduler.o)
                0x000814d0                _selectSubProcess
 .text.startRRSch
                0x0008154c       0x8d /cygdrive/c/2.0.2/Lib/sensenuts/libSense_JN516x.a(scheduler.o)
                0x0008154c                _startRRSch
 .text.startScheduler
                0x000815d9        0x6 /cygdrive/c/2.0.2/Lib/sensenuts/libSense_JN516x.a(scheduler.o)
                0x000815d9                _startScheduler
 .text.getPTask
                0x000815df       0x5c /cygdrive/c/2.0.2/Lib/sensenuts/libSense_JN516x.a(task.o)
                0x000815df                _getPTask
 .text.calcMid  0x0008163b       0x1e /cygdrive/c/2.0.2/Lib/sensenuts/libSense_JN516x.a(task.o)
                0x0008163b                _calcMid
 .text.findPos  0x00081659      0x34c /cygdrive/c/2.0.2/Lib/sensenuts/libSense_JN516x.a(task.o)
                0x00081659                _findPos
 .text.addTask  0x000819a5      0x149 /cygdrive/c/2.0.2/Lib/sensenuts/libSense_JN516x.a(task.o)
                0x000819a5                _addTask
 .text.pvAppApiDefGetMacHandle
                0x00081aee        0x9 /cygdrive/c/2.0.2/Lib/Components/Library/libAppApi_JN516x.a(AppApi.o)
                0x00081aee                _pvAppApiDefGetMacHandle
 .text.vAppApiDefSetPrbsSeed
                0x00081af7       0x24 /cygdrive/c/2.0.2/Lib/Components/Library/libAppApi_JN516x.a(AppApi.o)
                0x00081af7                _vAppApiDefSetPrbsSeed
 .text.pvAppApiDefGetMacAddrLocation
                0x00081b1b        0x9 /cygdrive/c/2.0.2/Lib/Components/Library/libAppApi_JN516x.a(AppApi.o)
                0x00081b1b                _pvAppApiDefGetMacAddrLocation
 .text.vAppApiDefSetInterrupts
                0x00081b24       0x3d /cygdrive/c/2.0.2/Lib/Components/Library/libAppApi_JN516x.a(AppApi.o)
                0x00081b24                _vAppApiDefSetInterrupts
 .text.vAppApiDefPowerUp
                0x00081b61       0x26 /cygdrive/c/2.0.2/Lib/Components/Library/libAppApi_JN516x.a(AppApi.o)
                0x00081b61                _vAppApiDefPowerUp
 .text.vAppApiDefStartStack
                0x00081b87       0x51 /cygdrive/c/2.0.2/Lib/Components/Library/libAppApi_JN516x.a(AppApi.o)
                0x00081b87                _vAppApiDefStartStack
 .text.u32AppApiDefInit
                0x00081bd8       0x5a /cygdrive/c/2.0.2/Lib/Components/Library/libAppApi_JN516x.a(AppApi.o)
                0x00081bd8                _u32AppApiDefInit
 .text.eAppApiDefPlmeGet
                0x00081c32       0x33 /cygdrive/c/2.0.2/Lib/Components/Library/libAppApi_JN516x.a(AppApi.o)
                0x00081c32                _eAppApiDefPlmeGet
 .text.vAppApiDefMcpsRequest
                0x00081c65       0x32 /cygdrive/c/2.0.2/Lib/Components/Library/libAppApi_JN516x.a(AppApi.o)
                0x00081c65                _vAppApiDefMcpsRequest
 .text.vAppApiDefMlmeRequest
                0x00081c97       0x32 /cygdrive/c/2.0.2/Lib/Components/Library/libAppApi_JN516x.a(AppApi.o)
                0x00081c97                _vAppApiDefMlmeRequest
 .text.eAppApiDefPlmeSet
                0x00081cc9       0x33 /cygdrive/c/2.0.2/Lib/Components/Library/libAppApi_JN516x.a(AppApi.o)
                0x00081cc9                _eAppApiDefPlmeSet
 .text.vAppApiDefSaveMacSettings
                0x00081cfc       0x5d /cygdrive/c/2.0.2/Lib/Components/Library/libAppApi_JN516x.a(AppApiSleep.o)
                0x00081cfc                _vAppApiDefSaveMacSettings
 .text.vMAC_RestoreSettings
                0x00081d59       0xc8 /cygdrive/c/2.0.2/Lib/Components/Library/libAppApi_JN516x.a(AppApiSleep.o)
                0x00081d59                _vMAC_RestoreSettings
 .text.vAppApiDefRestoreMacSettings
                0x00081e21       0x25 /cygdrive/c/2.0.2/Lib/Components/Library/libAppApi_JN516x.a(AppApiSleep.o)
                0x00081e21                _vAppApiDefRestoreMacSettings
 .text.vSetTimer0
                0x00081e46        0xf /cygdrive/c/2.0.2/Lib/Components/Library/libMac_JN516x.a(mac_main.o)
                0x00081e46                _vSetTimer0
 .text.u32GetTimer0
                0x00081e55        0x7 /cygdrive/c/2.0.2/Lib/Components/Library/libMac_JN516x.a(mac_main.o)
                0x00081e55                _u32GetTimer0
 .text.MAC_vXcvPhyEvtHandler
                0x00081e5c       0x10 /cygdrive/c/2.0.2/Lib/Components/Library/libMac_JN516x.a(mac_main.o)
                0x00081e5c                _MAC_vXcvPhyEvtHandler
 .text.MAC_vXcvBbcEvtHandler
                0x00081e6c       0x20 /cygdrive/c/2.0.2/Lib/Components/Library/libMac_JN516x.a(mac_main.o)
                0x00081e6c                _MAC_vXcvBbcEvtHandler
 .text.mac_vInitTimer0
                0x00081e8c       0x20 /cygdrive/c/2.0.2/Lib/Components/Library/libMac_JN516x.a(mac_main.o)
                0x00081e8c                _mac_vInitTimer0
 .text.MAC_pvCtor
                0x00081eac       0x82 /cygdrive/c/2.0.2/Lib/Components/Library/libMac_JN516x.a(mac_main.o)
                0x00081eac                _MAC_pvCtor
 .text.MAC_vHandleMcpsReqRsp
                0x00081f2e       0x2d /cygdrive/c/2.0.2/Lib/Components/Library/libMac_JN516x.a(mac_mcps.o)
                0x00081f2e                _MAC_vHandleMcpsReqRsp
 .text.vHandleTofRequest
                0x00081f5b       0x12 /cygdrive/c/2.0.2/Lib/Components/Library/libMac_JN516x.a(mac_mlme.o)
 *fill*         0x00081f6d        0x3 00
 .text.MAC_vHandleMlmeReqRsp
                0x00081f70       0xb4 /cygdrive/c/2.0.2/Lib/Components/Library/libMac_JN516x.a(mac_mlme.o)
                0x00081f70                _MAC_vHandleMlmeReqRsp
 .text.MAC_psPibGetHandle
                0x00082024        0x7 /cygdrive/c/2.0.2/Lib/Components/Library/libMac_JN516x.a(mac_pib.o)
                0x00082024                _MAC_psPibGetHandle
 .text.MAC_vPibSetShortAddr
                0x0008202b        0xe /cygdrive/c/2.0.2/Lib/Components/Library/libMac_JN516x.a(mac_pib.o)
                0x0008202b                _MAC_vPibSetShortAddr
 .text.MAC_vPibSetPanId
                0x00082039       0x1b /cygdrive/c/2.0.2/Lib/Components/Library/libMac_JN516x.a(mac_pib.o)
                0x00082039                _MAC_vPibSetPanId
 .text.MAC_vPibSetMinBe
                0x00082054       0x1e /cygdrive/c/2.0.2/Lib/Components/Library/libMac_JN516x.a(mac_pib.o)
                0x00082054                _MAC_vPibSetMinBe
 .text.MAC_vPibSetMaxCsmaBackoffs
                0x00082072       0x21 /cygdrive/c/2.0.2/Lib/Components/Library/libMac_JN516x.a(mac_pib.o)
                0x00082072                _MAC_vPibSetMaxCsmaBackoffs
 .text.MAC_vSetExtAddr
                0x00082093       0x1f /cygdrive/c/2.0.2/Lib/Components/Library/libMac_JN516x.a(mac_pib.o)
                0x00082093                _MAC_vSetExtAddr
 .text.MAC_vPibSetRxOnWhenIdle
                0x000820b2       0x13 /cygdrive/c/2.0.2/Lib/Components/Library/libMac_JN516x.a(mac_pib.o)
                0x000820b2                _MAC_vPibSetRxOnWhenIdle
 .text.MAC_vPibSetPromiscuousMode
                0x000820c5       0x40 /cygdrive/c/2.0.2/Lib/Components/Library/libMac_JN516x.a(mac_pib.o)
                0x000820c5                _MAC_vPibSetPromiscuousMode
 .text.mac_vPibCmpCoordExtAddr
                0x00082105       0x29 /cygdrive/c/2.0.2/Lib/Components/Library/libMac_JN516x.a(mac_pib_mlme.o)
                0x00082105                _mac_vPibCmpCoordExtAddr
 .text.mac_vPibReset
                0x0008212e       0x87 /cygdrive/c/2.0.2/Lib/Components/Library/libMac_JN516x.a(mac_pib_mlme.o)
                0x0008212e                _mac_vPibReset
 .text.mac_vPibSetDefaults
                0x000821b5      0x12e /cygdrive/c/2.0.2/Lib/Components/Library/libMac_JN516x.a(mac_pib_mlme.o)
                0x000821b5                _mac_vPibSetDefaults
 .text.vPMICreset
                0x000822e3        0xd /cygdrive/c/2.0.2/Lib/Components/Library/libMac_JN516x.a(mac_pmic.o)
                0x000822e3                _vPMICreset
 .text.vPMICpostFailedAssocDcfm
                0x000822f0       0x3d /cygdrive/c/2.0.2/Lib/Components/Library/libMac_JN516x.a(mac_pmic.o)
                0x000822f0                _vPMICpostFailedAssocDcfm
 .text.vPMICassocReqTO_2
                0x0008232d       0x1d /cygdrive/c/2.0.2/Lib/Components/Library/libMac_JN516x.a(mac_pmic.o)
 .text.vPMICassocReqFrameReceived
                0x0008234a       0x79 /cygdrive/c/2.0.2/Lib/Components/Library/libMac_JN516x.a(mac_pmic.o)
                0x0008234a                _vPMICassocReqFrameReceived
 .text.vPMICdisassocReceived
                0x000823c3       0x93 /cygdrive/c/2.0.2/Lib/Components/Library/libMac_JN516x.a(mac_pmic.o)
                0x000823c3                _vPMICdisassocReceived
 .text.vPMICassocRespFrameReceived
                0x00082456       0x93 /cygdrive/c/2.0.2/Lib/Components/Library/libMac_JN516x.a(mac_pmic.o)
                0x00082456                _vPMICassocRespFrameReceived
 .text.vPMICassocReqTO_1
                0x000824e9       0x8c /cygdrive/c/2.0.2/Lib/Components/Library/libMac_JN516x.a(mac_pmic.o)
 .text.vPMICdisassociateRequest
                0x00082575       0xf4 /cygdrive/c/2.0.2/Lib/Components/Library/libMac_JN516x.a(mac_pmic.o)
                0x00082575                _vPMICdisassociateRequest
 .text.bPMICdisassocReqSent
                0x00082669       0x83 /cygdrive/c/2.0.2/Lib/Components/Library/libMac_JN516x.a(mac_pmic.o)
 .text.vPMICassociateResponse
                0x000826ec       0xd9 /cygdrive/c/2.0.2/Lib/Components/Library/libMac_JN516x.a(mac_pmic.o)
                0x000826ec                _vPMICassociateResponse
 .text.bAssocRespSent
                0x000827c5       0x1d /cygdrive/c/2.0.2/Lib/Components/Library/libMac_JN516x.a(mac_pmic.o)
 .text.vPMICassociateRequest
                0x000827e2       0xe6 /cygdrive/c/2.0.2/Lib/Components/Library/libMac_JN516x.a(mac_pmic.o)
                0x000827e2                _vPMICassociateRequest
 .text.bPMICassocReqPollSent
                0x000828c8       0x5b /cygdrive/c/2.0.2/Lib/Components/Library/libMac_JN516x.a(mac_pmic.o)
 .text.bPMICassocReqSent
                0x00082923       0x8d /cygdrive/c/2.0.2/Lib/Components/Library/libMac_JN516x.a(mac_pmic.o)
 .text.MAC_vRegisterMlmeDcfmIndCallbacks
                0x000829b0        0xc /cygdrive/c/2.0.2/Lib/Components/Library/libMac_JN516x.a(mac_ind.o)
                0x000829b0                _MAC_vRegisterMlmeDcfmIndCallbacks
 .text.MAC_vRegisterMcpsDcfmIndCallbacks
                0x000829bc        0xc /cygdrive/c/2.0.2/Lib/Components/Library/libMac_JN516x.a(mac_ind.o)
                0x000829bc                _MAC_vRegisterMcpsDcfmIndCallbacks
 .text.mac_psDcfmIndGetBuf
                0x000829c8       0x23 /cygdrive/c/2.0.2/Lib/Components/Library/libMac_JN516x.a(mac_ind.o)
                0x000829c8                _mac_psDcfmIndGetBuf
 .text.mac_eDcfmIndPost
                0x000829eb       0x21 /cygdrive/c/2.0.2/Lib/Components/Library/libMac_JN516x.a(mac_ind.o)
                0x000829eb                _mac_eDcfmIndPost
 .text.eScanHandleEvt
                0x00082a0c       0x2e /cygdrive/c/2.0.2/Lib/Components/Library/libMac_JN516x.a(mac_scan.o)
                0x00082a0c                _eScanHandleEvt
 .text.vScanHandleTimer
                0x00082a3a        0x8 /cygdrive/c/2.0.2/Lib/Components/Library/libMac_JN516x.a(mac_scan.o)
 .text.eGenlIllegal
                0x00082a42        0x7 /cygdrive/c/2.0.2/Lib/Components/Library/libMac_JN516x.a(mac_scan.o)
 .text.eGenlDontCare
                0x00082a49        0x5 /cygdrive/c/2.0.2/Lib/Components/Library/libMac_JN516x.a(mac_scan.o)
 .text.eWEnDEdDone
                0x00082a4e       0x64 /cygdrive/c/2.0.2/Lib/Components/Library/libMac_JN516x.a(mac_scan.o)
 .text.eWEnDTmrExpiry
                0x00082ab2        0xb /cygdrive/c/2.0.2/Lib/Components/Library/libMac_JN516x.a(mac_scan.o)
 .text.mac_eScanHandleXcvBbcEvt
                0x00082abd        0xf /cygdrive/c/2.0.2/Lib/Components/Library/libMac_JN516x.a(mac_scan.o)
                0x00082abd                _mac_eScanHandleXcvBbcEvt
 .text.mac_eScanHandleXcvPhyEvt
                0x00082acc       0x12 /cygdrive/c/2.0.2/Lib/Components/Library/libMac_JN516x.a(mac_scan.o)
                0x00082acc                _mac_eScanHandleXcvPhyEvt
 .text.vSetNextChannel
                0x00082ade       0x4a /cygdrive/c/2.0.2/Lib/Components/Library/libMac_JN516x.a(mac_scan.o)
 .text.mac_vScanHandleMlmeReq
                0x00082b28       0x98 /cygdrive/c/2.0.2/Lib/Components/Library/libMac_JN516x.a(mac_scan.o)
                0x00082b28                _mac_vScanHandleMlmeReq
 .text.mac_eScanInit
                0x00082bc0       0x19 /cygdrive/c/2.0.2/Lib/Components/Library/libMac_JN516x.a(mac_scan.o)
                0x00082bc0                _mac_eScanInit
 .text.vPostDcfm
                0x00082bd9       0xe9 /cygdrive/c/2.0.2/Lib/Components/Library/libMac_JN516x.a(mac_scan.o)
 .text.eWCoRRxDone
                0x00082cc2       0xb7 /cygdrive/c/2.0.2/Lib/Components/Library/libMac_JN516x.a(mac_scan.o)
 .text.eGenTmrExpiry
                0x00082d79       0x4b /cygdrive/c/2.0.2/Lib/Components/Library/libMac_JN516x.a(mac_scan.o)
 .text.eWEDTEdDone
                0x00082dc4       0x1a /cygdrive/c/2.0.2/Lib/Components/Library/libMac_JN516x.a(mac_scan.o)
 .text.eGenRxHdrDone
                0x00082dde       0x13 /cygdrive/c/2.0.2/Lib/Components/Library/libMac_JN516x.a(mac_scan.o)
 .text.eWONTTxDone
                0x00082df1       0x35 /cygdrive/c/2.0.2/Lib/Components/Library/libMac_JN516x.a(mac_scan.o)
 .text.eWBRTTxDone
                0x00082e26       0x21 /cygdrive/c/2.0.2/Lib/Components/Library/libMac_JN516x.a(mac_scan.o)
 .text.eWBcnRxDone
                0x00082e47      0x19e /cygdrive/c/2.0.2/Lib/Components/Library/libMac_JN516x.a(mac_scan.o)
 .text.bSendMacCmd
                0x00082fe5       0x40 /cygdrive/c/2.0.2/Lib/Components/Library/libMac_JN516x.a(mac_scan.o)
 .text.eWChCChanChgd
                0x00083025      0x170 /cygdrive/c/2.0.2/Lib/Components/Library/libMac_JN516x.a(mac_scan.o)
 .text.mac_vLPBAdjustBeaconOffset
                0x00083195       0x5d /cygdrive/c/2.0.2/Lib/Components/Library/libMac_JN516x.a(mac_lp.o)
                0x00083195                _mac_vLPBAdjustBeaconOffset
 .text.mac_u32LPBGetBeaconTimeout
                0x000831f2        0x9 /cygdrive/c/2.0.2/Lib/Components/Library/libMac_JN516x.a(mac_lp.o)
                0x000831f2                _mac_u32LPBGetBeaconTimeout
 .text.MAC_u32ConvertFrom16uS
                0x000831fb       0x41 /cygdrive/c/2.0.2/Lib/Components/Library/libMac_JN516x.a(mac_lp.o)
                0x000831fb                _MAC_u32ConvertFrom16uS
 .text.mac_vLPBSleep
                0x0008323c       0x55 /cygdrive/c/2.0.2/Lib/Components/Library/libMac_JN516x.a(mac_lp.o)
                0x0008323c                _mac_vLPBSleep
 .text.mac_vLPBStopTimer
                0x00083291        0xe /cygdrive/c/2.0.2/Lib/Components/Library/libMac_JN516x.a(mac_lp.o)
                0x00083291                _mac_vLPBStopTimer
 .text.mac_vLPBStartTimer
                0x0008329f       0x88 /cygdrive/c/2.0.2/Lib/Components/Library/libMac_JN516x.a(mac_lp.o)
                0x0008329f                _mac_vLPBStartTimer
 .text.vMCPSframeReceived
                0x00083327       0x5a /cygdrive/c/2.0.2/Lib/Components/Library/libMac_JN516x.a(MCPS.o)
                0x00083327                _vMCPSframeReceived
 .text.bSearchQueue
                0x00083381       0x36 /cygdrive/c/2.0.2/Lib/Components/Library/libMac_JN516x.a(MCPS.o)
 .text.vTAM_MCPSpurgeRequest
                0x000833b7       0x64 /cygdrive/c/2.0.2/Lib/Components/Library/libMac_JN516x.a(MCPS.o)
                0x000833b7                _vTAM_MCPSpurgeRequest
 .text.bMCPSframeTXcomplete
                0x0008341b       0x5a /cygdrive/c/2.0.2/Lib/Components/Library/libMac_JN516x.a(MCPS.o)
 .text.vTAM_MCPSdataRequest
                0x00083475       0x46 /cygdrive/c/2.0.2/Lib/Components/Library/libMac_JN516x.a(MCPS.o)
                0x00083475                _vTAM_MCPSdataRequest
 .text.phy_ePibGet
                0x000834bb       0x34 /cygdrive/c/2.0.2/Lib/Components/Library/libMac_JN516x.a(phy_pib.o)
                0x000834bb                _phy_ePibGet
 .text.u8GetPapValue
                0x000834ef       0x21 /cygdrive/c/2.0.2/Lib/Components/Library/libMac_JN516x.a(phy_pib.o)
 .text.vPhySetChannel
                0x00083510       0x77 /cygdrive/c/2.0.2/Lib/Components/Library/libMac_JN516x.a(phy_pib.o)
                0x00083510                _vPhySetChannel
 .text.phy_ePibSet
                0x00083587       0x90 /cygdrive/c/2.0.2/Lib/Components/Library/libMac_JN516x.a(phy_pib.o)
                0x00083587                _phy_ePibSet
 .text.phy_vPibSetDefaults
                0x00083617       0x2c /cygdrive/c/2.0.2/Lib/Components/Library/libMac_JN516x.a(phy_pib.o)
                0x00083617                _phy_vPibSetDefaults
 .text.bTAMinPAN
                0x00083643       0x19 /cygdrive/c/2.0.2/Lib/Components/Library/libMac_JN516x.a(TAM.o)
                0x00083643                _bTAMinPAN
 .text.eTAMevent
                0x0008365c       0x1a /cygdrive/c/2.0.2/Lib/Components/Library/libMac_JN516x.a(TAM.o)
                0x0008365c                _eTAMevent
 *fill*         0x00083676        0x2 00
 .text.eTAMselect
                0x00083678      0x154 /cygdrive/c/2.0.2/Lib/Components/Library/libMac_JN516x.a(TAM.o)
                0x00083678                _eTAMselect
 .text.vTAM_MLMEsyncRequest
                0x000837cc       0x17 /cygdrive/c/2.0.2/Lib/Components/Library/libMac_JN516x.a(TAM.o)
                0x000837cc                _vTAM_MLMEsyncRequest
 .text.vTAM_MLMEstartRequest
                0x000837e3       0x87 /cygdrive/c/2.0.2/Lib/Components/Library/libMac_JN516x.a(TAM.o)
                0x000837e3                _vTAM_MLMEstartRequest
 .text.vTAMreset
                0x0008386a      0x1f6 /cygdrive/c/2.0.2/Lib/Components/Library/libMac_JN516x.a(TAM.o)
                0x0008386a                _vTAMreset
 .text.vTAMCOsetCoordinator
                0x00083a60       0x29 /cygdrive/c/2.0.2/Lib/Components/Library/libMac_JN516x.a(TAMCO.o)
                0x00083a60                _vTAMCOsetCoordinator
 .text.vTAMCOupdatePendingList
                0x00083a89       0xbb /cygdrive/c/2.0.2/Lib/Components/Library/libMac_JN516x.a(TAMCO.o)
                0x00083a89                _vTAMCOupdatePendingList
 .text.vTAMCOreqTXinCAP
                0x00083b44       0x2f /cygdrive/c/2.0.2/Lib/Components/Library/libMac_JN516x.a(TAMCO.o)
                0x00083b44                _vTAMCOreqTXinCAP
 .text.vTrySendFromDirectNoBeacon
                0x00083b73       0x38 /cygdrive/c/2.0.2/Lib/Components/Library/libMac_JN516x.a(TAMCO.o)
 .text.vTAMCOreqTXnoBeacon
                0x00083bab       0x18 /cygdrive/c/2.0.2/Lib/Components/Library/libMac_JN516x.a(TAMCO.o)
                0x00083bab                _vTAMCOreqTXnoBeacon
 .text.vTAMCOframeRXnobeacon
                0x00083bc3       0x18 /cygdrive/c/2.0.2/Lib/Components/Library/libMac_JN516x.a(TAMCO.o)
                0x00083bc3                _vTAMCOframeRXnobeacon
 .text.vTAMCOframeTXnobeacon
                0x00083bdb       0x1e /cygdrive/c/2.0.2/Lib/Components/Library/libMac_JN516x.a(TAMCO.o)
                0x00083bdb                _vTAMCOframeTXnobeacon
 .text.vTrySendFromDirectCAP
                0x00083bf9       0x25 /cygdrive/c/2.0.2/Lib/Components/Library/libMac_JN516x.a(TAMCO.o)
 .text.vTAMCOframeRXcap
                0x00083c1e       0x18 /cygdrive/c/2.0.2/Lib/Components/Library/libMac_JN516x.a(TAMCO.o)
                0x00083c1e                _vTAMCOframeRXcap
 .text.vTAMCOframeRXgoingIdle
                0x00083c36       0x1c /cygdrive/c/2.0.2/Lib/Components/Library/libMac_JN516x.a(TAMCO.o)
                0x00083c36                _vTAMCOframeRXgoingIdle
 .text.vTAMCOframeTXcap
                0x00083c52       0x30 /cygdrive/c/2.0.2/Lib/Components/Library/libMac_JN516x.a(TAMCO.o)
                0x00083c52                _vTAMCOframeTXcap
 .text.vTAMCOframeTXgoingIdle
                0x00083c82       0x1b /cygdrive/c/2.0.2/Lib/Components/Library/libMac_JN516x.a(TAMCO.o)
                0x00083c82                _vTAMCOframeTXgoingIdle
 .text.vTAMCOint2Fired
                0x00083c9d       0x22 /cygdrive/c/2.0.2/Lib/Components/Library/libMac_JN516x.a(TAMCO.o)
                0x00083c9d                _vTAMCOint2Fired
 .text.vTAMCOframeTXbeacon
                0x00083cbf       0xc9 /cygdrive/c/2.0.2/Lib/Components/Library/libMac_JN516x.a(TAMCO.o)
                0x00083cbf                _vTAMCOframeTXbeacon
 .text.vTAMCOint1Fired
                0x00083d88       0xef /cygdrive/c/2.0.2/Lib/Components/Library/libMac_JN516x.a(TAMCO.o)
                0x00083d88                _vTAMCOint1Fired
 .text.vTAMCOint1FiredCAP
                0x00083e77       0x7f /cygdrive/c/2.0.2/Lib/Components/Library/libMac_JN516x.a(TAMCO.o)
                0x00083e77                _vTAMCOint1FiredCAP
 .text.vTAMCOstartBeacon
                0x00083ef6       0x41 /cygdrive/c/2.0.2/Lib/Components/Library/libMac_JN516x.a(TAMCO.o)
                0x00083ef6                _vTAMCOstartBeacon
 .text.vStartStoreValues
                0x00083f37       0xbc /cygdrive/c/2.0.2/Lib/Components/Library/libMac_JN516x.a(TAMCO.o)
 .text.bStartCallback
                0x00083ff3       0x2f /cygdrive/c/2.0.2/Lib/Components/Library/libMac_JN516x.a(TAMCO.o)
 .text.vTAMCO_MLMEstartRequest
                0x00084022      0x11e /cygdrive/c/2.0.2/Lib/Components/Library/libMac_JN516x.a(TAMCO.o)
                0x00084022                _vTAMCO_MLMEstartRequest
 .text.vTAMCOframeStarting
                0x00084140       0x1e /cygdrive/c/2.0.2/Lib/Components/Library/libMac_JN516x.a(TAMCO.o)
                0x00084140                _vTAMCOframeStarting
 .text.vTAMDEdetermineNullState
                0x0008415e       0x1d /cygdrive/c/2.0.2/Lib/Components/Library/libMac_JN516x.a(TAMDE.o)
                0x0008415e                _vTAMDEdetermineNullState
 .text.vSetPHYfromMacValue
                0x0008417b       0x45 /cygdrive/c/2.0.2/Lib/Components/Library/libMac_JN516x.a(TAMDE.o)
 .text.vTAMDEint1FiredWaitDR
                0x000841c0       0x20 /cygdrive/c/2.0.2/Lib/Components/Library/libMac_JN516x.a(TAMDE.o)
                0x000841c0                _vTAMDEint1FiredWaitDR
 .text.vTAMDEstartSync
                0x000841e0       0x86 /cygdrive/c/2.0.2/Lib/Components/Library/libMac_JN516x.a(TAMDE.o)
                0x000841e0                _vTAMDEstartSync
 .text.vTAMDE_MLMEsyncRequest
                0x00084266       0x30 /cygdrive/c/2.0.2/Lib/Components/Library/libMac_JN516x.a(TAMDE.o)
                0x00084266                _vTAMDE_MLMEsyncRequest
 .text.vTrySendUnslotted
                0x00084296       0x23 /cygdrive/c/2.0.2/Lib/Components/Library/libMac_JN516x.a(TAMDE.o)
 .text.vDeterminePowerState
                0x000842b9       0x98 /cygdrive/c/2.0.2/Lib/Components/Library/libMac_JN516x.a(TAMDE.o)
 .text.vTAMDEreqTXnullTrackingCAP
                0x00084351       0x1c /cygdrive/c/2.0.2/Lib/Components/Library/libMac_JN516x.a(TAMDE.o)
                0x00084351                _vTAMDEreqTXnullTrackingCAP
 .text.vTAMDEint2FiredTrackingDR
                0x0008436d       0x2b /cygdrive/c/2.0.2/Lib/Components/Library/libMac_JN516x.a(TAMDE.o)
                0x0008436d                _vTAMDEint2FiredTrackingDR
 .text.vTAMDEframeTXDEnull
                0x00084398       0x28 /cygdrive/c/2.0.2/Lib/Components/Library/libMac_JN516x.a(TAMDE.o)
                0x00084398                _vTAMDEframeTXDEnull
 .text.vTAMDEframeTXtrackingCAPgts
                0x000843c0       0x34 /cygdrive/c/2.0.2/Lib/Components/Library/libMac_JN516x.a(TAMDE.o)
                0x000843c0                _vTAMDEframeTXtrackingCAPgts
 .text.vTAMDEframeRX
                0x000843f4       0x30 /cygdrive/c/2.0.2/Lib/Components/Library/libMac_JN516x.a(TAMDE.o)
                0x000843f4                _vTAMDEframeRX
 .text.vTAMDEframePreSyncReq
                0x00084424       0x21 /cygdrive/c/2.0.2/Lib/Components/Library/libMac_JN516x.a(TAMDE.o)
                0x00084424                _vTAMDEframePreSyncReq
 .text.bSendDataRequest
                0x00084445      0x113 /cygdrive/c/2.0.2/Lib/Components/Library/libMac_JN516x.a(TAMDE.o)
 .text.vTAMDEframeRXtrackingDR
                0x00084558       0x47 /cygdrive/c/2.0.2/Lib/Components/Library/libMac_JN516x.a(TAMDE.o)
                0x00084558                _vTAMDEframeRXtrackingDR
 .text.vTAMDEint2FiredPollActive
                0x0008459f       0x34 /cygdrive/c/2.0.2/Lib/Components/Library/libMac_JN516x.a(TAMDE.o)
                0x0008459f                _vTAMDEint2FiredPollActive
 .text.vTAMDEframeTXtrackingDR
                0x000845d3       0x6b /cygdrive/c/2.0.2/Lib/Components/Library/libMac_JN516x.a(TAMDE.o)
                0x000845d3                _vTAMDEframeTXtrackingDR
 .text.vTAMDEint1FiredTracking
                0x0008463e       0x6f /cygdrive/c/2.0.2/Lib/Components/Library/libMac_JN516x.a(TAMDE.o)
                0x0008463e                _vTAMDEint1FiredTracking
 .text.vTAMDEint1FiredTrackingCAPgts
                0x000846ad       0xca /cygdrive/c/2.0.2/Lib/Components/Library/libMac_JN516x.a(TAMDE.o)
                0x000846ad                _vTAMDEint1FiredTrackingCAPgts
 .text.vTAMDEint1FiredTrackingBeacon
                0x00084777       0xa7 /cygdrive/c/2.0.2/Lib/Components/Library/libMac_JN516x.a(TAMDE.o)
                0x00084777                _vTAMDEint1FiredTrackingBeacon
 .text.bProcessBeaconRX
                0x0008481e       0xe6 /cygdrive/c/2.0.2/Lib/Components/Library/libMac_JN516x.a(TAMDE.o)
 .text.vTAMDEframeRXsyncReq
                0x00084904      0x26c /cygdrive/c/2.0.2/Lib/Components/Library/libMac_JN516x.a(TAMDE.o)
                0x00084904                _vTAMDEframeRXsyncReq
 .text.vTAMDEint1FiredSyncReq
                0x00084b70       0x7b /cygdrive/c/2.0.2/Lib/Components/Library/libMac_JN516x.a(TAMDE.o)
                0x00084b70                _vTAMDEint1FiredSyncReq
 .text.pvMEMget
                0x00084beb       0x27 /cygdrive/c/2.0.2/Lib/Components/Library/libMac_JN516x.a(TAM_MEM.o)
                0x00084beb                _pvMEMget
 .text.vMEMreturn
                0x00084c12       0x6a /cygdrive/c/2.0.2/Lib/Components/Library/libMac_JN516x.a(TAM_MEM.o)
                0x00084c12                _vMEMreturn
 .text.vMEMreset
                0x00084c7c       0x70 /cygdrive/c/2.0.2/Lib/Components/Library/libMac_JN516x.a(TAM_MEM.o)
                0x00084c7c                _vMEMreset
 .text.vMLMErxEnableConfirm
                0x00084cec       0x37 /cygdrive/c/2.0.2/Lib/Components/Library/libMac_JN516x.a(TAM_MLME.o)
                0x00084cec                _vMLMErxEnableConfirm
 .text.vMLMEcommStatus
                0x00084d23       0x6e /cygdrive/c/2.0.2/Lib/Components/Library/libMac_JN516x.a(TAM_MLME.o)
                0x00084d23                _vMLMEcommStatus
 .text.vMLMEcommStatusFromFrame
                0x00084d91       0x47 /cygdrive/c/2.0.2/Lib/Components/Library/libMac_JN516x.a(TAM_MLME.o)
                0x00084d91                _vMLMEcommStatusFromFrame
 .text.vMLMEsyncLoss
                0x00084dd8       0x38 /cygdrive/c/2.0.2/Lib/Components/Library/libMac_JN516x.a(TAM_MLME.o)
                0x00084dd8                _vMLMEsyncLoss
 .text.vMLMEbeaconNotify
                0x00084e10      0x17c /cygdrive/c/2.0.2/Lib/Components/Library/libMac_JN516x.a(TAM_MLME.o)
                0x00084e10                _vMLMEbeaconNotify
 .text.vTAHsetCutOff
                0x00084f8c        0xa /cygdrive/c/2.0.2/Lib/Components/Library/libMac_JN516x.a(TAM_TAH.o)
                0x00084f8c                _vTAHsetCutOff
 .text.vTAHsetSyncLock
                0x00084f96       0x18 /cygdrive/c/2.0.2/Lib/Components/Library/libMac_JN516x.a(TAM_TAH.o)
                0x00084f96                _vTAHsetSyncLock
 .text.vTAHsetPhyStateDirect
                0x00084fae       0x33 /cygdrive/c/2.0.2/Lib/Components/Library/libMac_JN516x.a(TAM_TAH.o)
                0x00084fae                _vTAHsetPhyStateDirect
 .text.vTAHsetPhyState
                0x00084fe1       0x35 /cygdrive/c/2.0.2/Lib/Components/Library/libMac_JN516x.a(TAM_TAH.o)
                0x00084fe1                _vTAHsetPhyState
 .text.vTAIdisableInterrupt
                0x00085016       0x10 /cygdrive/c/2.0.2/Lib/Components/Library/libMac_JN516x.a(TAM_TAI.o)
                0x00085016                _vTAIdisableInterrupt
 .text.vTAIsetRxEnableTime
                0x00085026       0x1d /cygdrive/c/2.0.2/Lib/Components/Library/libMac_JN516x.a(TAM_TAI.o)
                0x00085026                _vTAIsetRxEnableTime
 .text.vTAIsetCapTime
                0x00085043       0x1d /cygdrive/c/2.0.2/Lib/Components/Library/libMac_JN516x.a(TAM_TAI.o)
                0x00085043                _vTAIsetCapTime
 .text.eTATreadTXstatus
                0x00085060       0x46 /cygdrive/c/2.0.2/Lib/Components/Library/libMac_JN516x.a(TAM_TAT.o)
                0x00085060                _eTATreadTXstatus
 .text.vTATgetFrameAddress
                0x000850a6       0x20 /cygdrive/c/2.0.2/Lib/Components/Library/libMac_JN516x.a(TAM_TAT.o)
                0x000850a6                _vTATgetFrameAddress
 .text.vTATgetFramePayload
                0x000850c6       0x1d /cygdrive/c/2.0.2/Lib/Components/Library/libMac_JN516x.a(TAM_TAT.o)
                0x000850c6                _vTATgetFramePayload
 .text.vTATsetBLE
                0x000850e3       0x3e /cygdrive/c/2.0.2/Lib/Components/Library/libMac_JN516x.a(TAM_TAT.o)
                0x000850e3                _vTATsetBLE
 .text.vTATwriteAclMaterialToHardware
                0x00085121       0x2c /cygdrive/c/2.0.2/Lib/Components/Library/libMac_JN516x.a(TAM_TAT.o)
                0x00085121                _vTATwriteAclMaterialToHardware
 .text.bIsBbcSafeForTx
                0x0008514d       0x2d /cygdrive/c/2.0.2/Lib/Components/Library/libMac_JN516x.a(TAM_TAT.o)
                0x0008514d                _bIsBbcSafeForTx
 .text.vTATstartReceiveAt
                0x0008517a       0x1e /cygdrive/c/2.0.2/Lib/Components/Library/libMac_JN516x.a(TAM_TAT.o)
                0x0008517a                _vTATstartReceiveAt
 .text.vWriteFrame
                0x00085198       0x7d /cygdrive/c/2.0.2/Lib/Components/Library/libMac_JN516x.a(TAM_TAT.o)
 .text.bTATsendFrame
                0x00085215       0x5a /cygdrive/c/2.0.2/Lib/Components/Library/libMac_JN516x.a(TAM_TAT.o)
                0x00085215                _bTATsendFrame
 .text.bTATsendFrameAt
                0x0008526f       0x48 /cygdrive/c/2.0.2/Lib/Components/Library/libMac_JN516x.a(TAM_TAT.o)
                0x0008526f                _bTATsendFrameAt
 .text.bTACassessBeaconForPayload
                0x000852b7       0x4c /cygdrive/c/2.0.2/Lib/Components/Library/libMac_JN516x.a(TAMcommon.o)
                0x000852b7                _bTACassessBeaconForPayload
 .text.bTACframeInProgress
                0x00085303       0x27 /cygdrive/c/2.0.2/Lib/Components/Library/libMac_JN516x.a(TAMcommon.o)
                0x00085303                _bTACframeInProgress
 .text.vTACu16ToPayloadM
                0x0008532a        0xc /cygdrive/c/2.0.2/Lib/Components/Library/libMac_JN516x.a(TAMcommon.o)
                0x0008532a                _vTACu16ToPayloadM
 .text.vTACu32ToPayloadM
                0x00085336       0x18 /cygdrive/c/2.0.2/Lib/Components/Library/libMac_JN516x.a(TAMcommon.o)
                0x00085336                _vTACu32ToPayloadM
 .text.u16TACpayloadToU16M
                0x0008534e        0xf /cygdrive/c/2.0.2/Lib/Components/Library/libMac_JN516x.a(TAMcommon.o)
                0x0008534e                _u16TACpayloadToU16M
 .text.u32TACpayloadToU32M
                0x0008535d       0x23 /cygdrive/c/2.0.2/Lib/Components/Library/libMac_JN516x.a(TAMcommon.o)
                0x0008535d                _u32TACpayloadToU32M
 .text.u8TACgetHeaderSize
                0x00085380       0x26 /cygdrive/c/2.0.2/Lib/Components/Library/libMac_JN516x.a(TAMcommon.o)
                0x00085380                _u8TACgetHeaderSize
 .text.vTACsetTxFrameDefaults
                0x000853a6       0x2a /cygdrive/c/2.0.2/Lib/Components/Library/libMac_JN516x.a(TAMcommon.o)
                0x000853a6                _vTACsetTxFrameDefaults
 .text.vTACcheckPollResponse
                0x000853d0       0x37 /cygdrive/c/2.0.2/Lib/Components/Library/libMac_JN516x.a(TAMcommon.o)
                0x000853d0                _vTACcheckPollResponse
 .text.bUpdateTime
                0x00085407       0x46 /cygdrive/c/2.0.2/Lib/Components/Library/libMac_JN516x.a(TAMcommon.o)
 .text.vTACbuildBeacon
                0x0008544d      0x257 /cygdrive/c/2.0.2/Lib/Components/Library/libMac_JN516x.a(TAMcommon.o)
                0x0008544d                _vTACbuildBeacon
 .text.vTACsetFramePending
                0x000856a4       0x3f /cygdrive/c/2.0.2/Lib/Components/Library/libMac_JN516x.a(TAMcommon.o)
                0x000856a4                _vTACsetFramePending
 .text.vTACsetPHYfromMacValue
                0x000856e3       0x2b /cygdrive/c/2.0.2/Lib/Components/Library/libMac_JN516x.a(TAMcommon.o)
                0x000856e3                _vTACsetPHYfromMacValue
 .text.bTACcheckPANconflict
                0x0008570e       0xa8 /cygdrive/c/2.0.2/Lib/Components/Library/libMac_JN516x.a(TAMcommon.o)
                0x0008570e                _bTACcheckPANconflict
 .text.bTACprocessUnexpectedBeacon
                0x000857b6       0x6d /cygdrive/c/2.0.2/Lib/Components/Library/libMac_JN516x.a(TAMcommon.o)
                0x000857b6                _bTACprocessUnexpectedBeacon
 .text.bSendSyncLoss
                0x00085823       0x1e /cygdrive/c/2.0.2/Lib/Components/Library/libMac_JN516x.a(TAMcommon.o)
 .text.vTACinformOriginator
                0x00085841       0x26 /cygdrive/c/2.0.2/Lib/Components/Library/libMac_JN516x.a(TAMcommon.o)
                0x00085841                _vTACinformOriginator
 .text.vTACintRXheader
                0x00085867       0x98 /cygdrive/c/2.0.2/Lib/Components/Library/libMac_JN516x.a(TAMcommon.o)
                0x00085867                _vTACintRXheader
 .text.bTACprocessFrameRXcomplete
                0x000858ff      0x231 /cygdrive/c/2.0.2/Lib/Components/Library/libMac_JN516x.a(TAMcommon.o)
                0x000858ff                _bTACprocessFrameRXcomplete
 .text.eTACprocessFrameTXcomplete
                0x00085b30      0x17c /cygdrive/c/2.0.2/Lib/Components/Library/libMac_JN516x.a(TAMcommon.o)
                0x00085b30                _eTACprocessFrameTXcomplete
 .text.vTAMinsertEvent
                0x00085cac       0x6c /cygdrive/c/2.0.2/Lib/Components/Library/libMac_JN516x.a(TAMevent.o)
                0x00085cac                _vTAMinsertEvent
 .text.vTAM_TxRetryTimeout
                0x00085d18        0x8 /cygdrive/c/2.0.2/Lib/Components/Library/libMac_JN516x.a(TAMevent.o)
                0x00085d18                _vTAM_TxRetryTimeout
 .text.vTAM_QueueTxEvent
                0x00085d20       0x11 /cygdrive/c/2.0.2/Lib/Components/Library/libMac_JN516x.a(TAMevent.o)
                0x00085d20                _vTAM_QueueTxEvent
 .text.vTAM_CancelTxRetryTimer
                0x00085d31        0xf /cygdrive/c/2.0.2/Lib/Components/Library/libMac_JN516x.a(TAMevent.o)
                0x00085d31                _vTAM_CancelTxRetryTimer
 .text.vTAM_TxRetryTimer
                0x00085d40       0x13 /cygdrive/c/2.0.2/Lib/Components/Library/libMac_JN516x.a(TAMevent.o)
                0x00085d40                _vTAM_TxRetryTimer
 .text.vTAQaddToFifo
                0x00085d53       0x1a /cygdrive/c/2.0.2/Lib/Components/Library/libMac_JN516x.a(TAMqueue.o)
                0x00085d53                _vTAQaddToFifo
 .text.bTAQremoveFromFifo
                0x00085d6d       0x3d /cygdrive/c/2.0.2/Lib/Components/Library/libMac_JN516x.a(TAMqueue.o)
                0x00085d6d                _bTAQremoveFromFifo
 .text.vTAQresetFifo
                0x00085daa        0x9 /cygdrive/c/2.0.2/Lib/Components/Library/libMac_JN516x.a(TAMqueue.o)
                0x00085daa                _vTAQresetFifo
 .text.psTAQsearchFifoForHandle
                0x00085db3       0x18 /cygdrive/c/2.0.2/Lib/Components/Library/libMac_JN516x.a(TAMqueue.o)
                0x00085db3                _psTAQsearchFifoForHandle
 .text.psTAQsearchFifo
                0x00085dcb       0x46 /cygdrive/c/2.0.2/Lib/Components/Library/libMac_JN516x.a(TAMqueue.o)
                0x00085dcb                _psTAQsearchFifo
 .text.vDoGoOff
                0x00085e11       0x1a /cygdrive/c/2.0.2/Lib/Components/Library/libMac_JN516x.a(TAMrxEnable.o)
 .text.vDoGoActive
                0x00085e2b       0x28 /cygdrive/c/2.0.2/Lib/Components/Library/libMac_JN516x.a(TAMrxEnable.o)
 .text.vTAM_MLMErxEnableRequest
                0x00085e53       0xc8 /cygdrive/c/2.0.2/Lib/Components/Library/libMac_JN516x.a(TAMrxEnable.o)
                0x00085e53                _vTAM_MLMErxEnableRequest
 .text.vTAMRXEsetReceiveForPibChange
                0x00085f1b       0x33 /cygdrive/c/2.0.2/Lib/Components/Library/libMac_JN516x.a(TAMrxEnable.o)
                0x00085f1b                _vTAMRXEsetReceiveForPibChange
 .text.vTAMRXEsetPhy
                0x00085f4e       0xb6 /cygdrive/c/2.0.2/Lib/Components/Library/libMac_JN516x.a(TAMrxEnable.o)
                0x00085f4e                _vTAMRXEsetPhy
 .text.vTAMRXEint2Fired
                0x00086004       0x42 /cygdrive/c/2.0.2/Lib/Components/Library/libMac_JN516x.a(TAMrxEnable.o)
                0x00086004                _vTAMRXEint2Fired
 .text.bSecurityLevelCheckingAlgorithm
                0x00086046       0x25 /cygdrive/c/2.0.2/Lib/Components/Library/libMac_JN516x.a(TAMsecurity.o)
 .text.u8TSCframeIncrease
                0x0008606b        0xf /cygdrive/c/2.0.2/Lib/Components/Library/libMac_JN516x.a(TAMsecurity.o)
                0x0008606b                _u8TSCframeIncrease
 .text.vTSCsetUpwardSecurity
                0x0008607a       0x15 /cygdrive/c/2.0.2/Lib/Components/Library/libMac_JN516x.a(TAMsecurity.o)
                0x0008607a                _vTSCsetUpwardSecurity
 .text.vCopyToDataFromMacAddr
                0x0008608f       0x33 /cygdrive/c/2.0.2/Lib/Components/Library/libMac_JN516x.a(TAMsecurity.o)
 .text.vTSCpostTransmitUpdate
                0x000860c2       0x3b /cygdrive/c/2.0.2/Lib/Components/Library/libMac_JN516x.a(TAMsecurity.o)
                0x000860c2                _vTSCpostTransmitUpdate
 .text.vTSCsetOutgoingInfo
                0x000860fd      0x158 /cygdrive/c/2.0.2/Lib/Components/Library/libMac_JN516x.a(TAMsecurity.o)
                0x000860fd                _vTSCsetOutgoingInfo
 .text.vMAC_RetrieveSecurityInfoFromFrame
                0x00086255       0x92 /cygdrive/c/2.0.2/Lib/Components/Library/libMac_JN516x.a(TAMsecurity.o)
                0x00086255                _vMAC_RetrieveSecurityInfoFromFrame
 .text.MAC_bLookUpKeyDescriptor
                0x000862e7       0x7f /cygdrive/c/2.0.2/Lib/Components/Library/libMac_JN516x.a(TAMsecurity.o)
 .text.bTSCgetOutgoingInfo2003
                0x00086366       0x21 /cygdrive/c/2.0.2/Lib/Components/Library/libMac_JN516x.a(TAMsecurity.o)
                0x00086366                _bTSCgetOutgoingInfo2003
 .text.bTSCgetOutgoingInfo
                0x00086387      0x11c /cygdrive/c/2.0.2/Lib/Components/Library/libMac_JN516x.a(TAMsecurity.o)
                0x00086387                _bTSCgetOutgoingInfo
 .text.vTSCgetIncomingInfo
                0x000864a3       0xc6 /cygdrive/c/2.0.2/Lib/Components/Library/libMac_JN516x.a(TAMsecurity.o)
                0x000864a3                _vTSCgetIncomingInfo
 .text.bTSCcheckIncomingFrame
                0x00086569      0x689 /cygdrive/c/2.0.2/Lib/Components/Library/libMac_JN516x.a(TAMsecurity.o)
                0x00086569                _bTSCcheckIncomingFrame
 .text.vTAStidyUpAfterFrameTX
                0x00086bf2       0x26 /cygdrive/c/2.0.2/Lib/Components/Library/libMac_JN516x.a(TAMsideways.o)
                0x00086bf2                _vTAStidyUpAfterFrameTX
 .text.bTASsendCommStatusInd
                0x00086c18       0x1b /cygdrive/c/2.0.2/Lib/Components/Library/libMac_JN516x.a(TAMsideways.o)
                0x00086c18                _bTASsendCommStatusInd
 .text.vTASretrieveSecurity
                0x00086c33       0x24 /cygdrive/c/2.0.2/Lib/Components/Library/libMac_JN516x.a(TAMsideways.o)
                0x00086c33                _vTASretrieveSecurity
 .text.vTASretrieveFrame
                0x00086c57       0x88 /cygdrive/c/2.0.2/Lib/Components/Library/libMac_JN516x.a(TAMsideways.o)
                0x00086c57                _vTASretrieveFrame
 .text.eTAStransmitRequest
                0x00086cdf      0x3e3 /cygdrive/c/2.0.2/Lib/Components/Library/libMac_JN516x.a(TAMsideways.o)
                0x00086cdf                _eTAStransmitRequest
 .text.vTTIBLETimerExpired
                0x000870c2        0xb /cygdrive/c/2.0.2/Lib/Components/Library/libMac_JN516x.a(TAMtime.o)
                0x000870c2                _vTTIBLETimerExpired
 .text.vTTITimer2Expired
                0x000870cd        0x8 /cygdrive/c/2.0.2/Lib/Components/Library/libMac_JN516x.a(TAMtime.o)
                0x000870cd                _vTTITimer2Expired
 .text.vTTITimer1Expired
                0x000870d5        0x8 /cygdrive/c/2.0.2/Lib/Components/Library/libMac_JN516x.a(TAMtime.o)
                0x000870d5                _vTTITimer1Expired
 .text.vTTITransactionTimerExpired
                0x000870dd       0x2f /cygdrive/c/2.0.2/Lib/Components/Library/libMac_JN516x.a(TAMtime.o)
                0x000870dd                _vTTITransactionTimerExpired
 .text.vCmdWaitBusy
                0x0008710c        0xd /cygdrive/c/2.0.2/Lib/Components/Library/libMac_JN516x.a(TAM_AES.o)
 .text.vEcbEncodeStripe
                0x00087119       0x55 /cygdrive/c/2.0.2/Lib/Components/Library/libMac_JN516x.a(TAM_AES.o)
 .text.vFromU16ToLe
                0x0008716e        0xc /cygdrive/c/2.0.2/Lib/Components/Library/libMac_JN516x.a(TAM_AES.o)
 .text.vFromU32ToLe
                0x0008717a       0x18 /cygdrive/c/2.0.2/Lib/Components/Library/libMac_JN516x.a(TAM_AES.o)
 .text.u8TAM_AES_WriteAuxilliarySecurityHeaderIntoBuffer
                0x00087192       0x6a /cygdrive/c/2.0.2/Lib/Components/Library/libMac_JN516x.a(TAM_AES.o)
                0x00087192                _u8TAM_AES_WriteAuxilliarySecurityHeaderIntoBuffer
 .text.u8Write802_15_4HeaderIntoBuffer
                0x000871fc      0x110 /cygdrive/c/2.0.2/Lib/Components/Library/libMac_JN516x.a(TAM_AES.o)
 .text.vWrite802_15_4NonceIntoBuffer
                0x0008730c       0x4a /cygdrive/c/2.0.2/Lib/Components/Library/libMac_JN516x.a(TAM_AES.o)
 .text.vTAM_AES_OptimisedCcmStar
                0x00087356      0x244 /cygdrive/c/2.0.2/Lib/Components/Library/libMac_JN516x.a(TAM_AES.o)
                0x00087356                _vTAM_AES_OptimisedCcmStar
 .text.bTAM_AES_CCMstarPatch2006
                0x0008759a       0xf4 /cygdrive/c/2.0.2/Lib/Components/Library/libMac_JN516x.a(TAM_AES.o)
                0x0008759a                _bTAM_AES_CCMstarPatch2006
 .text.bTAM_AES_CCMstarPatch
                0x0008768e       0xfe /cygdrive/c/2.0.2/Lib/Components/Library/libMac_JN516x.a(TAM_AES.o)
                0x0008768e                _bTAM_AES_CCMstarPatch
 .text.MAC_u8AclFindInfo
                0x0008778c      0x118 /cygdrive/c/2.0.2/Lib/Components/Library/libMac_JN516x.a(mac_acl.o)
                0x0008778c                _MAC_u8AclFindInfo
 .text.vMAC_MISCorphanReceived
                0x000878a4       0x4f /cygdrive/c/2.0.2/Lib/Components/Library/libMac_JN516x.a(mac_misc.o)
                0x000878a4                _vMAC_MISCorphanReceived
 .text.vMAC_MISCpollConfirm
                0x000878f3       0x35 /cygdrive/c/2.0.2/Lib/Components/Library/libMac_JN516x.a(mac_misc.o)
                0x000878f3                _vMAC_MISCpollConfirm
 .text.vMAC_MISCpollRequest
                0x00087928       0xbe /cygdrive/c/2.0.2/Lib/Components/Library/libMac_JN516x.a(mac_misc.o)
                0x00087928                _vMAC_MISCpollRequest
 .text.vMAC_MISCorphanResponse
                0x000879e6       0xc4 /cygdrive/c/2.0.2/Lib/Components/Library/libMac_JN516x.a(mac_misc.o)
                0x000879e6                _vMAC_MISCorphanResponse
 .text.bPollReqSent
                0x00087aaa       0x1e /cygdrive/c/2.0.2/Lib/Components/Library/libMac_JN516x.a(mac_misc.o)
 .text.vUpdateRegisters
                0x00087ac8       0x4b /cygdrive/c/2.0.2/Lib/Components/Library/libXcv_JN516x.a(xcv_main.o)
 .text.XCV_vCtor
                0x00087b13      0x1ae /cygdrive/c/2.0.2/Lib/Components/Library/libXcv_JN516x.a(xcv_main.o)
                0x00087b13                _XCV_vCtor
 .text.XCV_vDevWriteIER
                0x00087cc1        0xa /cygdrive/c/2.0.2/Lib/Components/Library/libXcv_JN516x.a(xcv_access.o)
                0x00087cc1                _XCV_vDevWriteIER
 .text.XCV_vDevRMW_IER
                0x00087ccb       0x19 /cygdrive/c/2.0.2/Lib/Components/Library/libXcv_JN516x.a(xcv_access.o)
                0x00087ccb                _XCV_vDevRMW_IER
 .text.vXCV_IntHandlerBbc
                0x00087ce4       0x62 /cygdrive/c/2.0.2/Lib/Components/Library/libXcv_JN516x.a(xcv_isr.o)
                0x00087ce4                _vXCV_IntHandlerBbc
 .text.vXCV_IntHandlerPhy
                0x00087d46       0xab /cygdrive/c/2.0.2/Lib/Components/Library/libXcv_JN516x.a(xcv_isr.o)
                0x00087d46                _vXCV_IntHandlerPhy
 .text.TSV_eInit
                0x00087df1       0x1d /cygdrive/c/2.0.2/Lib/Components/Library/libTimerServer_JN516x.a(tsv_main.o)
                0x00087df1                _TSV_eInit
 .text.TSV_eOpen
                0x00087e0e        0x8 /cygdrive/c/2.0.2/Lib/Components/Library/libTimerServer_JN516x.a(tsv_main.o)
                0x00087e0e                _TSV_eOpen
 .text.psRemove
                0x00087e16       0x47 /cygdrive/c/2.0.2/Lib/Components/Library/libTimerServer_JN516x.a(tsv_main.o)
 .text.vExpireHead
                0x00087e5d       0x31 /cygdrive/c/2.0.2/Lib/Components/Library/libTimerServer_JN516x.a(tsv_main.o)
 .text.TSV_eExpireProc
                0x00087e8e       0x2b /cygdrive/c/2.0.2/Lib/Components/Library/libTimerServer_JN516x.a(tsv_main.o)
                0x00087e8e                _TSV_eExpireProc
 .text.TSV_eStart
                0x00087eb9       0xcf /cygdrive/c/2.0.2/Lib/Components/Library/libTimerServer_JN516x.a(tsv_main.o)
                0x00087eb9                _TSV_eStart
 .text.TSV_eStop
                0x00087f88       0x79 /cygdrive/c/2.0.2/Lib/Components/Library/libTimerServer_JN516x.a(tsv_main.o)
                0x00087f88                _TSV_eStop
 .text.vAHI_IntHandlerAnalogPeriph
                0x00088001       0x20 /cygdrive/c/2.0.2/Lib/Components/Library/libHardwareApi_JN516x.a(AHI_Analogue.o)
                0x00088001                _vAHI_IntHandlerAnalogPeriph
 .text.vAHI_DioSetDirection
                0x00088021       0x14 /cygdrive/c/2.0.2/Lib/Components/Library/libHardwareApi_JN516x.a(AHI_Dio.o)
                0x00088021                _vAHI_DioSetDirection
 .text.vAHI_DioSetOutput
                0x00088035       0x14 /cygdrive/c/2.0.2/Lib/Components/Library/libHardwareApi_JN516x.a(AHI_Dio.o)
                0x00088035                _vAHI_DioSetOutput
 .text.vAHI_DioSetPullup
                0x00088049       0x20 /cygdrive/c/2.0.2/Lib/Components/Library/libHardwareApi_JN516x.a(AHI_Dio.o)
                0x00088049                _vAHI_DioSetPullup
 .text.u32AHI_Init
                0x00088069       0xc5 /cygdrive/c/2.0.2/Lib/Components/Library/libHardwareApi_JN516x.a(AHI_Init.o)
                0x00088069                _u32AHI_Init
 .text          0x0008812e       0x27 /cygdrive/c/2.0.2/Lib/Components/Library/libHardwareApi_JN516x.a(AHI_Interrupt.o)
                0x0008814c                _vAHI_InterruptSetActivePriorityLevel
                0x0008812e                _vAHI_InterruptSetPriority
 .text.vAHI_SwReset
                0x00088155        0x9 /cygdrive/c/2.0.2/Lib/Components/Library/libHardwareApi_JN516x.a(AHI_Reset.o)
                0x00088155                _vAHI_SwReset
 .text.vAHI_SiMasterConfigure
                0x0008815e       0x43 /cygdrive/c/2.0.2/Lib/Components/Library/libHardwareApi_JN516x.a(AHI_Si.o)
                0x0008815e                _vAHI_SiMasterConfigure
 .text.bAHI_SiMasterSetCmdReg
                0x000881a1       0x4f /cygdrive/c/2.0.2/Lib/Components/Library/libHardwareApi_JN516x.a(AHI_Si.o)
                0x000881a1                _bAHI_SiMasterSetCmdReg
 .text.vAHI_SiMasterWriteData8
                0x000881f0        0x7 /cygdrive/c/2.0.2/Lib/Components/Library/libHardwareApi_JN516x.a(AHI_Si.o)
                0x000881f0                _vAHI_SiMasterWriteData8
 .text.u8AHI_SiMasterReadData8
                0x000881f7        0xa /cygdrive/c/2.0.2/Lib/Components/Library/libHardwareApi_JN516x.a(AHI_Si.o)
                0x000881f7                _u8AHI_SiMasterReadData8
 .text.vAHI_SiMasterWriteSlaveAddr
                0x00088201       0x19 /cygdrive/c/2.0.2/Lib/Components/Library/libHardwareApi_JN516x.a(AHI_Si.o)
                0x00088201                _vAHI_SiMasterWriteSlaveAddr
 .text.bAHI_SiMasterPollTransferInProgress
                0x0008821a        0xd /cygdrive/c/2.0.2/Lib/Components/Library/libHardwareApi_JN516x.a(AHI_Si.o)
                0x0008821a                _bAHI_SiMasterPollTransferInProgress
 .text.vAHI_IntHandlerSi
                0x00088227       0x45 /cygdrive/c/2.0.2/Lib/Components/Library/libHardwareApi_JN516x.a(AHI_Si.o)
                0x00088227                _vAHI_IntHandlerSi
 .text.vAHI_IntHandlerSpiMaster
                0x0008826c       0x26 /cygdrive/c/2.0.2/Lib/Components/Library/libHardwareApi_JN516x.a(AHI_Spi.o)
                0x0008826c                _vAHI_IntHandlerSpiMaster
 .text.u8AHI_PowerStatus
                0x00088292        0xa /cygdrive/c/2.0.2/Lib/Components/Library/libHardwareApi_JN516x.a(AHI_System.o)
                0x00088292                _u8AHI_PowerStatus
 .text.vAHI_ProtocolPower
                0x0008829c       0x17 /cygdrive/c/2.0.2/Lib/Components/Library/libHardwareApi_JN516x.a(AHI_System.o)
                0x0008829c                _vAHI_ProtocolPower
 .text.vAHI_CpuDoze
                0x000882b3       0x13 /cygdrive/c/2.0.2/Lib/Components/Library/libHardwareApi_JN516x.a(AHI_System.o)
                0x000882b3                _vAHI_CpuDoze
 .text.vAHI_WatchdogStop
                0x000882c6       0x17 /cygdrive/c/2.0.2/Lib/Components/Library/libHardwareApi_JN516x.a(AHI_System.o)
                0x000882c6                _vAHI_WatchdogStop
 .text.bAHI_GetClkSource
                0x000882dd        0xd /cygdrive/c/2.0.2/Lib/Components/Library/libHardwareApi_JN516x.a(AHI_System.o)
                0x000882dd                _bAHI_GetClkSource
 .text.vAHI_OptimiseWaitStates
                0x000882ea       0x49 /cygdrive/c/2.0.2/Lib/Components/Library/libHardwareApi_JN516x.a(AHI_System.o)
                0x000882ea                _vAHI_OptimiseWaitStates
 .text.vAHI_SetWaitStateToChangingClockSourceAndSpeed
                0x00088333       0x67 /cygdrive/c/2.0.2/Lib/Components/Library/libHardwareApi_JN516x.a(AHI_System.o)
 .text.vPollClkSource
                0x0008839a       0x15 /cygdrive/c/2.0.2/Lib/Components/Library/libHardwareApi_JN516x.a(AHI_System.o)
 .text.bAHI_SetClockRate
                0x000883af       0x51 /cygdrive/c/2.0.2/Lib/Components/Library/libHardwareApi_JN516x.a(AHI_System.o)
                0x000883af                _bAHI_SetClockRate
 .text.vAHI_MemoryHold
                0x00088400       0x48 /cygdrive/c/2.0.2/Lib/Components/Library/libHardwareApi_JN516x.a(AHI_System.o)
 .text.bAHI_Clock32MHzStable
                0x00088448        0xd /cygdrive/c/2.0.2/Lib/Components/Library/libHardwareApi_JN516x.a(AHI_System.o)
                0x00088448                _bAHI_Clock32MHzStable
 .text.vAHI_IntHandlerSysCtrl
                0x00088455       0x3d /cygdrive/c/2.0.2/Lib/Components/Library/libHardwareApi_JN516x.a(AHI_System.o)
                0x00088455                _vAHI_IntHandlerSysCtrl
 .text.vAHI_Sleep
                0x00088492       0xbf /cygdrive/c/2.0.2/Lib/Components/Library/libHardwareApi_JN516x.a(AHI_System.o)
                0x00088492                _vAHI_Sleep
 .text.vAHI_TickTimerInit
                0x00088551        0x9 /cygdrive/c/2.0.2/Lib/Components/Library/libHardwareApi_JN516x.a(AHI_TickTimer.o)
                0x00088551                _vAHI_TickTimerInit
 .text.vAHI_TickTimerWrite
                0x0008855a        0x9 /cygdrive/c/2.0.2/Lib/Components/Library/libHardwareApi_JN516x.a(AHI_TickTimer.o)
                0x0008855a                _vAHI_TickTimerWrite
 .text.vAHI_TickTimerConfigure
                0x00088563       0x1b /cygdrive/c/2.0.2/Lib/Components/Library/libHardwareApi_JN516x.a(AHI_TickTimer.o)
                0x00088563                _vAHI_TickTimerConfigure
 .text.vAHI_TickTimerIntEnable
                0x0008857e       0x21 /cygdrive/c/2.0.2/Lib/Components/Library/libHardwareApi_JN516x.a(AHI_TickTimer.o)
                0x0008857e                _vAHI_TickTimerIntEnable
 .text.vAHI_TickTimerInterval
                0x0008859f       0x1e /cygdrive/c/2.0.2/Lib/Components/Library/libHardwareApi_JN516x.a(AHI_TickTimer.o)
                0x0008859f                _vAHI_TickTimerInterval
 .text.vAHI_IntHandlerTickTimer
                0x000885bd       0x3d /cygdrive/c/2.0.2/Lib/Components/Library/libHardwareApi_JN516x.a(AHI_TickTimer.o)
                0x000885bd                _vAHI_IntHandlerTickTimer
 .text.vAHI_IntHandlerTimer0
                0x000885fa       0x1d /cygdrive/c/2.0.2/Lib/Components/Library/libHardwareApi_JN516x.a(AHI_TimerInt.o)
                0x000885fa                _vAHI_IntHandlerTimer0
 .text.vAHI_IntHandlerTimer1
                0x00088617       0x1c /cygdrive/c/2.0.2/Lib/Components/Library/libHardwareApi_JN516x.a(AHI_TimerInt.o)
                0x00088617                _vAHI_IntHandlerTimer1
 .text.vAHI_IntHandlerTimer3
                0x00088633       0x1d /cygdrive/c/2.0.2/Lib/Components/Library/libHardwareApi_JN516x.a(AHI_TimerInt.o)
                0x00088633                _vAHI_IntHandlerTimer3
 .text.vAHI_IntHandlerTimer4
                0x00088650       0x1d /cygdrive/c/2.0.2/Lib/Components/Library/libHardwareApi_JN516x.a(AHI_TimerInt.o)
                0x00088650                _vAHI_IntHandlerTimer4
 .text.vAHI_IntHandlerTimer2
                0x0008866d       0x33 /cygdrive/c/2.0.2/Lib/Components/Library/libHardwareApi_JN516x.a(AHI_TimerInt.o)
                0x0008866d                _vAHI_IntHandlerTimer2
 .text.vAHI_UartSetBaudDivisor
                0x000886a0       0x59 /cygdrive/c/2.0.2/Lib/Components/Library/libHardwareApi_JN516x.a(AHI_Uart.o)
                0x000886a0                _vAHI_UartSetBaudDivisor
 .text.vAHI_UartSetClockDivisor
                0x000886f9        0xf /cygdrive/c/2.0.2/Lib/Components/Library/libHardwareApi_JN516x.a(AHI_Uart.o)
                0x000886f9                _vAHI_UartSetClockDivisor
 .text.vAHI_UartReset
                0x00088708       0x46 /cygdrive/c/2.0.2/Lib/Components/Library/libHardwareApi_JN516x.a(AHI_Uart.o)
                0x00088708                _vAHI_UartReset
 .text.vAHI_UartConfigureFIFOs
                0x0008874e       0x93 /cygdrive/c/2.0.2/Lib/Components/Library/libHardwareApi_JN516x.a(AHI_Uart.o)
 .text.bAHI_UartEnable
                0x000887e1       0x84 /cygdrive/c/2.0.2/Lib/Components/Library/libHardwareApi_JN516x.a(AHI_Uart.o)
                0x000887e1                _bAHI_UartEnable
 .text.u16AHI_UartBlockWriteData
                0x00088865       0x66 /cygdrive/c/2.0.2/Lib/Components/Library/libHardwareApi_JN516x.a(AHI_Uart.o)
                0x00088865                _u16AHI_UartBlockWriteData
 .text.vAHI_UartSetRTSCTS
                0x000888cb       0x22 /cygdrive/c/2.0.2/Lib/Components/Library/libHardwareApi_JN516x.a(AHI_Uart.o)
                0x000888cb                _vAHI_UartSetRTSCTS
 .text.vAHI_IntHandlerUart0
                0x000888ed       0x29 /cygdrive/c/2.0.2/Lib/Components/Library/libHardwareApi_JN516x.a(AHI_Uart.o)
                0x000888ed                _vAHI_IntHandlerUart0
 .text.vAHI_IntHandlerUart1
                0x00088916       0x29 /cygdrive/c/2.0.2/Lib/Components/Library/libHardwareApi_JN516x.a(AHI_Uart.o)
                0x00088916                _vAHI_IntHandlerUart1
 .text.u8AHI_UartReadTxFifoLevel
                0x0008893f       0x27 /cygdrive/c/2.0.2/Lib/Components/Library/libHardwareApi_JN516x.a(AHI_Uart.o)
                0x0008893f                _u8AHI_UartReadTxFifoLevel
 .text.vAHI_WakeTimerEnable
                0x00088966       0x5c /cygdrive/c/2.0.2/Lib/Components/Library/libHardwareApi_JN516x.a(AHI_WakeTimer.o)
                0x00088966                _vAHI_WakeTimerEnable
 .text.vAHI_WakeTimerStart
                0x000889c2       0x58 /cygdrive/c/2.0.2/Lib/Components/Library/libHardwareApi_JN516x.a(AHI_WakeTimer.o)
                0x000889c2                _vAHI_WakeTimerStart
 .text.vAHI_WakeTimerStop
                0x00088a1a       0x27 /cygdrive/c/2.0.2/Lib/Components/Library/libHardwareApi_JN516x.a(AHI_WakeTimer.o)
                0x00088a1a                _vAHI_WakeTimerStop
 .text.vAHI_FlashAndEEPROMControllerIntHandler
                0x00088a41       0x39 /cygdrive/c/2.0.2/Lib/Components/Library/libHardwareApi_JN516x.a(AHI_Flash.o)
                0x00088a41                _vAHI_FlashAndEEPROMControllerIntHandler
 .text.vAHI_IntHandlerSpiSlave
                0x00088a7a       0x1d /cygdrive/c/2.0.2/Lib/Components/Library/libHardwareApi_JN516x.a(AHI_SpiSlave.o)
                0x00088a7a                _vAHI_IntHandlerSpiSlave
 .text.vAHI_IntHandlerInfrared
                0x00088a97       0x17 /cygdrive/c/2.0.2/Lib/Components/Library/libHardwareApi_JN516x.a(AHI_Infrared.o)
                0x00088a97                _vAHI_IntHandlerInfrared
 .text.vMicroIntEnableOnly
                0x00088aae       0x2d /cygdrive/c/2.0.2/Lib/Components/Library/libMicroSpecific_JN516x.a(MicroInt.o)
                0x00088aae                _vMicroIntEnableOnly
 .text.vMicroIntRestoreState
                0x00088adb        0xc /cygdrive/c/2.0.2/Lib/Components/Library/libMicroSpecific_JN516x.a(MicroInt.o)
                0x00088adb                _vMicroIntRestoreState
 .text.pvHeap_Alloc
                0x00088ae7        0xf /cygdrive/c/2.0.2/Lib/Components/Library/libBoot_JN516x.a(Heap.o)
                0x00088ae7                _pvHeap_Alloc
 .text.pvHeap_DefAlloc
                0x00088af6       0x41 /cygdrive/c/2.0.2/Lib/Components/Library/libBoot_JN516x.a(Heap.o)
 .text.udivmodsi4
                0x00088b37       0x34 /cygdrive/c/2.0.2/Lib/Components/Library/libMaths_JN516x.a(Maths.o)
                0x00088b37                _udivmodsi4
 .text.__udivsi3
                0x00088b6b        0x8 /cygdrive/c/2.0.2/Lib/Components/Library/libMaths_JN516x.a(Maths.o)
                0x00088b6b                ___udivsi3
 .text.vACI_IntHandlerAes
                0x00088b73       0x25 /cygdrive/c/2.0.2/Lib/Components/Library/libAes_JN516x.a(AEScoprocessorAPIinterrupts.o)
                0x00088b73                _vACI_IntHandlerAes
 .text          0x00088b98       0x28 /cygdrive/c/2.0.2/Lib/Tools/ba-elf-ba2/bin/../lib/gcc/ba-elf/4.1.2/../../../../ba-elf/lib/ba2/libc.a(memcmp.o)
                0x00088b98                _memcmp
 .text          0x00088bc0       0x1d /cygdrive/c/2.0.2/Lib/Tools/ba-elf-ba2/bin/../lib/gcc/ba-elf/4.1.2/../../../../ba-elf/lib/ba2/libc.a(memcpy.o)
 .text          0x00088bdd       0x18 /cygdrive/c/2.0.2/Lib/Tools/ba-elf-ba2/bin/../lib/gcc/ba-elf/4.1.2/../../../../ba-elf/lib/ba2/libc.a(memset.o)
                0x00088bdd                _memset
                0x00088bf5                _flash_end = <code 342> (.)
                0x0400004c                . = 0x400004c

.data           0x0400004c       0x2c load address 0x00088bf8
                0x0400004c                _ram_data_start = <code 342> (.)
 *(.data*)
 .data.lightAddress
                0x0400004c        0x1 /cygdrive/c/2.0.2/libraries/lightSensor.o
                0x0400004c                _lightAddress
 .data.tmpAddresss
                0x0400004d        0x1 /cygdrive/c/2.0.2/libraries/tmpSensor.o
                0x0400004d                _tmpAddresss
 .data.initinboot
                0x0400004e        0x1 /cygdrive/c/2.0.2/Lib/Components/Library/libAppApi_JN516x.a(AppApi.o)
                0x0400004e                _g_bNoCalibration
 .data.u8MAC_MaxConcurrentAssocResponses
                0x0400004f        0x1 /cygdrive/c/2.0.2/Lib/Components/Library/libMac_JN516x.a(mac_pmic.o)
                0x0400004f                _u8MAC_MaxConcurrentAssocResponses
 .data.aprLPBMacVectorRamTable
                0x04000050       0x14 /cygdrive/c/2.0.2/Lib/Components/Library/libMac_JN516x.a(mac_lp.o)
                0x04000050                _aprLPBMacVectorRamTable
 .data.bFirstTamInit.4640
                0x04000064        0x1 /cygdrive/c/2.0.2/Lib/Components/Library/libMac_JN516x.a(TAM.o)
 .data.initinboot
                0x04000065        0x1 /cygdrive/c/2.0.2/Lib/Components/Library/libMac_JN516x.a(TAM_MEM.o)
                0x04000065                _gMAC_u8MaxBuffers
 *fill*         0x04000066        0x2 00
 .data.initinboot
                0x04000068        0x4 /cygdrive/c/2.0.2/Lib/Components/Library/libXcv_JN516x.a(xcv_main.o)
 .data.prHeap_AllocFunc
                0x0400006c        0x4 /cygdrive/c/2.0.2/Lib/Components/Library/libBoot_JN516x.a(Heap.o)
                0x0400006c                _prHeap_AllocFunc
 .data.u32HeapStart
                0x04000070        0x4 /cygdrive/c/2.0.2/Lib/Components/Library/libBoot_JN516x.a(Heap.o)
                0x04000070                _u32HeapStart
 .data.u32HeapEnd
                0x04000074        0x4 /cygdrive/c/2.0.2/Lib/Components/Library/libBoot_JN516x.a(Heap.o)
                0x04000074                _u32HeapEnd
 *(.data.*)
                0x04000078                . = ALIGN (0x4)
                0x04000078                _ram_data_end = <code 342> (.)

.bss            0x04000078     0x2ccc
                0x04000078                _bss_start = <code 342> (.)
 *(.bss*)
 .bss.i2cOnFlag
                0x04000078        0x4 /cygdrive/c/2.0.2/libraries/i2c.o
                0x04000078                _i2cOnFlag
 .bss.uartMutex
                0x0400007c        0x1 /cygdrive/c/2.0.2/libraries/pcInterface.o
                0x0400007c                _uartMutex
 .bss.taskQMutex
                0x0400007d        0x1 /cygdrive/c/2.0.2/Lib/sensenuts/libSense_JN516x.a(AppQueueApi.o)
                0x0400007d                _taskQMutex
 .bss.taskQMutexClock
                0x0400007e        0x1 /cygdrive/c/2.0.2/Lib/sensenuts/libSense_JN516x.a(AppQueueApi.o)
                0x0400007e                _taskQMutexClock
 .bss.critQMutex
                0x0400007f        0x1 /cygdrive/c/2.0.2/Lib/sensenuts/libSense_JN516x.a(AppQueueApi.o)
                0x0400007f                _critQMutex
 .bss.mlmeQMutex
                0x04000080        0x1 /cygdrive/c/2.0.2/Lib/sensenuts/libSense_JN516x.a(AppQueueApi.o)
                0x04000080                _mlmeQMutex
 .bss.mcpsQMutex
                0x04000081        0x1 /cygdrive/c/2.0.2/Lib/sensenuts/libSense_JN516x.a(AppQueueApi.o)
                0x04000081                _mcpsQMutex
 .bss.taskUpdateMutex
                0x04000082        0x1 /cygdrive/c/2.0.2/Lib/sensenuts/libSense_JN516x.a(AppQueueApi.o)
                0x04000082                _taskUpdateMutex
 .bss.critUpdateMutex
                0x04000083        0x1 /cygdrive/c/2.0.2/Lib/sensenuts/libSense_JN516x.a(AppQueueApi.o)
                0x04000083                _critUpdateMutex
 .bss.mlmeUpdateMutex
                0x04000084        0x1 /cygdrive/c/2.0.2/Lib/sensenuts/libSense_JN516x.a(AppQueueApi.o)
                0x04000084                _mlmeUpdateMutex
 .bss.mcpsUpdateMutex
                0x04000085        0x1 /cygdrive/c/2.0.2/Lib/sensenuts/libSense_JN516x.a(AppQueueApi.o)
                0x04000085                _mcpsUpdateMutex
 .bss.mlmeUpdateAdd
                0x04000086        0x1 /cygdrive/c/2.0.2/Lib/sensenuts/libSense_JN516x.a(AppQueueApi.o)
                0x04000086                _mlmeUpdateAdd
 .bss.mcpsUpdateAdd
                0x04000087        0x1 /cygdrive/c/2.0.2/Lib/sensenuts/libSense_JN516x.a(AppQueueApi.o)
                0x04000087                _mcpsUpdateAdd
 .bss.taskUpdateAdd
                0x04000088        0x1 /cygdrive/c/2.0.2/Lib/sensenuts/libSense_JN516x.a(AppQueueApi.o)
                0x04000088                _taskUpdateAdd
 .bss.critUpdateAdd
                0x04000089        0x1 /cygdrive/c/2.0.2/Lib/sensenuts/libSense_JN516x.a(AppQueueApi.o)
                0x04000089                _critUpdateAdd
 .bss.taskQSize
                0x0400008a        0x1 /cygdrive/c/2.0.2/Lib/sensenuts/libSense_JN516x.a(AppQueueApi.o)
 .bss.critQSize
                0x0400008b        0x1 /cygdrive/c/2.0.2/Lib/sensenuts/libSense_JN516x.a(AppQueueApi.o)
 .bss.hwQSize   0x0400008c        0x1 /cygdrive/c/2.0.2/Lib/sensenuts/libSense_JN516x.a(AppQueueApi.o)
 .bss.mlmeQSize
                0x0400008d        0x1 /cygdrive/c/2.0.2/Lib/sensenuts/libSense_JN516x.a(AppQueueApi.o)
 .bss.mcpsQSize
                0x0400008e        0x1 /cygdrive/c/2.0.2/Lib/sensenuts/libSense_JN516x.a(AppQueueApi.o)
 *fill*         0x0400008f        0x1 00
 .bss.timeCorrection
                0x04000090        0x2 /cygdrive/c/2.0.2/Lib/sensenuts/libSense_JN516x.a(clock.o)
 .bss.currentProcess
                0x04000092        0x1 /cygdrive/c/2.0.2/Lib/sensenuts/libSense_JN516x.a(scheduler.o)
                0x04000092                _currentProcess
 .bss.nextProcess
                0x04000093        0x1 /cygdrive/c/2.0.2/Lib/sensenuts/libSense_JN516x.a(scheduler.o)
                0x04000093                _nextProcess
 .bss.processList
                0x04000094        0x1 /cygdrive/c/2.0.2/Lib/sensenuts/libSense_JN516x.a(scheduler.o)
                0x04000094                _processList
 .bss.currentSubProcess
                0x04000095        0x1 /cygdrive/c/2.0.2/Lib/sensenuts/libSense_JN516x.a(scheduler.o)
                0x04000095                _currentSubProcess
 .bss.nextSubProcess
                0x04000096        0x1 /cygdrive/c/2.0.2/Lib/sensenuts/libSense_JN516x.a(scheduler.o)
                0x04000096                _nextSubProcess
 .bss.subProcessList
                0x04000097        0x1 /cygdrive/c/2.0.2/Lib/sensenuts/libSense_JN516x.a(scheduler.o)
                0x04000097                _subProcessList
 .bss.readPtr   0x04000098        0x1 /cygdrive/c/2.0.2/Lib/sensenuts/libSense_JN516x.a(task.o)
                0x04000098                _readPtr
 .bss.rear      0x04000099        0x1 /cygdrive/c/2.0.2/Lib/sensenuts/libSense_JN516x.a(task.o)
                0x04000099                _rear
 .bss.curPQSize
                0x0400009a        0x1 /cygdrive/c/2.0.2/Lib/sensenuts/libSense_JN516x.a(task.o)
                0x0400009a                _curPQSize
 .bss.mutexPTask
                0x0400009b        0x1 /cygdrive/c/2.0.2/Lib/sensenuts/libSense_JN516x.a(task.o)
                0x0400009b                _mutexPTask
 .bss.gu8ModuleID
                0x0400009c        0x1 /cygdrive/c/2.0.2/Lib/Components/Library/libAppApi_JN516x.a(AppApi.o)
                0x0400009c                _gu8ModuleID
 .bss.gbHighPowerMode
                0x0400009d        0x1 /cygdrive/c/2.0.2/Lib/Components/Library/libAppApi_JN516x.a(AppApi.o)
                0x0400009d                _gbHighPowerMode
 *fill*         0x0400009e        0x2 00
 .bss.prMlmeRequest
                0x040000a0        0x4 /cygdrive/c/2.0.2/Lib/Components/Library/libAppApi_JN516x.a(AppApi.o)
 .bss.prMcpsRequest
                0x040000a4        0x4 /cygdrive/c/2.0.2/Lib/Components/Library/libAppApi_JN516x.a(AppApi.o)
 .bss.initinboot
                0x040000a8        0x8 /cygdrive/c/2.0.2/Lib/Components/Library/libAppApi_JN516x.a(AppApi.o)
                0x040000a8                _prvUserTxStartedCallback
                0x040000ac                _g_bBoostMode
 .bss.sStoredMacData
                0x040000b0       0x1c /cygdrive/c/2.0.2/Lib/Components/Library/libAppApi_JN516x.a(AppApiSleep.o)
 .bss.initinboot
                0x040000cc      0x1c8 /cygdrive/c/2.0.2/Lib/Components/Library/libMac_JN516x.a(mac_main.o)
                0x040000cc                _g_sMac
 .bss.initinboot
                0x04000294        0x4 /cygdrive/c/2.0.2/Lib/Components/Library/libMac_JN516x.a(mac_pib_mlme.o)
                0x04000294                _g_u32MacAddrLocation
 .bss.sAssocSecurity
                0x04000298        0xc /cygdrive/c/2.0.2/Lib/Components/Library/libMac_JN516x.a(mac_pmic.o)
 .bss.u8AssocResponsesInProgress
                0x040002a4        0x1 /cygdrive/c/2.0.2/Lib/Components/Library/libMac_JN516x.a(mac_pmic.o)
 .bss.bScanInProgress
                0x040002a5        0x1 /cygdrive/c/2.0.2/Lib/Components/Library/libMac_JN516x.a(mac_scan.o)
 *fill*         0x040002a6        0x2 00
 .bss.u32BadMacBufferReturns
                0x040002a8        0x4 /cygdrive/c/2.0.2/Lib/Components/Library/libMac_JN516x.a(TAM_MEM.o)
 .bss.initinboot
                0x040002ac        0x4 /cygdrive/c/2.0.2/Lib/Components/Library/libMac_JN516x.a(TAMcommon.o)
                0x040002ac                _bEnablePANIDConflicts
 .bss.bTxEventQueued
                0x040002b0        0x1 /cygdrive/c/2.0.2/Lib/Components/Library/libMac_JN516x.a(TAMevent.o)
 .bss.u8TxEventStatus
                0x040002b1        0x1 /cygdrive/c/2.0.2/Lib/Components/Library/libMac_JN516x.a(TAMevent.o)
 .bss.gu8Mlen   0x040002b2        0x1 /cygdrive/c/2.0.2/Lib/Components/Library/libMac_JN516x.a(TAMsecurity.o)
 .bss.gu8Alen   0x040002b3        0x1 /cygdrive/c/2.0.2/Lib/Components/Library/libMac_JN516x.a(TAMsecurity.o)
 .bss.pgsExtAddr
                0x040002b4        0x4 /cygdrive/c/2.0.2/Lib/Components/Library/libMac_JN516x.a(TAMsecurity.o)
 .bss.initinboot
                0x040002b8        0x1 /cygdrive/c/2.0.2/Lib/Components/Library/libMac_JN516x.a(TAMsideways.o)
                0x040002b8                _bMAC_ImmortalIndirect
 .bss.dontinitinboot
                0x040002b9        0x1 /cygdrive/c/2.0.2/Lib/Components/Library/libMac_JN516x.a(TAM_AES.o)
 *fill*         0x040002ba        0x2 00
 .bss.dontinitinboot
                0x040002bc        0x8 /cygdrive/c/2.0.2/Lib/Components/Library/libXcv_JN516x.a(xcv_main.o)
 .bss.prApAppCallback
                0x040002c4        0x4 /cygdrive/c/2.0.2/Lib/Components/Library/libHardwareApi_JN516x.a(AHI_Analogue.o)
 .bss.prSiAppCallback
                0x040002c8        0x4 /cygdrive/c/2.0.2/Lib/Components/Library/libHardwareApi_JN516x.a(AHI_Si.o)
 .bss.prSpiAppCallback
                0x040002cc        0x4 /cygdrive/c/2.0.2/Lib/Components/Library/libHardwareApi_JN516x.a(AHI_Spi.o)
 .bss.initinboot
                0x040002d0        0x4 /cygdrive/c/2.0.2/Lib/Components/Library/libHardwareApi_JN516x.a(AHI_System.o)
 .bss.prTimer4AppCallback
                0x040002d4        0x4 /cygdrive/c/2.0.2/Lib/Components/Library/libHardwareApi_JN516x.a(AHI_TimerInt.o)
 .bss.prTimer3AppCallback
                0x040002d8        0x4 /cygdrive/c/2.0.2/Lib/Components/Library/libHardwareApi_JN516x.a(AHI_TimerInt.o)
 .bss.prTimer2AppCallback
                0x040002dc        0x4 /cygdrive/c/2.0.2/Lib/Components/Library/libHardwareApi_JN516x.a(AHI_TimerInt.o)
 .bss.prTimer1AppCallback
                0x040002e0        0x4 /cygdrive/c/2.0.2/Lib/Components/Library/libHardwareApi_JN516x.a(AHI_TimerInt.o)
 .bss.prTimer0AppCallback
                0x040002e4        0x4 /cygdrive/c/2.0.2/Lib/Components/Library/libHardwareApi_JN516x.a(AHI_TimerInt.o)
 .bss.prUart1AppCallback
                0x040002e8        0x4 /cygdrive/c/2.0.2/Lib/Components/Library/libHardwareApi_JN516x.a(AHI_Uart.o)
 .bss.prUart0AppCallback
                0x040002ec        0x4 /cygdrive/c/2.0.2/Lib/Components/Library/libHardwareApi_JN516x.a(AHI_Uart.o)
 .bss.u32FlashParityErrorCount
                0x040002f0        0x4 /cygdrive/c/2.0.2/Lib/Components/Library/libHardwareApi_JN516x.a(AHI_Flash.o)
 .bss.prFlashEECAppCallback
                0x040002f4        0x4 /cygdrive/c/2.0.2/Lib/Components/Library/libHardwareApi_JN516x.a(AHI_Flash.o)
 .bss.prSpiAppCallback
                0x040002f8        0x4 /cygdrive/c/2.0.2/Lib/Components/Library/libHardwareApi_JN516x.a(AHI_SpiSlave.o)
 .bss.prInfraredAppCallback
                0x040002fc        0x4 /cygdrive/c/2.0.2/Lib/Components/Library/libHardwareApi_JN516x.a(AHI_Infrared.o)
 .bss.dontinitinboot
                0x04000300       0x40 /cygdrive/c/2.0.2/Lib/Components/Library/libBoot_JN516x.a(ExceptionHandler.o)
                0x04000300                _isr_handlers
 .bss.dontinitinboot
                0x04000340        0x4 /cygdrive/c/2.0.2/Lib/Components/Library/libAes_JN516x.a(AEScoprocessorAPIinterrupts.o)
 *(.bss.*)
 *(COMMON)
 COMMON         0x04000344      0x180 /cygdrive/c/2.0.2/libraries/mac.o
                0x04000344                _macData
                0x040004bc                _pvMac
                0x040004c0                _psPib
 COMMON         0x040004c4      0x200 /cygdrive/c/2.0.2/libraries/pcInterface.o
                0x040004c4                _txFIFO
                0x040005c4                _rxFIFO
 COMMON         0x040006c4     0x2500 /cygdrive/c/2.0.2/Lib/sensenuts/libSense_JN516x.a(AppQueueApi.o)
                0x040006c4                _asCritIndBuffer
                0x040006d8                _asMlmeIndBuffer
                0x04001808                _apvTaskIndData
                0x0400185c                _sHwIndQueue
                0x0400186c                _apvMlmeIndData
                0x040018c0                _sMcpsIndBufferQueue
                0x040018d0                _sTaskIndQueue
                0x040018e0                _sMlmeIndQueue
                0x040018f0                _apvHwIndBufferData
                0x04001944                _sCritIndBufferQueue
                0x04001954                _apvHwIndData
                0x040019a8                _apvMcpsIndBufferData
                0x040019fc                _tempTaskBuffer
                0x04001a08                _apvMcpsIndData
                0x04001a5c                _apvTaskIndBufferData
                0x04001ab0                _sHwIndBufferQueue
                0x04001ac0                _tempMcpsBuffer
                0x04001b68                _sTaskIndBufferQueue
                0x04001b78                _tempHwBuffer
                0x04001b80                _asHwIndBuffer
                0x04001c20                _asTaskIndBuffer
                0x04001d10                _asMcpsIndBuffer
                0x04002a30                _sCritIndQueue
                0x04002a40                _apvCritIndData
                0x04002a58                _apvMlmeIndBufferData
                0x04002aac                _tempMlmeBuffer
                0x04002b88                _sMcpsIndQueue
                0x04002b98                _tempCritBuffer
                0x04002b9c                _sMlmeIndBufferQueue
                0x04002bac                _apvCritIndBufferData
 COMMON         0x04002bc4        0x8 /cygdrive/c/2.0.2/Lib/sensenuts/libSense_JN516x.a(clock.o)
                0x04002bc4                _currentTime
 COMMON         0x04002bcc       0xf0 /cygdrive/c/2.0.2/Lib/sensenuts/libSense_JN516x.a(task.o)
                0x04002bcc                _passiveTaskQueue
 COMMON         0x04002cbc        0x8 /cygdrive/c/2.0.2/Lib/Components/Library/libAppApi_JN516x.a(AppApi.o)
                0x04002cbc                _g_pvMac
                0x04002cc0                _g_sXcv
 COMMON         0x04002cc4        0x4 /cygdrive/c/2.0.2/Lib/Components/Library/libMac_JN516x.a(mac_mlme.o)