Archive member included because of file (symbol)

/cygdrive/c/sensenuts/6.1.2/Lib/sensenuts/libSense_JN516x.a(AppQueueApi.o)
                              /cygdrive/c/sensenuts/6.1.2/libraries/dio.o (_vAppQApiPostCritInt)
/cygdrive/c/sensenuts/6.1.2/Lib/sensenuts/libSense_JN516x.a(bigbang.o)
                              /cygdrive/c/sensenuts/6.1.2/AppCode/lightthreshold/bcast_Coord/output/main.o (_bigBang)
/cygdrive/c/sensenuts/6.1.2/Lib/sensenuts/libSense_JN516x.a(clock.o)
                              /cygdrive/c/sensenuts/6.1.2/libraries/routing_aodv.o (_addTimeInCurrent)
/cygdrive/c/sensenuts/6.1.2/Lib/sensenuts/libSense_JN516x.a(scheduler.o)
                              /cygdrive/c/sensenuts/6.1.2/Lib/sensenuts/libSense_JN516x.a(AppQueueApi.o) (_subProcessList)
/cygdrive/c/sensenuts/6.1.2/Lib/sensenuts/libSense_JN516x.a(task.o)
                              /cygdrive/c/sensenuts/6.1.2/Lib/sensenuts/libSense_JN516x.a(clock.o) (_getPTask)
/cygdrive/c/sensenuts/6.1.2/Lib/Components/Library/libAppApi_JN516x.a(AppApi.o)
                              (_pvAppApiDefGetMacHandle)
/cygdrive/c/sensenuts/6.1.2/Lib/Components/Library/libAppApi_JN516x.a(AppApiSleep.o)
                              (_vAppApiDefSaveMacSettings)
/cygdrive/c/sensenuts/6.1.2/Lib/Components/Library/libMac_JN516x.a(mac_main.o)
                              /cygdrive/c/sensenuts/6.1.2/Lib/Components/Library/libAppApi_JN516x.a(AppApi.o) (_bMAC_CurrentlyScanning)
/cygdrive/c/sensenuts/6.1.2/Lib/Components/Library/libMac_JN516x.a(mac_mcps.o)
                              /cygdrive/c/sensenuts/6.1.2/Lib/Components/Library/libAppApi_JN516x.a(AppApi.o) (_MAC_vHandleMcpsReqRsp)
/cygdrive/c/sensenuts/6.1.2/Lib/Components/Library/libMac_JN516x.a(mac_mlme.o)
                              /cygdrive/c/sensenuts/6.1.2/Lib/Components/Library/libAppApi_JN516x.a(AppApi.o) (_MAC_vHandleMlmeReqRsp)
/cygdrive/c/sensenuts/6.1.2/Lib/Components/Library/libMac_JN516x.a(mac_pib.o)
                              /cygdrive/c/sensenuts/6.1.2/libraries/coordinator.o (_MAC_psPibGetHandle)
/cygdrive/c/sensenuts/6.1.2/Lib/Components/Library/libMac_JN516x.a(mac_pib_mlme.o)
                              /cygdrive/c/sensenuts/6.1.2/Lib/Components/Library/libMac_JN516x.a(mac_mlme.o) (_mac_vPibReset)
/cygdrive/c/sensenuts/6.1.2/Lib/Components/Library/libMac_JN516x.a(mac_pmic.o)
                              /cygdrive/c/sensenuts/6.1.2/Lib/Components/Library/libMac_JN516x.a(mac_main.o) (_vPMICreset)
/cygdrive/c/sensenuts/6.1.2/Lib/Components/Library/libMac_JN516x.a(mac_ind.o)
                              /cygdrive/c/sensenuts/6.1.2/Lib/Components/Library/libAppApi_JN516x.a(AppApi.o) (_MAC_vRegisterMlmeDcfmIndCallbacks)
/cygdrive/c/sensenuts/6.1.2/Lib/Components/Library/libMac_JN516x.a(mac_scan.o)
                              /cygdrive/c/sensenuts/6.1.2/Lib/Components/Library/libMac_JN516x.a(mac_main.o) (_mac_eScanHandleXcvBbcEvt)
/cygdrive/c/sensenuts/6.1.2/Lib/Components/Library/libMac_JN516x.a(mac_lp.o)
                              /cygdrive/c/sensenuts/6.1.2/Lib/Components/Library/libMac_JN516x.a(mac_pmic.o) (_g_sLP)
/cygdrive/c/sensenuts/6.1.2/Lib/Components/Library/libMac_JN516x.a(MCPS.o)
                              /cygdrive/c/sensenuts/6.1.2/Lib/Components/Library/libMac_JN516x.a(mac_mcps.o) (_vTAM_MCPSpurgeRequest)
/cygdrive/c/sensenuts/6.1.2/Lib/Components/Library/libMac_JN516x.a(phy_pib.o)
                              /cygdrive/c/sensenuts/6.1.2/Lib/Components/Library/libAppApi_JN516x.a(AppApi.o) (_phy_ePibGet)
/cygdrive/c/sensenuts/6.1.2/Lib/Components/Library/libMac_JN516x.a(TAM.o)
                              /cygdrive/c/sensenuts/6.1.2/Lib/Components/Library/libMac_JN516x.a(MCPS.o) (_bTAMinPAN)
/cygdrive/c/sensenuts/6.1.2/Lib/Components/Library/libMac_JN516x.a(TAMCO.o)
                              /cygdrive/c/sensenuts/6.1.2/Lib/Components/Library/libMac_JN516x.a(TAM.o) (_vTAMCOsetCoordinator)
/cygdrive/c/sensenuts/6.1.2/Lib/Components/Library/libMac_JN516x.a(TAMDE.o)
                              /cygdrive/c/sensenuts/6.1.2/Lib/Components/Library/libMac_JN516x.a(TAM.o) (_vTAMDEdetermineNullState)
/cygdrive/c/sensenuts/6.1.2/Lib/Components/Library/libMac_JN516x.a(TAM_MEM.o)
                              /cygdrive/c/sensenuts/6.1.2/Lib/Components/Library/libMac_JN516x.a(mac_scan.o) (_pvMEMget)
/cygdrive/c/sensenuts/6.1.2/Lib/Components/Library/libMac_JN516x.a(TAM_MLME.o)
                              /cygdrive/c/sensenuts/6.1.2/Lib/Components/Library/libMac_JN516x.a(mac_pmic.o) (_vMLMEcommStatus)
/cygdrive/c/sensenuts/6.1.2/Lib/Components/Library/libMac_JN516x.a(TAM_TAH.o)
                              /cygdrive/c/sensenuts/6.1.2/Lib/Components/Library/libMac_JN516x.a(TAMCO.o) (_vTAHsetCutOff)
/cygdrive/c/sensenuts/6.1.2/Lib/Components/Library/libMac_JN516x.a(TAM_TAI.o)
                              /cygdrive/c/sensenuts/6.1.2/Lib/Components/Library/libMac_JN516x.a(TAMCO.o) (_vTAIdisableInterrupt)
[...]
Memory Configuration

Name             Origin             Length             Attributes
flash            0x00080000         0x00040000
ram              0x0400004c         0x00007fb4
*default*        0x00000000         0xffffffff

Linker script and memory map

LOAD /cygdrive/c/sensenuts/6.1.2/libraries/coordinator.o
LOAD /cygdrive/c/sensenuts/6.1.2/libraries/dio.o
LOAD /cygdrive/c/sensenuts/6.1.2/libraries/genMac.o
LOAD /cygdrive/c/sensenuts/6.1.2/libraries/gps.o
LOAD /cygdrive/c/sensenuts/6.1.2/libraries/humidSensor.o
LOAD /cygdrive/c/sensenuts/6.1.2/libraries/i2c.o
LOAD /cygdrive/c/sensenuts/6.1.2/libraries/lightSensor.o
LOAD /cygdrive/c/sensenuts/6.1.2/libraries/mac.o
LOAD /cygdrive/c/sensenuts/6.1.2/libraries/node.o
LOAD /cygdrive/c/sensenuts/6.1.2/libraries/pcInterface.o
LOAD /cygdrive/c/sensenuts/6.1.2/libraries/phy.o
LOAD /cygdrive/c/sensenuts/6.1.2/libraries/routing.o
LOAD /cygdrive/c/sensenuts/6.1.2/libraries/routing_aodv.o
LOAD /cygdrive/c/sensenuts/6.1.2/libraries/routing_aodv_Tables.o
LOAD /cygdrive/c/sensenuts/6.1.2/libraries/routing_lbr.o
LOAD /cygdrive/c/sensenuts/6.1.2/libraries/routing_mbr.o
LOAD /cygdrive/c/sensenuts/6.1.2/libraries/tempPressure.o
LOAD /cygdrive/c/sensenuts/6.1.2/libraries/tmpSensor.o
LOAD /cygdrive/c/sensenuts/6.1.2/libraries/uartSerial.o
LOAD /cygdrive/c/sensenuts/6.1.2/AppCode/lightthreshold/bcast_Coord/output/bcast_coord.o
LOAD /cygdrive/c/sensenuts/6.1.2/AppCode/lightthreshold/bcast_Coord/output/main.o
START GROUP
LOAD /cygdrive/c/sensenuts/6.1.2/Lib/sensenuts/libSense_JN516x.a
LOAD /cygdrive/c/sensenuts/6.1.2/Lib/Components/Library/libAppApi_JN516x.a
LOAD /cygdrive/c/sensenuts/6.1.2/Lib/Components/Library/libMac_JN516x.a
LOAD /cygdrive/c/sensenuts/6.1.2/Lib/Components/Library/libTof_JN516x.a
LOAD /cygdrive/c/sensenuts/6.1.2/Lib/Components/Library/libXcv_JN516x.a
LOAD /cygdrive/c/sensenuts/6.1.2/Lib/Components/Library/libAES_CCM_SW_PATCH_JN516x.a
LOAD /cygdrive/c/sensenuts/6.1.2/Lib/Components/Library/libAes_JN516x.a
LOAD /cygdrive/c/sensenuts/6.1.2/Lib/Components/Library/libTimerServer_JN516x.a
LOAD /cygdrive/c/sensenuts/6.1.2/Lib/Components/Library/libHardwareApi_JN516x.a
LOAD /cygdrive/c/sensenuts/6.1.2/Lib/Components/Library/libMicroSpecific_JN516x.a
LOAD /cygdrive/c/sensenuts/6.1.2/Lib/Components/Library/libBoot_JN516x.a
LOAD /cygdrive/c/sensenuts/6.1.2/Lib/Components/Library/libMaths_JN516x.a
LOAD /cygdrive/c/sensenuts/6.1.2/Lib/Platform/DK4/Library/libBoardLib_JN516x.a
END GROUP
LOAD /cygdrive/c/sensenuts/6.1.2/Lib/Tools/ba-elf-ba2/bin/../lib/gcc/ba-elf/4.1.2/ba2/libgcc.a
LOAD /cygdrive/c/sensenuts/6.1.2/Lib/Tools/ba-elf-ba2/bin/../lib/gcc/ba-elf/4.1.2/../../../../ba-elf/lib/ba2/libc.a
LOAD /cygdrive/c/sensenuts/6.1.2/Lib/Tools/ba-elf-ba2/bin/../lib/gcc/ba-elf/4.1.2/ba2/libgcc.a
                0x00001000                _stack_size = 0x1000
                0x00080038                __exception_vsr_table = 0x80038
                0x04000000                _pSPIflashFncTable = 0x4000000
                0x00001000                _stack_size = 0x1000
                0x00000044                restore_state = 0x44
                0x0000004a                _bZSPIWaitWIPClear = 0x4a
                0x00000050                _u16ZSPIflashRDID = 0x50
                0x00000056                _u8SelectFlashChipType = 0x56
                0x0000005c                _memcpy = 0x5c
                0x00000066                _vBootFlashProg = 0x66
                [0x00000d16]                _minimum_heap_size = DEFINED (_minimum_heap_size)?_minimum_heap_size:0xd16
                0x00000000                _SwConfig = (DEFINED (g_bSWConf_Debug) | (DEFINED (g_bSWConf_AltDebugPort) << 0x1))

.version        0x0007fffc        0x4
                0x0007fffc        0x4 LONG 0x7030008

.bir            0x00080000       0x10
                0x00080000                _flash_start = <code 342> (.)
                0x00080000                _flash_beg = <code 342> (.)
                0x00080000        0x4 LONG 0x12345678
                0x00080004        0x4 LONG 0x11223344
                0x00080008        0x4 LONG 0x55667788
                0x0008000c        0x1 BYTE 0x8
                0x0008000d        0x1 BYTE 0x1
                0x0008000e        0x2 SHORT 0x0

.flashheader    0x00080010       0x28
                0x00080010        0x4 LONG 0x0
                0x00080014        0x4 LONG 0x0
                0x00080018        0x4 LONG 0x0
                0x0008001c        0x2 SHORT 0x0
                0x0008001e        0x2 SHORT 0x0 <code 342> (_SwConfig)
                0x00080020                _enc_start = <code 342> (.)
                0x00080020        0x4 LONG 0xa44c <code 342> (_image_len)
                0x00000000                _enc_offset = (_enc_start & 0xf)
                [0x00000020]                _enc_start = (_enc_start - _flash_beg)
                0x00080024        0x4 LONG 0x8a420 <code 342> (_flash_data_start)
                0x00080028        0x2 SHORT 0x13 ((<code 342> (_ram_data_start) / 0x4) & 0xffff)
                0x0008002a        0x2 SHORT 0xb ((<code 342> (_ram_data_len) / 0x4) & 0xffff)
                0x0008002c        0x2 SHORT 0x1e ((<code 342> (_bss_start) / 0x4) & 0xffff)
                0x0008002e        0x2 SHORT 0xab2 ((<code 342> (_bss_len) / 0x4) & 0xffff)
                0x00080030        0x4 LONG 0x81045 <code 342> (_AppWarmStart)
                0x00080034        0x4 LONG 0x8103f <code 342> (_AppColdStart)
                0x00000044                PROVIDE (_vException_BusError, restore_state)
                0x00000044                PROVIDE (_vException_UnalignedAccess, restore_state)
                0x00000044                PROVIDE (_vException_IllegalInstruction, restore_state)
                0x00000044                PROVIDE (_vException_SysCall, restore_state)
                0x00000044                PROVIDE (_vException_Trap, restore_state)
                0x00000044                PROVIDE (_vException_StackOverflow, restore_state)
                0x00080038                . = <code 342> (__exception_vsr_table)

.vsr_table      0x00080038       0x18
                0x00080038        0x4 LONG 0x44 <code 342> (_vException_BusError)
                0x0008003c        0x4 LONG 0x44 <code 342> (_vException_UnalignedAccess)
                0x00080040        0x4 LONG 0x44 <code 342> (_vException_IllegalInstruction)
                0x00080044        0x4 LONG 0x44 <code 342> (_vException_SysCall)
                0x00080048        0x4 LONG 0x44 <code 342> (_vException_Trap)
                0x0008004c        0x4 LONG 0x44 <code 342> (_vException_StackOverflow)

.vsr_handlers   0x00080050       0xab
 *(.vsr_handlers)
 .vsr_handlers  0x00080050       0xab /cygdrive/c/sensenuts/6.1.2/Lib/Components/Library/libBoot_JN516x.a(ExceptionHandler.o)
                0x00080050                __exception_external_interrupt
                0x000800f9                __default_vsr_dummy

.rodata         0x00080100      0x220
 *(.rodata*)
 .rodata.s_sPibInit
                0x00080100       0x18 /cygdrive/c/sensenuts/6.1.2/Lib/Components/Library/libMac_JN516x.a(mac_pib_mlme.o)
 .rodata.aeXcvPhyEvtToScanEvt.4240
                0x00080118       0x18 /cygdrive/c/sensenuts/6.1.2/Lib/Components/Library/libMac_JN516x.a(mac_scan.o)
 .rodata.aeXcvBbcEvtToScanEvt.4230
                0x00080130        0xa /cygdrive/c/sensenuts/6.1.2/Lib/Components/Library/libMac_JN516x.a(mac_scan.o)
 .rodata.s_atScanEvtST
                0x0008013a       0x31 /cygdrive/c/sensenuts/6.1.2/Lib/Components/Library/libMac_JN516x.a(mac_scan.o)
 *fill*         0x0008016b        0x1 00
 .rodata.s_aprScanHandleEvt
                0x0008016c       0x30 /cygdrive/c/sensenuts/6.1.2/Lib/Components/Library/libMac_JN516x.a(mac_scan.o)
 .rodata.psTAMcontext
                0x0008019c        0x4 /cygdrive/c/sensenuts/6.1.2/Lib/Components/Library/libMac_JN516x.a(TAM.o)
                0x0008019c                _psTAMcontext
 .rodata.psTamMacContext
                0x000801a0        0x4 /cygdrive/c/sensenuts/6.1.2/Lib/Components/Library/libMac_JN516x.a(TAM.o)
                0x000801a0                _psTamMacContext
 .rodata.psTamXcvContext
                0x000801a4        0x4 /cygdrive/c/sensenuts/6.1.2/Lib/Components/Library/libMac_JN516x.a(TAM.o)
                0x000801a4                _psTamXcvContext
 .rodata.au8XcvToTAMevent.4757
                0x000801a8        0xa /cygdrive/c/sensenuts/6.1.2/Lib/Components/Library/libMac_JN516x.a(TAM.o)
 .rodata.au8HeaderSize.4215
                0x000801b2        0xe /cygdrive/c/sensenuts/6.1.2/Lib/Components/Library/libMac_JN516x.a(TAMcommon.o)
 .rodata.apvActionCalls
                0x000801c0       0x88 /cygdrive/c/sensenuts/6.1.2/Lib/Components/Library/libMac_JN516x.a(TAMevent.o)
                0x000801c0                _apvActionCalls
 .rodata.au8StateActions
                0x00080248       0x8c /cygdrive/c/sensenuts/6.1.2/Lib/Components/Library/libMac_JN516x.a(TAMevent.o)
                0x00080248                _au8StateActions
 .rodata.au8SizeInc.4433
                0x000802d4        0x9 /cygdrive/c/sensenuts/6.1.2/Lib/Components/Library/libMac_JN516x.a(TAMsecurity.o)
 .rodata.au8MICLenLUT.3714
                0x000802dd        0x4 /cygdrive/c/sensenuts/6.1.2/Lib/Components/Library/libMac_JN516x.a(TAMsecurity.o)
 .rodata.au8FlashWaitStates32MXO
                0x000802e1        0x8 /cygdrive/c/sensenuts/6.1.2/Lib/Components/Library/libHardwareApi_JN516x.a(AHI_System.o)
 .rodata.au8FlashWaitStatesHSRCO
                0x000802e9        0x8 /cygdrive/c/sensenuts/6.1.2/Lib/Components/Library/libHardwareApi_JN516x.a(AHI_System.o)
 *fill*         0x000802f1        0x3 00
 .rodata        0x000802f4       0x10 /cygdrive/c/sensenuts/6.1.2/Lib/Tools/ba-elf-ba2/bin/../lib/gcc/ba-elf/4.1.2/ba2/libgcc.a(fp-bit.o)
                0x000802f4                ___thenan_sf
 *fill*         0x00080304        0x4 00
 .rodata        0x00080308       0x18 /cygdrive/c/sensenuts/6.1.2/Lib/Tools/ba-elf-ba2/bin/../lib/gcc/ba-elf/4.1.2/ba2/libgcc.a(dp-bit.o)
                0x00080308                ___thenan_df

.text           0x00080320     0xa0fd
 *(.text*)
 .text.handleNodeAssociation
                0x00080320       0xc8 /cygdrive/c/sensenuts/6.1.2/libraries/coordinator.o
                0x00080320                _handleNodeAssociation
 .text.startCoordinator
                0x000803e8       0x4e /cygdrive/c/sensenuts/6.1.2/libraries/coordinator.o
                0x000803e8                _startCoordinator
 .text.dioInterruptHandler
                0x00080436       0x59 /cygdrive/c/sensenuts/6.1.2/libraries/dio.o
                0x00080436                _dioInterruptHandler
 .text.initDioInterrupt
                0x0008048f       0x49 /cygdrive/c/sensenuts/6.1.2/libraries/dio.o
                0x0008048f                _initDioInterrupt
 .text.setPin   0x000804d8       0x1f /cygdrive/c/sensenuts/6.1.2/libraries/dio.o
                0x000804d8                _setPin
 .text.dioInit  0x000804f7       0x1a /cygdrive/c/sensenuts/6.1.2/libraries/dio.o
                0x000804f7                _dioInit
 .text.startAssociate
                0x00080511       0x4d /cygdrive/c/sensenuts/6.1.2/libraries/genMac.o
                0x00080511                _startAssociate
 .text.startActiveScan
                0x0008055e       0x39 /cygdrive/c/sensenuts/6.1.2/libraries/genMac.o
                0x0008055e                _startActiveScan
 .text.handleAssociateResponse
                0x00080597       0x64 /cygdrive/c/sensenuts/6.1.2/libraries/genMac.o
                0x00080597                _handleAssociateResponse
 .text.handleActiveScanResponse
                0x000805fb       0x9e /cygdrive/c/sensenuts/6.1.2/libraries/genMac.o
                0x000805fb                _handleActiveScanResponse
 .text.genMacInit
                0x00080699       0x5e /cygdrive/c/sensenuts/6.1.2/libraries/genMac.o
                0x00080699                _genMacInit
 .text.i2cInit  0x000806f7        0xc /cygdrive/c/sensenuts/6.1.2/libraries/i2c.o
                0x000806f7                _i2cInit
 .text.clearLightInterrupt
                0x00080703       0x98 /cygdrive/c/sensenuts/6.1.2/libraries/lightSensor.o
                0x00080703                _clearLightInterrupt
 .text.readLux  0x0008079b       0xdd /cygdrive/c/sensenuts/6.1.2/libraries/lightSensor.o
                0x0008079b                _readLux
 .text.setLightThreshold
                0x00080878      0x130 /cygdrive/c/sensenuts/6.1.2/libraries/lightSensor.o
                0x00080878                _setLightThreshold
 .text.lightSensorInit
                0x000809a8      0x19d /cygdrive/c/sensenuts/6.1.2/libraries/lightSensor.o
                0x000809a8                _lightSensorInit
 .text.sendDataToMac
                0x00080b45       0x83 /cygdrive/c/sensenuts/6.1.2/libraries/mac.o
                0x00080b45                _sendDataToMac
 .text.processIncomingMcps
                0x00080bc8       0x9d /cygdrive/c/sensenuts/6.1.2/libraries/mac.o
                0x00080bc8                _processIncomingMcps
 .text.processIncomingMlme
                0x00080c65       0x29 /cygdrive/c/sensenuts/6.1.2/libraries/mac.o
                0x00080c65                _processIncomingMlme
 .text.macInit  0x00080c8e        0x6 /cygdrive/c/sensenuts/6.1.2/libraries/mac.o
                0x00080c8e                _macInit
 .text.getNodeId
                0x00080c94        0xf /cygdrive/c/sensenuts/6.1.2/libraries/node.o
                0x00080c94                _getNodeId
 .text.routingTaskHandler
                0x00080ca3        0x3 /cygdrive/c/sensenuts/6.1.2/libraries/routing.o
                0x00080ca3                _routingTaskHandler
 .text.routingHandleError
                0x00080ca6        0x6 /cygdrive/c/sensenuts/6.1.2/libraries/routing.o
                0x00080ca6                _routingHandleError
 .text.routingReceivePacket
                0x00080cac        0x8 /cygdrive/c/sensenuts/6.1.2/libraries/routing.o
                0x00080cac                _routingReceivePacket
 .text.MBRhandleError
                0x00080cb4        0x6 /cygdrive/c/sensenuts/6.1.2/libraries/routing_mbr.o
                0x00080cb4                _MBRhandleError
 .text.MBRreceiveDataPacket
                0x00080cba       0x75 /cygdrive/c/sensenuts/6.1.2/libraries/routing_mbr.o
                0x00080cba                _MBRreceiveDataPacket
 .text.tmpReadReady
                0x00080d2f       0x2f /cygdrive/c/sensenuts/6.1.2/libraries/tmpSensor.o
                0x00080d2f                _tmpReadReady
 .text.readTmp  0x00080d5e       0x30 /cygdrive/c/sensenuts/6.1.2/libraries/tmpSensor.o
                0x00080d5e                _readTmp
 .text.setTmpThreshold
                0x00080d8e      0x210 /cygdrive/c/sensenuts/6.1.2/libraries/tmpSensor.o
                0x00080d8e                _setTmpThreshold
 .text.tmpInit  0x00080f9e       0x1d /cygdrive/c/sensenuts/6.1.2/libraries/tmpSensor.o
                0x00080f9e                _tmpInit
 .text.userTaskHandler
                0x00080fbb        0x3 /cygdrive/c/sensenuts/6.1.2/AppCode/lightthreshold/bcast_Coord/output/bcast_coord.o
                0x00080fbb                _userTaskHandler
 .text.userReceiveDataPacket
                0x00080fbe        0x3 /cygdrive/c/sensenuts/6.1.2/AppCode/lightthreshold/bcast_Coord/output/bcast_coord.o
                0x00080fbe                _userReceiveDataPacket
 .text.userCriticalTaskHandler
                0x00080fc1       0x4d /cygdrive/c/sensenuts/6.1.2/AppCode/lightthreshold/bcast_Coord/output/bcast_coord.o
                0x00080fc1                _userCriticalTaskHandler
 .text.startNode
                0x0008100e       0x31 /cygdrive/c/sensenuts/6.1.2/AppCode/lightthreshold/bcast_Coord/output/bcast_coord.o
                0x0008100e                _startNode
 .text.AppColdStart
                0x0008103f        0x6 /cygdrive/c/sensenuts/6.1.2/AppCode/lightthreshold/bcast_Coord/output/main.o
                0x0008103f                _AppColdStart
 .text.AppWarmStart
                0x00081045        0x6 /cygdrive/c/sensenuts/6.1.2/AppCode/lightthreshold/bcast_Coord/output/main.o
                0x00081045                _AppWarmStart
 .text.vFifoInit
                0x0008104b       0x14 /cygdrive/c/sensenuts/6.1.2/Lib/sensenuts/libSense_JN516x.a(AppQueueApi.o)
 .text.pvFifoPull
                0x0008105f       0x23 /cygdrive/c/sensenuts/6.1.2/Lib/sensenuts/libSense_JN516x.a(AppQueueApi.o)
 .text.psAppQApiGetMcpsBuffer
                0x00081082        0xc /cygdrive/c/sensenuts/6.1.2/Lib/sensenuts/libSense_JN516x.a(AppQueueApi.o)
 .text.psAppQApiGetMlmeBuffer
                0x0008108e        0xc /cygdrive/c/sensenuts/6.1.2/Lib/sensenuts/libSense_JN516x.a(AppQueueApi.o)
 .text.psAppQApiReadCritInd
                0x0008109a       0x14 /cygdrive/c/sensenuts/6.1.2/Lib/sensenuts/libSense_JN516x.a(AppQueueApi.o)
                0x0008109a                _psAppQApiReadCritInd
 .text.psAppQApiReadTaskInd
                0x000810ae       0x1a /cygdrive/c/sensenuts/6.1.2/Lib/sensenuts/libSense_JN516x.a(AppQueueApi.o)
                0x000810ae                _psAppQApiReadTaskInd
 .text.psAppQApiReadMcpsInd
                0x000810c8       0x14 /cygdrive/c/sensenuts/6.1.2/Lib/sensenuts/libSense_JN516x.a(AppQueueApi.o)
                0x000810c8                _psAppQApiReadMcpsInd
 .text.psAppQApiReadMlmeInd
                0x000810dc       0x14 /cygdrive/c/sensenuts/6.1.2/Lib/sensenuts/libSense_JN516x.a(AppQueueApi.o)
                0x000810dc                _psAppQApiReadMlmeInd
 .text.bFifoPush
                0x000810f0       0x28 /cygdrive/c/sensenuts/6.1.2/Lib/sensenuts/libSense_JN516x.a(AppQueueApi.o)
 .text.vAppQApiPostCritInt
                0x00081118       0x72 /cygdrive/c/sensenuts/6.1.2/Lib/sensenuts/libSense_JN516x.a(AppQueueApi.o)
                0x00081118                _vAppQApiPostCritInt
 .text.vAppQApiReturnCritIndBuffer
                0x0008118a       0xa2 /cygdrive/c/sensenuts/6.1.2/Lib/sensenuts/libSense_JN516x.a(AppQueueApi.o)
                0x0008118a                _vAppQApiReturnCritIndBuffer
 .text.vAppQApiReturnTaskIndBuffer
                0x0008122c       0xae /cygdrive/c/sensenuts/6.1.2/Lib/sensenuts/libSense_JN516x.a(AppQueueApi.o)
                0x0008122c                _vAppQApiReturnTaskIndBuffer
 .text.vAppQApiReturnMcpsIndBuffer
                0x000812da       0xa6 /cygdrive/c/sensenuts/6.1.2/Lib/sensenuts/libSense_JN516x.a(AppQueueApi.o)
                0x000812da                _vAppQApiReturnMcpsIndBuffer
 .text.vAppQApiReturnMlmeIndBuffer
                0x00081380       0xa6 /cygdrive/c/sensenuts/6.1.2/Lib/sensenuts/libSense_JN516x.a(AppQueueApi.o)
                0x00081380                _vAppQApiReturnMlmeIndBuffer
 .text.vAppQApiPostTaskInt
                0x00081426       0x89 /cygdrive/c/sensenuts/6.1.2/Lib/sensenuts/libSense_JN516x.a(AppQueueApi.o)
                0x00081426                _vAppQApiPostTaskInt
 .text.vAppQApiPostMcps
                0x000814af       0x63 /cygdrive/c/sensenuts/6.1.2/Lib/sensenuts/libSense_JN516x.a(AppQueueApi.o)
 .text.vAppQApiPostMlme
                0x00081512       0x63 /cygdrive/c/sensenuts/6.1.2/Lib/sensenuts/libSense_JN516x.a(AppQueueApi.o)
 .text.u32AppQApiInit
                0x00081575      0x1bc /cygdrive/c/sensenuts/6.1.2/Lib/sensenuts/libSense_JN516x.a(AppQueueApi.o)
                0x00081575                _u32AppQApiInit
 .text.bigBang  0x00081731       0x50 /cygdrive/c/sensenuts/6.1.2/Lib/sensenuts/libSense_JN516x.a(bigbang.o)
                0x00081731                _bigBang
 .text.clockInit
                0x00081781       0x4e /cygdrive/c/sensenuts/6.1.2/Lib/sensenuts/libSense_JN516x.a(clock.o)
                0x00081781                _clockInit
 .text.clockHandler
                0x000817cf       0xa7 /cygdrive/c/sensenuts/6.1.2/Lib/sensenuts/libSense_JN516x.a(clock.o)
                0x000817cf                _clockHandler
 *fill*         0x00081876        0x2 00
 .text.findNextSubProcess
                0x00081878       0x88 /cygdrive/c/sensenuts/6.1.2/Lib/sensenuts/libSense_JN516x.a(scheduler.o)
                0x00081878                _findNextSubProcess
 .text.findNextRRProcess
                0x00081900       0x7c /cygdrive/c/sensenuts/6.1.2/Lib/sensenuts/libSense_JN516x.a(scheduler.o)
                0x00081900                _findNextRRProcess
 .text.selectSubProcess
                0x0008197c       0x7c /cygdrive/c/sensenuts/6.1.2/Lib/sensenuts/libSense_JN516x.a(scheduler.o)
                0x0008197c                _selectSubProcess
 .text.startRRSch
                0x000819f8       0x8d /cygdrive/c/sensenuts/6.1.2/Lib/sensenuts/libSense_JN516x.a(scheduler.o)
                0x000819f8                _startRRSch
 .text.startScheduler
                0x00081a85        0x6 /cygdrive/c/sensenuts/6.1.2/Lib/sensenuts/libSense_JN516x.a(scheduler.o)
                0x00081a85                _startScheduler
 .text.getPTask
                0x00081a8b       0x5c /cygdrive/c/sensenuts/6.1.2/Lib/sensenuts/libSense_JN516x.a(task.o)
                0x00081a8b                _getPTask
 .text.pvAppApiDefGetMacHandle
                0x00081ae7        0x9 /cygdrive/c/sensenuts/6.1.2/Lib/Components/Library/libAppApi_JN516x.a(AppApi.o)
                0x00081ae7                _pvAppApiDefGetMacHandle
 .text.vAppApiDefSetPrbsSeed
                0x00081af0       0x24 /cygdrive/c/sensenuts/6.1.2/Lib/Components/Library/libAppApi_JN516x.a(AppApi.o)
                0x00081af0                _vAppApiDefSetPrbsSeed
 .text.pvAppApiDefGetMacAddrLocation
                0x00081b14        0x9 /cygdrive/c/sensenuts/6.1.2/Lib/Components/Library/libAppApi_JN516x.a(AppApi.o)
                0x00081b14                _pvAppApiDefGetMacAddrLocation
 .text.vAppApiDefSetInterrupts
                0x00081b1d       0x3d /cygdrive/c/sensenuts/6.1.2/Lib/Components/Library/libAppApi_JN516x.a(AppApi.o)
                0x00081b1d                _vAppApiDefSetInterrupts
 .text.vAppApiDefPowerUp
                0x00081b5a       0x26 /cygdrive/c/sensenuts/6.1.2/Lib/Components/Library/libAppApi_JN516x.a(AppApi.o)
                0x00081b5a                _vAppApiDefPowerUp
 .text.vAppApiDefStartStack
                0x00081b80       0x51 /cygdrive/c/sensenuts/6.1.2/Lib/Components/Library/libAppApi_JN516x.a(AppApi.o)
                0x00081b80                _vAppApiDefStartStack
 .text.u32AppApiDefInit
                0x00081bd1       0x5a /cygdrive/c/sensenuts/6.1.2/Lib/Components/Library/libAppApi_JN516x.a(AppApi.o)
                0x00081bd1                _u32AppApiDefInit
 .text.eAppApiDefPlmeGet
                0x00081c2b       0x33 /cygdrive/c/sensenuts/6.1.2/Lib/Components/Library/libAppApi_JN516x.a(AppApi.o)
                0x00081c2b                _eAppApiDefPlmeGet
 .text.vAppApiDefMcpsRequest
                0x00081c5e       0x32 /cygdrive/c/sensenuts/6.1.2/Lib/Components/Library/libAppApi_JN516x.a(AppApi.o)
                0x00081c5e                _vAppApiDefMcpsRequest
 .text.vAppApiDefMlmeRequest
                0x00081c90       0x32 /cygdrive/c/sensenuts/6.1.2/Lib/Components/Library/libAppApi_JN516x.a(AppApi.o)
                0x00081c90                _vAppApiDefMlmeRequest
 .text.eAppApiDefPlmeSet
                0x00081cc2       0x33 /cygdrive/c/sensenuts/6.1.2/Lib/Components/Library/libAppApi_JN516x.a(AppApi.o)
                0x00081cc2                _eAppApiDefPlmeSet
 .text.vAppApiDefSaveMacSettings
                0x00081cf5       0x5d /cygdrive/c/sensenuts/6.1.2/Lib/Components/Library/libAppApi_JN516x.a(AppApiSleep.o)
                0x00081cf5                _vAppApiDefSaveMacSettings
 .text.vMAC_RestoreSettings
                0x00081d52       0xc8 /cygdrive/c/sensenuts/6.1.2/Lib/Components/Library/libAppApi_JN516x.a(AppApiSleep.o)
                0x00081d52                _vMAC_RestoreSettings
 .text.vAppApiDefRestoreMacSettings
                0x00081e1a       0x25 /cygdrive/c/sensenuts/6.1.2/Lib/Components/Library/libAppApi_JN516x.a(AppApiSleep.o)
                0x00081e1a                _vAppApiDefRestoreMacSettings
 .text.vSetTimer0
                0x00081e3f        0xf /cygdrive/c/sensenuts/6.1.2/Lib/Components/Library/libMac_JN516x.a(mac_main.o)
                0x00081e3f                _vSetTimer0
 .text.u32GetTimer0
                0x00081e4e        0x7 /cygdrive/c/sensenuts/6.1.2/Lib/Components/Library/libMac_JN516x.a(mac_main.o)
                0x00081e4e                _u32GetTimer0
 .text.MAC_vXcvPhyEvtHandler
                0x00081e55       0x10 /cygdrive/c/sensenuts/6.1.2/Lib/Components/Library/libMac_JN516x.a(mac_main.o)
                0x00081e55                _MAC_vXcvPhyEvtHandler
 .text.MAC_vXcvBbcEvtHandler
                0x00081e65       0x20 /cygdrive/c/sensenuts/6.1.2/Lib/Components/Library/libMac_JN516x.a(mac_main.o)
                0x00081e65                _MAC_vXcvBbcEvtHandler
 .text.mac_vInitTimer0
                0x00081e85       0x20 /cygdrive/c/sensenuts/6.1.2/Lib/Components/Library/libMac_JN516x.a(mac_main.o)
                0x00081e85                _mac_vInitTimer0
 .text.MAC_pvCtor
                0x00081ea5       0x82 /cygdrive/c/sensenuts/6.1.2/Lib/Components/Library/libMac_JN516x.a(mac_main.o)
                0x00081ea5                _MAC_pvCtor
 .text.MAC_vHandleMcpsReqRsp
                0x00081f27       0x2d /cygdrive/c/sensenuts/6.1.2/Lib/Components/Library/libMac_JN516x.a(mac_mcps.o)
                0x00081f27                _MAC_vHandleMcpsReqRsp
 .text.vHandleTofRequest
                0x00081f54       0x12 /cygdrive/c/sensenuts/6.1.2/Lib/Components/Library/libMac_JN516x.a(mac_mlme.o)
 *fill*         0x00081f66        0x2 00
 .text.MAC_vHandleMlmeReqRsp
                0x00081f68       0xb4 /cygdrive/c/sensenuts/6.1.2/Lib/Components/Library/libMac_JN516x.a(mac_mlme.o)
                0x00081f68                _MAC_vHandleMlmeReqRsp
 .text.MAC_psPibGetHandle
                0x0008201c        0x7 /cygdrive/c/sensenuts/6.1.2/Lib/Components/Library/libMac_JN516x.a(mac_pib.o)
                0x0008201c                _MAC_psPibGetHandle
 .text.MAC_vPibSetShortAddr
                0x00082023        0xe /cygdrive/c/sensenuts/6.1.2/Lib/Components/Library/libMac_JN516x.a(mac_pib.o)
                0x00082023                _MAC_vPibSetShortAddr
 .text.MAC_vPibSetPanId
                0x00082031       0x1b /cygdrive/c/sensenuts/6.1.2/Lib/Components/Library/libMac_JN516x.a(mac_pib.o)
                0x00082031                _MAC_vPibSetPanId
 .text.MAC_vPibSetMinBe
                0x0008204c       0x1e /cygdrive/c/sensenuts/6.1.2/Lib/Components/Library/libMac_JN516x.a(mac_pib.o)
                0x0008204c                _MAC_vPibSetMinBe
 .text.MAC_vPibSetMaxCsmaBackoffs
                0x0008206a       0x21 /cygdrive/c/sensenuts/6.1.2/Lib/Components/Library/libMac_JN516x.a(mac_pib.o)
                0x0008206a                _MAC_vPibSetMaxCsmaBackoffs
 .text.MAC_vSetExtAddr
                0x0008208b       0x1f /cygdrive/c/sensenuts/6.1.2/Lib/Components/Library/libMac_JN516x.a(mac_pib.o)
                0x0008208b                _MAC_vSetExtAddr
 .text.MAC_vPibSetRxOnWhenIdle
                0x000820aa       0x13 /cygdrive/c/sensenuts/6.1.2/Lib/Components/Library/libMac_JN516x.a(mac_pib.o)
                0x000820aa                _MAC_vPibSetRxOnWhenIdle
 .text.MAC_vPibSetPromiscuousMode
                0x000820bd       0x40 /cygdrive/c/sensenuts/6.1.2/Lib/Components/Library/libMac_JN516x.a(mac_pib.o)
                0x000820bd                _MAC_vPibSetPromiscuousMode
 .text.mac_vPibCmpCoordExtAddr
                0x000820fd       0x29 /cygdrive/c/sensenuts/6.1.2/Lib/Components/Library/libMac_JN516x.a(mac_pib_mlme.o)
                0x000820fd                _mac_vPibCmpCoordExtAddr
 .text.mac_vPibReset
                0x00082126       0x87 /cygdrive/c/sensenuts/6.1.2/Lib/Components/Library/libMac_JN516x.a(mac_pib_mlme.o)
                0x00082126                _mac_vPibReset
 .text.mac_vPibSetDefaults
                0x000821ad      0x12e /cygdrive/c/sensenuts/6.1.2/Lib/Components/Library/libMac_JN516x.a(mac_pib_mlme.o)
                0x000821ad                _mac_vPibSetDefaults
 .text.vPMICreset
                0x000822db        0xd /cygdrive/c/sensenuts/6.1.2/Lib/Components/Library/libMac_JN516x.a(mac_pmic.o)
                0x000822db                _vPMICreset
 .text.vPMICpostFailedAssocDcfm
                0x000822e8       0x3d /cygdrive/c/sensenuts/6.1.2/Lib/Components/Library/libMac_JN516x.a(mac_pmic.o)
                0x000822e8                _vPMICpostFailedAssocDcfm
 .text.vPMICassocReqTO_2
                0x00082325       0x1d /cygdrive/c/sensenuts/6.1.2/Lib/Components/Library/libMac_JN516x.a(mac_pmic.o)
 .text.vPMICassocReqFrameReceived
                0x00082342       0x79 /cygdrive/c/sensenuts/6.1.2/Lib/Components/Library/libMac_JN516x.a(mac_pmic.o)
                0x00082342                _vPMICassocReqFrameReceived
 .text.vPMICdisassocReceived
                0x000823bb       0x93 /cygdrive/c/sensenuts/6.1.2/Lib/Components/Library/libMac_JN516x.a(mac_pmic.o)
                0x000823bb                _vPMICdisassocReceived
 .text.vPMICassocRespFrameReceived
                0x0008244e       0x93 /cygdrive/c/sensenuts/6.1.2/Lib/Components/Library/libMac_JN516x.a(mac_pmic.o)
                0x0008244e                _vPMICassocRespFrameReceived
 .text.vPMICassocReqTO_1
                0x000824e1       0x8c /cygdrive/c/sensenuts/6.1.2/Lib/Components/Library/libMac_JN516x.a(mac_pmic.o)
 .text.vPMICdisassociateRequest
                0x0008256d       0xf4 /cygdrive/c/sensenuts/6.1.2/Lib/Components/Library/libMac_JN516x.a(mac_pmic.o)
                0x0008256d                _vPMICdisassociateRequest
 .text.bPMICdisassocReqSent
                0x00082661       0x83 /cygdrive/c/sensenuts/6.1.2/Lib/Components/Library/libMac_JN516x.a(mac_pmic.o)
 .text.vPMICassociateResponse
                0x000826e4       0xd9 /cygdrive/c/sensenuts/6.1.2/Lib/Components/Library/libMac_JN516x.a(mac_pmic.o)
                0x000826e4                _vPMICassociateResponse
 .text.bAssocRespSent
                0x000827bd       0x1d /cygdrive/c/sensenuts/6.1.2/Lib/Components/Library/libMac_JN516x.a(mac_pmic.o)
 .text.vPMICassociateRequest
                0x000827da       0xe6 /cygdrive/c/sensenuts/6.1.2/Lib/Components/Library/libMac_JN516x.a(mac_pmic.o)
                0x000827da                _vPMICassociateRequest
 .text.bPMICassocReqPollSent
                0x000828c0       0x5b /cygdrive/c/sensenuts/6.1.2/Lib/Components/Library/libMac_JN516x.a(mac_pmic.o)
 .text.bPMICassocReqSent
                0x0008291b       0x8d /cygdrive/c/sensenuts/6.1.2/Lib/Components/Library/libMac_JN516x.a(mac_pmic.o)
 .text.MAC_vRegisterMlmeDcfmIndCallbacks
                0x000829a8        0xc /cygdrive/c/sensenuts/6.1.2/Lib/Components/Library/libMac_JN516x.a(mac_ind.o)
                0x000829a8                _MAC_vRegisterMlmeDcfmIndCallbacks
 .text.MAC_vRegisterMcpsDcfmIndCallbacks
                0x000829b4        0xc /cygdrive/c/sensenuts/6.1.2/Lib/Components/Library/libMac_JN516x.a(mac_ind.o)
                0x000829b4                _MAC_vRegisterMcpsDcfmIndCallbacks
 .text.mac_psDcfmIndGetBuf
                0x000829c0       0x23 /cygdrive/c/sensenuts/6.1.2/Lib/Components/Library/libMac_JN516x.a(mac_ind.o)
                0x000829c0                _mac_psDcfmIndGetBuf
 .text.mac_eDcfmIndPost
                0x000829e3       0x21 /cygdrive/c/sensenuts/6.1.2/Lib/Components/Library/libMac_JN516x.a(mac_ind.o)
                0x000829e3                _mac_eDcfmIndPost
 .text.eScanHandleEvt
                0x00082a04       0x2e /cygdrive/c/sensenuts/6.1.2/Lib/Components/Library/libMac_JN516x.a(mac_scan.o)
                0x00082a04                _eScanHandleEvt
 .text.vScanHandleTimer
                0x00082a32        0x8 /cygdrive/c/sensenuts/6.1.2/Lib/Components/Library/libMac_JN516x.a(mac_scan.o)
 .text.eGenlIllegal
                0x00082a3a        0x7 /cygdrive/c/sensenuts/6.1.2/Lib/Components/Library/libMac_JN516x.a(mac_scan.o)
 .text.eGenlDontCare
                0x00082a41        0x5 /cygdrive/c/sensenuts/6.1.2/Lib/Components/Library/libMac_JN516x.a(mac_scan.o)
 .text.eWEnDEdDone
                0x00082a46       0x64 /cygdrive/c/sensenuts/6.1.2/Lib/Components/Library/libMac_JN516x.a(mac_scan.o)
 .text.eWEnDTmrExpiry
                0x00082aaa        0xb /cygdrive/c/sensenuts/6.1.2/Lib/Components/Library/libMac_JN516x.a(mac_scan.o)
 .text.mac_eScanHandleXcvBbcEvt
                0x00082ab5        0xf /cygdrive/c/sensenuts/6.1.2/Lib/Components/Library/libMac_JN516x.a(mac_scan.o)
                0x00082ab5                _mac_eScanHandleXcvBbcEvt
 .text.mac_eScanHandleXcvPhyEvt
                0x00082ac4       0x12 /cygdrive/c/sensenuts/6.1.2/Lib/Components/Library/libMac_JN516x.a(mac_scan.o)
                0x00082ac4                _mac_eScanHandleXcvPhyEvt
 .text.vSetNextChannel
                0x00082ad6       0x4a /cygdrive/c/sensenuts/6.1.2/Lib/Components/Library/libMac_JN516x.a(mac_scan.o)
 .text.mac_vScanHandleMlmeReq
                0x00082b20       0x98 /cygdrive/c/sensenuts/6.1.2/Lib/Components/Library/libMac_JN516x.a(mac_scan.o)
                0x00082b20                _mac_vScanHandleMlmeReq
 .text.mac_eScanInit
                0x00082bb8       0x19 /cygdrive/c/sensenuts/6.1.2/Lib/Components/Library/libMac_JN516x.a(mac_scan.o)
                0x00082bb8                _mac_eScanInit
 .text.vPostDcfm
                0x00082bd1       0xe9 /cygdrive/c/sensenuts/6.1.2/Lib/Components/Library/libMac_JN516x.a(mac_scan.o)
 .text.eWCoRRxDone
                0x00082cba       0xb7 /cygdrive/c/sensenuts/6.1.2/Lib/Components/Library/libMac_JN516x.a(mac_scan.o)
 .text.eGenTmrExpiry
                0x00082d71       0x4b /cygdrive/c/sensenuts/6.1.2/Lib/Components/Library/libMac_JN516x.a(mac_scan.o)
 .text.eWEDTEdDone
                0x00082dbc       0x1a /cygdrive/c/sensenuts/6.1.2/Lib/Components/Library/libMac_JN516x.a(mac_scan.o)
 .text.eGenRxHdrDone
                0x00082dd6       0x13 /cygdrive/c/sensenuts/6.1.2/Lib/Components/Library/libMac_JN516x.a(mac_scan.o)
 .text.eWONTTxDone
                0x00082de9       0x35 /cygdrive/c/sensenuts/6.1.2/Lib/Components/Library/libMac_JN516x.a(mac_scan.o)
 .text.eWBRTTxDone
                0x00082e1e       0x21 /cygdrive/c/sensenuts/6.1.2/Lib/Components/Library/libMac_JN516x.a(mac_scan.o)
 .text.eWBcnRxDone
                0x00082e3f      0x19e /cygdrive/c/sensenuts/6.1.2/Lib/Components/Library/libMac_JN516x.a(mac_scan.o)
 .text.bSendMacCmd
                0x00082fdd       0x40 /cygdrive/c/sensenuts/6.1.2/Lib/Components/Library/libMac_JN516x.a(mac_scan.o)
 .text.eWChCChanChgd
                0x0008301d      0x170 /cygdrive/c/sensenuts/6.1.2/Lib/Components/Library/libMac_JN516x.a(mac_scan.o)
 .text.mac_vLPBAdjustBeaconOffset
                0x0008318d       0x5d /cygdrive/c/sensenuts/6.1.2/Lib/Components/Library/libMac_JN516x.a(mac_lp.o)
                0x0008318d                _mac_vLPBAdjustBeaconOffset
 .text.mac_u32LPBGetBeaconTimeout
                0x000831ea        0x9 /cygdrive/c/sensenuts/6.1.2/Lib/Components/Library/libMac_JN516x.a(mac_lp.o)
                0x000831ea                _mac_u32LPBGetBeaconTimeout
 .text.MAC_u32ConvertFrom16uS
                0x000831f3       0x41 /cygdrive/c/sensenuts/6.1.2/Lib/Components/Library/libMac_JN516x.a(mac_lp.o)
                0x000831f3                _MAC_u32ConvertFrom16uS
 .text.mac_vLPBSleep
                0x00083234       0x55 /cygdrive/c/sensenuts/6.1.2/Lib/Components/Library/libMac_JN516x.a(mac_lp.o)
                0x00083234                _mac_vLPBSleep
 .text.mac_vLPBStopTimer
                0x00083289        0xe /cygdrive/c/sensenuts/6.1.2/Lib/Components/Library/libMac_JN516x.a(mac_lp.o)
                0x00083289                _mac_vLPBStopTimer
 .text.mac_vLPBStartTimer
                0x00083297       0x88 /cygdrive/c/sensenuts/6.1.2/Lib/Components/Library/libMac_JN516x.a(mac_lp.o)
                0x00083297                _mac_vLPBStartTimer
 .text.vMCPSframeReceived
                0x0008331f       0x5a /cygdrive/c/sensenuts/6.1.2/Lib/Components/Library/libMac_JN516x.a(MCPS.o)
                0x0008331f                _vMCPSframeReceived
 .text.bSearchQueue
                0x00083379       0x36 /cygdrive/c/sensenuts/6.1.2/Lib/Components/Library/libMac_JN516x.a(MCPS.o)
 .text.vTAM_MCPSpurgeRequest
                0x000833af       0x64 /cygdrive/c/sensenuts/6.1.2/Lib/Components/Library/libMac_JN516x.a(MCPS.o)
                0x000833af                _vTAM_MCPSpurgeRequest
 .text.bMCPSframeTXcomplete
                0x00083413       0x5a /cygdrive/c/sensenuts/6.1.2/Lib/Components/Library/libMac_JN516x.a(MCPS.o)
 .text.vTAM_MCPSdataRequest
                0x0008346d       0x46 /cygdrive/c/sensenuts/6.1.2/Lib/Components/Library/libMac_JN516x.a(MCPS.o)
                0x0008346d                _vTAM_MCPSdataRequest
 .text.phy_ePibGet
                0x000834b3       0x34 /cygdrive/c/sensenuts/6.1.2/Lib/Components/Library/libMac_JN516x.a(phy_pib.o)
                0x000834b3                _phy_ePibGet
 .text.u8GetPapValue
                0x000834e7       0x21 /cygdrive/c/sensenuts/6.1.2/Lib/Components/Library/libMac_JN516x.a(phy_pib.o)
 .text.vPhySetChannel
                0x00083508       0x77 /cygdrive/c/sensenuts/6.1.2/Lib/Components/Library/libMac_JN516x.a(phy_pib.o)
                0x00083508                _vPhySetChannel
 .text.phy_ePibSet
                0x0008357f       0x90 /cygdrive/c/sensenuts/6.1.2/Lib/Components/Library/libMac_JN516x.a(phy_pib.o)
                0x0008357f                _phy_ePibSet
 .text.phy_vPibSetDefaults
                0x0008360f       0x2c /cygdrive/c/sensenuts/6.1.2/Lib/Components/Library/libMac_JN516x.a(phy_pib.o)
                0x0008360f                _phy_vPibSetDefaults
 .text.bTAMinPAN
                0x0008363b       0x19 /cygdrive/c/sensenuts/6.1.2/Lib/Components/Library/libMac_JN516x.a(TAM.o)
                0x0008363b                _bTAMinPAN
 .text.eTAMevent
                0x00083654       0x1a /cygdrive/c/sensenuts/6.1.2/Lib/Components/Library/libMac_JN516x.a(TAM.o)
                0x00083654                _eTAMevent
 *fill*         0x0008366e        0x2 00
 .text.eTAMselect
                0x00083670      0x154 /cygdrive/c/sensenuts/6.1.2/Lib/Components/Library/libMac_JN516x.a(TAM.o)
                0x00083670                _eTAMselect
 .text.vTAM_MLMEsyncRequest
                0x000837c4       0x17 /cygdrive/c/sensenuts/6.1.2/Lib/Components/Library/libMac_JN516x.a(TAM.o)
                0x000837c4                _vTAM_MLMEsyncRequest
 .text.vTAM_MLMEstartRequest
                0x000837db       0x87 /cygdrive/c/sensenuts/6.1.2/Lib/Components/Library/libMac_JN516x.a(TAM.o)
                0x000837db                _vTAM_MLMEstartRequest
 .text.vTAMreset
                0x00083862      0x1f6 /cygdrive/c/sensenuts/6.1.2/Lib/Components/Library/libMac_JN516x.a(TAM.o)
                0x00083862                _vTAMreset
 .text.vTAMCOsetCoordinator
                0x00083a58       0x29 /cygdrive/c/sensenuts/6.1.2/Lib/Components/Library/libMac_JN516x.a(TAMCO.o)
                0x00083a58                _vTAMCOsetCoordinator
 .text.vTAMCOupdatePendingList
                0x00083a81       0xbb /cygdrive/c/sensenuts/6.1.2/Lib/Components/Library/libMac_JN516x.a(TAMCO.o)
                0x00083a81                _vTAMCOupdatePendingList
 .text.vTAMCOreqTXinCAP
                0x00083b3c       0x2f /cygdrive/c/sensenuts/6.1.2/Lib/Components/Library/libMac_JN516x.a(TAMCO.o)
                0x00083b3c                _vTAMCOreqTXinCAP
 .text.vTrySendFromDirectNoBeacon
                0x00083b6b       0x38 /cygdrive/c/sensenuts/6.1.2/Lib/Components/Library/libMac_JN516x.a(TAMCO.o)
 .text.vTAMCOreqTXnoBeacon
                0x00083ba3       0x18 /cygdrive/c/sensenuts/6.1.2/Lib/Components/Library/libMac_JN516x.a(TAMCO.o)
                0x00083ba3                _vTAMCOreqTXnoBeacon
 .text.vTAMCOframeRXnobeacon
                0x00083bbb       0x18 /cygdrive/c/sensenuts/6.1.2/Lib/Components/Library/libMac_JN516x.a(TAMCO.o)
                0x00083bbb                _vTAMCOframeRXnobeacon
 .text.vTAMCOframeTXnobeacon
                0x00083bd3       0x1e /cygdrive/c/sensenuts/6.1.2/Lib/Components/Library/libMac_JN516x.a(TAMCO.o)
                0x00083bd3                _vTAMCOframeTXnobeacon
 .text.vTrySendFromDirectCAP
                0x00083bf1       0x25 /cygdrive/c/sensenuts/6.1.2/Lib/Components/Library/libMac_JN516x.a(TAMCO.o)
 .text.vTAMCOframeRXcap
                0x00083c16       0x18 /cygdrive/c/sensenuts/6.1.2/Lib/Components/Library/libMac_JN516x.a(TAMCO.o)
                0x00083c16                _vTAMCOframeRXcap
 .text.vTAMCOframeRXgoingIdle
                0x00083c2e       0x1c /cygdrive/c/sensenuts/6.1.2/Lib/Components/Library/libMac_JN516x.a(TAMCO.o)
                0x00083c2e                _vTAMCOframeRXgoingIdle
 .text.vTAMCOframeTXcap
                0x00083c4a       0x30 /cygdrive/c/sensenuts/6.1.2/Lib/Components/Library/libMac_JN516x.a(TAMCO.o)
                0x00083c4a                _vTAMCOframeTXcap
 .text.vTAMCOframeTXgoingIdle
                0x00083c7a       0x1b /cygdrive/c/sensenuts/6.1.2/Lib/Components/Library/libMac_JN516x.a(TAMCO.o)
                0x00083c7a                _vTAMCOframeTXgoingIdle
 .text.vTAMCOint2Fired
                0x00083c95       0x22 /cygdrive/c/sensenuts/6.1.2/Lib/Components/Library/libMac_JN516x.a(TAMCO.o)
                0x00083c95                _vTAMCOint2Fired
 .text.vTAMCOframeTXbeacon
                0x00083cb7       0xc9 /cygdrive/c/sensenuts/6.1.2/Lib/Components/Library/libMac_JN516x.a(TAMCO.o)
                0x00083cb7                _vTAMCOframeTXbeacon
 .text.vTAMCOint1Fired
                0x00083d80       0xef /cygdrive/c/sensenuts/6.1.2/Lib/Components/Library/libMac_JN516x.a(TAMCO.o)
                0x00083d80                _vTAMCOint1Fired
 .text.vTAMCOint1FiredCAP
                0x00083e6f       0x7f /cygdrive/c/sensenuts/6.1.2/Lib/Components/Library/libMac_JN516x.a(TAMCO.o)
                0x00083e6f                _vTAMCOint1FiredCAP
 .text.vTAMCOstartBeacon
                0x00083eee       0x41 /cygdrive/c/sensenuts/6.1.2/Lib/Components/Library/libMac_JN516x.a(TAMCO.o)
                0x00083eee                _vTAMCOstartBeacon
 .text.vStartStoreValues
                0x00083f2f       0xbc /cygdrive/c/sensenuts/6.1.2/Lib/Components/Library/libMac_JN516x.a(TAMCO.o)
 .text.bStartCallback
                0x00083feb       0x2f /cygdrive/c/sensenuts/6.1.2/Lib/Components/Library/libMac_JN516x.a(TAMCO.o)
 .text.vTAMCO_MLMEstartRequest
                0x0008401a      0x11e /cygdrive/c/sensenuts/6.1.2/Lib/Components/Library/libMac_JN516x.a(TAMCO.o)
                0x0008401a                _vTAMCO_MLMEstartRequest
 .text.vTAMCOframeStarting
                0x00084138       0x1e /cygdrive/c/sensenuts/6.1.2/Lib/Components/Library/libMac_JN516x.a(TAMCO.o)
                0x00084138                _vTAMCOframeStarting
 .text.vTAMDEdetermineNullState
                0x00084156       0x1d /cygdrive/c/sensenuts/6.1.2/Lib/Components/Library/libMac_JN516x.a(TAMDE.o)
                0x00084156                _vTAMDEdetermineNullState
 .text.vSetPHYfromMacValue
                0x00084173       0x45 /cygdrive/c/sensenuts/6.1.2/Lib/Components/Library/libMac_JN516x.a(TAMDE.o)
 .text.vTAMDEint1FiredWaitDR
                0x000841b8       0x20 /cygdrive/c/sensenuts/6.1.2/Lib/Components/Library/libMac_JN516x.a(TAMDE.o)
                0x000841b8                _vTAMDEint1FiredWaitDR
 .text.vTAMDEstartSync
                0x000841d8       0x86 /cygdrive/c/sensenuts/6.1.2/Lib/Components/Library/libMac_JN516x.a(TAMDE.o)
                0x000841d8                _vTAMDEstartSync
 .text.vTAMDE_MLMEsyncRequest
                0x0008425e       0x30 /cygdrive/c/sensenuts/6.1.2/Lib/Components/Library/libMac_JN516x.a(TAMDE.o)
                0x0008425e                _vTAMDE_MLMEsyncRequest
 .text.vTrySendUnslotted
                0x0008428e       0x23 /cygdrive/c/sensenuts/6.1.2/Lib/Components/Library/libMac_JN516x.a(TAMDE.o)
 .text.vDeterminePowerState
                0x000842b1       0x98 /cygdrive/c/sensenuts/6.1.2/Lib/Components/Library/libMac_JN516x.a(TAMDE.o)
 .text.vTAMDEreqTXnullTrackingCAP
                0x00084349       0x1c /cygdrive/c/sensenuts/6.1.2/Lib/Components/Library/libMac_JN516x.a(TAMDE.o)
                0x00084349                _vTAMDEreqTXnullTrackingCAP
 .text.vTAMDEint2FiredTrackingDR
                0x00084365       0x2b /cygdrive/c/sensenuts/6.1.2/Lib/Components/Library/libMac_JN516x.a(TAMDE.o)
                0x00084365                _vTAMDEint2FiredTrackingDR
 .text.vTAMDEframeTXDEnull
                0x00084390       0x28 /cygdrive/c/sensenuts/6.1.2/Lib/Components/Library/libMac_JN516x.a(TAMDE.o)
                0x00084390                _vTAMDEframeTXDEnull
 .text.vTAMDEframeTXtrackingCAPgts
                0x000843b8       0x34 /cygdrive/c/sensenuts/6.1.2/Lib/Components/Library/libMac_JN516x.a(TAMDE.o)
                0x000843b8                _vTAMDEframeTXtrackingCAPgts
 .text.vTAMDEframeRX
                0x000843ec       0x30 /cygdrive/c/sensenuts/6.1.2/Lib/Components/Library/libMac_JN516x.a(TAMDE.o)
                0x000843ec                _vTAMDEframeRX
 .text.vTAMDEframePreSyncReq
                0x0008441c       0x21 /cygdrive/c/sensenuts/6.1.2/Lib/Components/Library/libMac_JN516x.a(TAMDE.o)
                0x0008441c                _vTAMDEframePreSyncReq
 .text.bSendDataRequest
                0x0008443d      0x113 /cygdrive/c/sensenuts/6.1.2/Lib/Components/Library/libMac_JN516x.a(TAMDE.o)
 .text.vTAMDEframeRXtrackingDR
                0x00084550       0x47 /cygdrive/c/sensenuts/6.1.2/Lib/Components/Library/libMac_JN516x.a(TAMDE.o)
                0x00084550                _vTAMDEframeRXtrackingDR
 .text.vTAMDEint2FiredPollActive
                0x00084597       0x34 /cygdrive/c/sensenuts/6.1.2/Lib/Components/Library/libMac_JN516x.a(TAMDE.o)
                0x00084597                _vTAMDEint2FiredPollActive
 .text.vTAMDEframeTXtrackingDR
                0x000845cb       0x6b /cygdrive/c/sensenuts/6.1.2/Lib/Components/Library/libMac_JN516x.a(TAMDE.o)
                0x000845cb                _vTAMDEframeTXtrackingDR
 .text.vTAMDEint1FiredTracking
                0x00084636       0x6f /cygdrive/c/sensenuts/6.1.2/Lib/Components/Library/libMac_JN516x.a(TAMDE.o)
                0x00084636                _vTAMDEint1FiredTracking
 .text.vTAMDEint1FiredTrackingCAPgts
                0x000846a5       0xca /cygdrive/c/sensenuts/6.1.2/Lib/Components/Library/libMac_JN516x.a(TAMDE.o)
                0x000846a5                _vTAMDEint1FiredTrackingCAPgts
 .text.vTAMDEint1FiredTrackingBeacon
                0x0008476f       0xa7 /cygdrive/c/sensenuts/6.1.2/Lib/Components/Library/libMac_JN516x.a(TAMDE.o)
                0x0008476f                _vTAMDEint1FiredTrackingBeacon
 .text.bProcessBeaconRX
                0x00084816       0xe6 /cygdrive/c/sensenuts/6.1.2/Lib/Components/Library/libMac_JN516x.a(TAMDE.o)
 .text.vTAMDEframeRXsyncReq
                0x000848fc      0x26c /cygdrive/c/sensenuts/6.1.2/Lib/Components/Library/libMac_JN516x.a(TAMDE.o)
                0x000848fc                _vTAMDEframeRXsyncReq
 .text.vTAMDEint1FiredSyncReq
                0x00084b68       0x7b /cygdrive/c/sensenuts/6.1.2/Lib/Components/Library/libMac_JN516x.a(TAMDE.o)
                0x00084b68                _vTAMDEint1FiredSyncReq
 .text.pvMEMget
                0x00084be3       0x27 /cygdrive/c/sensenuts/6.1.2/Lib/Components/Library/libMac_JN516x.a(TAM_MEM.o)
                0x00084be3                _pvMEMget
 .text.vMEMreturn
                0x00084c0a       0x6a /cygdrive/c/sensenuts/6.1.2/Lib/Components/Library/libMac_JN516x.a(TAM_MEM.o)
                0x00084c0a                _vMEMreturn
 .text.vMEMreset
                0x00084c74       0x70 /cygdrive/c/sensenuts/6.1.2/Lib/Components/Library/libMac_JN516x.a(TAM_MEM.o)
                0x00084c74                _vMEMreset
 .text.vMLMErxEnableConfirm
                0x00084ce4       0x37 /cygdrive/c/sensenuts/6.1.2/Lib/Components/Library/libMac_JN516x.a(TAM_MLME.o)
                0x00084ce4                _vMLMErxEnableConfirm
 .text.vMLMEcommStatus
                0x00084d1b       0x6e /cygdrive/c/sensenuts/6.1.2/Lib/Components/Library/libMac_JN516x.a(TAM_MLME.o)
                0x00084d1b                _vMLMEcommStatus
 .text.vMLMEcommStatusFromFrame
                0x00084d89       0x47 /cygdrive/c/sensenuts/6.1.2/Lib/Components/Library/libMac_JN516x.a(TAM_MLME.o)
                0x00084d89                _vMLMEcommStatusFromFrame
 .text.vMLMEsyncLoss
                0x00084dd0       0x38 /cygdrive/c/sensenuts/6.1.2/Lib/Components/Library/libMac_JN516x.a(TAM_MLME.o)
                0x00084dd0                _vMLMEsyncLoss
 .text.vMLMEbeaconNotify
                0x00084e08      0x17c /cygdrive/c/sensenuts/6.1.2/Lib/Components/Library/libMac_JN516x.a(TAM_MLME.o)
                0x00084e08                _vMLMEbeaconNotify
 .text.vTAHsetCutOff
                0x00084f84        0xa /cygdrive/c/sensenuts/6.1.2/Lib/Components/Library/libMac_JN516x.a(TAM_TAH.o)
                0x00084f84                _vTAHsetCutOff
 .text.vTAHsetSyncLock
                0x00084f8e       0x18 /cygdrive/c/sensenuts/6.1.2/Lib/Components/Library/libMac_JN516x.a(TAM_TAH.o)
                0x00084f8e                _vTAHsetSyncLock
 .text.vTAHsetPhyStateDirect
                0x00084fa6       0x33 /cygdrive/c/sensenuts/6.1.2/Lib/Components/Library/libMac_JN516x.a(TAM_TAH.o)
                0x00084fa6                _vTAHsetPhyStateDirect
 .text.vTAHsetPhyState
                0x00084fd9       0x35 /cygdrive/c/sensenuts/6.1.2/Lib/Components/Library/libMac_JN516x.a(TAM_TAH.o)
                0x00084fd9                _vTAHsetPhyState
 .text.vTAIdisableInterrupt
                0x0008500e       0x10 /cygdrive/c/sensenuts/6.1.2/Lib/Components/Library/libMac_JN516x.a(TAM_TAI.o)
                0x0008500e                _vTAIdisableInterrupt
 .text.vTAIsetRxEnableTime
                0x0008501e       0x1d /cygdrive/c/sensenuts/6.1.2/Lib/Components/Library/libMac_JN516x.a(TAM_TAI.o)
                0x0008501e                _vTAIsetRxEnableTime
 .text.vTAIsetCapTime
                0x0008503b       0x1d /cygdrive/c/sensenuts/6.1.2/Lib/Components/Library/libMac_JN516x.a(TAM_TAI.o)
                0x0008503b                _vTAIsetCapTime
 .text.eTATreadTXstatus
                0x00085058       0x46 /cygdrive/c/sensenuts/6.1.2/Lib/Components/Library/libMac_JN516x.a(TAM_TAT.o)
                0x00085058                _eTATreadTXstatus
 .text.vTATgetFrameAddress
                0x0008509e       0x20 /cygdrive/c/sensenuts/6.1.2/Lib/Components/Library/libMac_JN516x.a(TAM_TAT.o)
                0x0008509e                _vTATgetFrameAddress
 .text.vTATgetFramePayload
                0x000850be       0x1d /cygdrive/c/sensenuts/6.1.2/Lib/Components/Library/libMac_JN516x.a(TAM_TAT.o)
                0x000850be                _vTATgetFramePayload
 .text.vTATsetBLE
                0x000850db       0x3e /cygdrive/c/sensenuts/6.1.2/Lib/Components/Library/libMac_JN516x.a(TAM_TAT.o)
                0x000850db                _vTATsetBLE
 .text.vTATwriteAclMaterialToHardware
                0x00085119       0x2c /cygdrive/c/sensenuts/6.1.2/Lib/Components/Library/libMac_JN516x.a(TAM_TAT.o)
                0x00085119                _vTATwriteAclMaterialToHardware
 .text.bIsBbcSafeForTx
                0x00085145       0x2d /cygdrive/c/sensenuts/6.1.2/Lib/Components/Library/libMac_JN516x.a(TAM_TAT.o)
                0x00085145                _bIsBbcSafeForTx
 .text.vTATstartReceiveAt
                0x00085172       0x1e /cygdrive/c/sensenuts/6.1.2/Lib/Components/Library/libMac_JN516x.a(TAM_TAT.o)
                0x00085172                _vTATstartReceiveAt
 .text.vWriteFrame
                0x00085190       0x7d /cygdrive/c/sensenuts/6.1.2/Lib/Components/Library/libMac_JN516x.a(TAM_TAT.o)
 .text.bTATsendFrame
                0x0008520d       0x5a /cygdrive/c/sensenuts/6.1.2/Lib/Components/Library/libMac_JN516x.a(TAM_TAT.o)
                0x0008520d                _bTATsendFrame
 .text.bTATsendFrameAt
                0x00085267       0x48 /cygdrive/c/sensenuts/6.1.2/Lib/Components/Library/libMac_JN516x.a(TAM_TAT.o)
                0x00085267                _bTATsendFrameAt
 .text.bTACassessBeaconForPayload
                0x000852af       0x4c /cygdrive/c/sensenuts/6.1.2/Lib/Components/Library/libMac_JN516x.a(TAMcommon.o)
                0x000852af                _bTACassessBeaconForPayload
 .text.bTACframeInProgress
                0x000852fb       0x27 /cygdrive/c/sensenuts/6.1.2/Lib/Components/Library/libMac_JN516x.a(TAMcommon.o)
                0x000852fb                _bTACframeInProgress
 .text.vTACu16ToPayloadM
                0x00085322        0xc /cygdrive/c/sensenuts/6.1.2/Lib/Components/Library/libMac_JN516x.a(TAMcommon.o)
                0x00085322                _vTACu16ToPayloadM
 .text.vTACu32ToPayloadM
                0x0008532e       0x18 /cygdrive/c/sensenuts/6.1.2/Lib/Components/Library/libMac_JN516x.a(TAMcommon.o)
                0x0008532e                _vTACu32ToPayloadM
 .text.u16TACpayloadToU16M
                0x00085346        0xf /cygdrive/c/sensenuts/6.1.2/Lib/Components/Library/libMac_JN516x.a(TAMcommon.o)
                0x00085346                _u16TACpayloadToU16M
 .text.u32TACpayloadToU32M
                0x00085355       0x23 /cygdrive/c/sensenuts/6.1.2/Lib/Components/Library/libMac_JN516x.a(TAMcommon.o)
                0x00085355                _u32TACpayloadToU32M
 .text.u8TACgetHeaderSize
                0x00085378       0x26 /cygdrive/c/sensenuts/6.1.2/Lib/Components/Library/libMac_JN516x.a(TAMcommon.o)
                0x00085378                _u8TACgetHeaderSize
 .text.vTACsetTxFrameDefaults
                0x0008539e       0x2a /cygdrive/c/sensenuts/6.1.2/Lib/Components/Library/libMac_JN516x.a(TAMcommon.o)
                0x0008539e                _vTACsetTxFrameDefaults
 .text.vTACcheckPollResponse
                0x000853c8       0x37 /cygdrive/c/sensenuts/6.1.2/Lib/Components/Library/libMac_JN516x.a(TAMcommon.o)
                0x000853c8                _vTACcheckPollResponse
 .text.bUpdateTime
                0x000853ff       0x46 /cygdrive/c/sensenuts/6.1.2/Lib/Components/Library/libMac_JN516x.a(TAMcommon.o)
 .text.vTACbuildBeacon
                0x00085445      0x257 /cygdrive/c/sensenuts/6.1.2/Lib/Components/Library/libMac_JN516x.a(TAMcommon.o)
                0x00085445                _vTACbuildBeacon
 .text.vTACsetFramePending
                0x0008569c       0x3f /cygdrive/c/sensenuts/6.1.2/Lib/Components/Library/libMac_JN516x.a(TAMcommon.o)
                0x0008569c                _vTACsetFramePending
 .text.vTACsetPHYfromMacValue
                0x000856db       0x2b /cygdrive/c/sensenuts/6.1.2/Lib/Components/Library/libMac_JN516x.a(TAMcommon.o)
                0x000856db                _vTACsetPHYfromMacValue
 .text.bTACcheckPANconflict
                0x00085706       0xa8 /cygdrive/c/sensenuts/6.1.2/Lib/Components/Library/libMac_JN516x.a(TAMcommon.o)
                0x00085706                _bTACcheckPANconflict
 .text.bTACprocessUnexpectedBeacon
                0x000857ae       0x6d /cygdrive/c/sensenuts/6.1.2/Lib/Components/Library/libMac_JN516x.a(TAMcommon.o)
                0x000857ae                _bTACprocessUnexpectedBeacon
 .text.bSendSyncLoss
                0x0008581b       0x1e /cygdrive/c/sensenuts/6.1.2/Lib/Components/Library/libMac_JN516x.a(TAMcommon.o)
 .text.vTACinformOriginator
                0x00085839       0x26 /cygdrive/c/sensenuts/6.1.2/Lib/Components/Library/libMac_JN516x.a(TAMcommon.o)
                0x00085839                _vTACinformOriginator
 .text.vTACintRXheader
                0x0008585f       0x98 /cygdrive/c/sensenuts/6.1.2/Lib/Components/Library/libMac_JN516x.a(TAMcommon.o)
                0x0008585f                _vTACintRXheader
 .text.bTACprocessFrameRXcomplete
                0x000858f7      0x231 /cygdrive/c/sensenuts/6.1.2/Lib/Components/Library/libMac_JN516x.a(TAMcommon.o)
                0x000858f7                _bTACprocessFrameRXcomplete
 .text.eTACprocessFrameTXcomplete
                0x00085b28      0x17c /cygdrive/c/sensenuts/6.1.2/Lib/Components/Library/libMac_JN516x.a(TAMcommon.o)
                0x00085b28                _eTACprocessFrameTXcomplete
 .text.vTAMinsertEvent
                0x00085ca4       0x6c /cygdrive/c/sensenuts/6.1.2/Lib/Components/Library/libMac_JN516x.a(TAMevent.o)
                0x00085ca4                _vTAMinsertEvent
 .text.vTAM_TxRetryTimeout
                0x00085d10        0x8 /cygdrive/c/sensenuts/6.1.2/Lib/Components/Library/libMac_JN516x.a(TAMevent.o)
                0x00085d10                _vTAM_TxRetryTimeout
 .text.vTAM_QueueTxEvent
                0x00085d18       0x11 /cygdrive/c/sensenuts/6.1.2/Lib/Components/Library/libMac_JN516x.a(TAMevent.o)
                0x00085d18                _vTAM_QueueTxEvent
 .text.vTAM_CancelTxRetryTimer
                0x00085d29        0xf /cygdrive/c/sensenuts/6.1.2/Lib/Components/Library/libMac_JN516x.a(TAMevent.o)
                0x00085d29                _vTAM_CancelTxRetryTimer
 .text.vTAM_TxRetryTimer
                0x00085d38       0x13 /cygdrive/c/sensenuts/6.1.2/Lib/Components/Library/libMac_JN516x.a(TAMevent.o)
                0x00085d38                _vTAM_TxRetryTimer
 .text.vTAQaddToFifo
                0x00085d4b       0x1a /cygdrive/c/sensenuts/6.1.2/Lib/Components/Library/libMac_JN516x.a(TAMqueue.o)
                0x00085d4b                _vTAQaddToFifo
 .text.bTAQremoveFromFifo
                0x00085d65       0x3d /cygdrive/c/sensenuts/6.1.2/Lib/Components/Library/libMac_JN516x.a(TAMqueue.o)
                0x00085d65                _bTAQremoveFromFifo
 .text.vTAQresetFifo
                0x00085da2        0x9 /cygdrive/c/sensenuts/6.1.2/Lib/Components/Library/libMac_JN516x.a(TAMqueue.o)
                0x00085da2                _vTAQresetFifo
 .text.psTAQsearchFifoForHandle
                0x00085dab       0x18 /cygdrive/c/sensenuts/6.1.2/Lib/Components/Library/libMac_JN516x.a(TAMqueue.o)
                0x00085dab                _psTAQsearchFifoForHandle
 .text.psTAQsearchFifo
                0x00085dc3       0x46 /cygdrive/c/sensenuts/6.1.2/Lib/Components/Library/libMac_JN516x.a(TAMqueue.o)
                0x00085dc3                _psTAQsearchFifo
 .text.vDoGoOff
                0x00085e09       0x1a /cygdrive/c/sensenuts/6.1.2/Lib/Components/Library/libMac_JN516x.a(TAMrxEnable.o)
 .text.vDoGoActive
                0x00085e23       0x28 /cygdrive/c/sensenuts/6.1.2/Lib/Components/Library/libMac_JN516x.a(TAMrxEnable.o)
 .text.vTAM_MLMErxEnableRequest
                0x00085e4b       0xc8 /cygdrive/c/sensenuts/6.1.2/Lib/Components/Library/libMac_JN516x.a(TAMrxEnable.o)
                0x00085e4b                _vTAM_MLMErxEnableRequest
 .text.vTAMRXEsetReceiveForPibChange
                0x00085f13       0x33 /cygdrive/c/sensenuts/6.1.2/Lib/Components/Library/libMac_JN516x.a(TAMrxEnable.o)
                0x00085f13                _vTAMRXEsetReceiveForPibChange
 .text.vTAMRXEsetPhy
                0x00085f46       0xb6 /cygdrive/c/sensenuts/6.1.2/Lib/Components/Library/libMac_JN516x.a(TAMrxEnable.o)
                0x00085f46                _vTAMRXEsetPhy
 .text.vTAMRXEint2Fired
                0x00085ffc       0x42 /cygdrive/c/sensenuts/6.1.2/Lib/Components/Library/libMac_JN516x.a(TAMrxEnable.o)
                0x00085ffc                _vTAMRXEint2Fired
 .text.bSecurityLevelCheckingAlgorithm
                0x0008603e       0x25 /cygdrive/c/sensenuts/6.1.2/Lib/Components/Library/libMac_JN516x.a(TAMsecurity.o)
 .text.u8TSCframeIncrease
                0x00086063        0xf /cygdrive/c/sensenuts/6.1.2/Lib/Components/Library/libMac_JN516x.a(TAMsecurity.o)
                0x00086063                _u8TSCframeIncrease
 .text.vTSCsetUpwardSecurity
                0x00086072       0x15 /cygdrive/c/sensenuts/6.1.2/Lib/Components/Library/libMac_JN516x.a(TAMsecurity.o)
                0x00086072                _vTSCsetUpwardSecurity
 .text.vCopyToDataFromMacAddr
                0x00086087       0x33 /cygdrive/c/sensenuts/6.1.2/Lib/Components/Library/libMac_JN516x.a(TAMsecurity.o)
 .text.vTSCpostTransmitUpdate
                0x000860ba       0x3b /cygdrive/c/sensenuts/6.1.2/Lib/Components/Library/libMac_JN516x.a(TAMsecurity.o)
                0x000860ba                _vTSCpostTransmitUpdate
 .text.vTSCsetOutgoingInfo
                0x000860f5      0x158 /cygdrive/c/sensenuts/6.1.2/Lib/Components/Library/libMac_JN516x.a(TAMsecurity.o)
                0x000860f5                _vTSCsetOutgoingInfo
 .text.vMAC_RetrieveSecurityInfoFromFrame
                0x0008624d       0x92 /cygdrive/c/sensenuts/6.1.2/Lib/Components/Library/libMac_JN516x.a(TAMsecurity.o)
                0x0008624d                _vMAC_RetrieveSecurityInfoFromFrame
 .text.MAC_bLookUpKeyDescriptor
                0x000862df       0x7f /cygdrive/c/sensenuts/6.1.2/Lib/Components/Library/libMac_JN516x.a(TAMsecurity.o)
 .text.bTSCgetOutgoingInfo2003
                0x0008635e       0x21 /cygdrive/c/sensenuts/6.1.2/Lib/Components/Library/libMac_JN516x.a(TAMsecurity.o)
                0x0008635e                _bTSCgetOutgoingInfo2003
 .text.bTSCgetOutgoingInfo
                0x0008637f      0x11c /cygdrive/c/sensenuts/6.1.2/Lib/Components/Library/libMac_JN516x.a(TAMsecurity.o)
                0x0008637f                _bTSCgetOutgoingInfo
 .text.vTSCgetIncomingInfo
                0x0008649b       0xc6 /cygdrive/c/sensenuts/6.1.2/Lib/Components/Library/libMac_JN516x.a(TAMsecurity.o)
                0x0008649b                _vTSCgetIncomingInfo
 .text.bTSCcheckIncomingFrame
                0x00086561      0x689 /cygdrive/c/sensenuts/6.1.2/Lib/Components/Library/libMac_JN516x.a(TAMsecurity.o)
                0x00086561                _bTSCcheckIncomingFrame
 .text.vTAStidyUpAfterFrameTX
                0x00086bea       0x26 /cygdrive/c/sensenuts/6.1.2/Lib/Components/Library/libMac_JN516x.a(TAMsideways.o)
                0x00086bea                _vTAStidyUpAfterFrameTX
 .text.bTASsendCommStatusInd
                0x00086c10       0x1b /cygdrive/c/sensenuts/6.1.2/Lib/Components/Library/libMac_JN516x.a(TAMsideways.o)
                0x00086c10                _bTASsendCommStatusInd
 .text.vTASretrieveSecurity
                0x00086c2b       0x24 /cygdrive/c/sensenuts/6.1.2/Lib/Components/Library/libMac_JN516x.a(TAMsideways.o)
                0x00086c2b                _vTASretrieveSecurity
 .text.vTASretrieveFrame
                0x00086c4f       0x88 /cygdrive/c/sensenuts/6.1.2/Lib/Components/Library/libMac_JN516x.a(TAMsideways.o)
                0x00086c4f                _vTASretrieveFrame
 .text.eTAStransmitRequest
                0x00086cd7      0x3e3 /cygdrive/c/sensenuts/6.1.2/Lib/Components/Library/libMac_JN516x.a(TAMsideways.o)
                0x00086cd7                _eTAStransmitRequest
 .text.vTTIBLETimerExpired
                0x000870ba        0xb /cygdrive/c/sensenuts/6.1.2/Lib/Components/Library/libMac_JN516x.a(TAMtime.o)
                0x000870ba                _vTTIBLETimerExpired
 .text.vTTITimer2Expired
                0x000870c5        0x8 /cygdrive/c/sensenuts/6.1.2/Lib/Components/Library/libMac_JN516x.a(TAMtime.o)
                0x000870c5                _vTTITimer2Expired
 .text.vTTITimer1Expired
                0x000870cd        0x8 /cygdrive/c/sensenuts/6.1.2/Lib/Components/Library/libMac_JN516x.a(TAMtime.o)
                0x000870cd                _vTTITimer1Expired
 .text.vTTITransactionTimerExpired
                0x000870d5       0x2f /cygdrive/c/sensenuts/6.1.2/Lib/Components/Library/libMac_JN516x.a(TAMtime.o)
                0x000870d5                _vTTITransactionTimerExpired
 .text.vCmdWaitBusy
                0x00087104        0xd /cygdrive/c/sensenuts/6.1.2/Lib/Components/Library/libMac_JN516x.a(TAM_AES.o)
 .text.vEcbEncodeStripe
                0x00087111       0x55 /cygdrive/c/sensenuts/6.1.2/Lib/Components/Library/libMac_JN516x.a(TAM_AES.o)
 .text.vFromU16ToLe
                0x00087166        0xc /cygdrive/c/sensenuts/6.1.2/Lib/Components/Library/libMac_JN516x.a(TAM_AES.o)
 .text.vFromU32ToLe
                0x00087172       0x18 /cygdrive/c/sensenuts/6.1.2/Lib/Components/Library/libMac_JN516x.a(TAM_AES.o)
 .text.u8TAM_AES_WriteAuxilliarySecurityHeaderIntoBuffer
                0x0008718a       0x6a /cygdrive/c/sensenuts/6.1.2/Lib/Components/Library/libMac_JN516x.a(TAM_AES.o)
                0x0008718a                _u8TAM_AES_WriteAuxilliarySecurityHeaderIntoBuffer
 .text.u8Write802_15_4HeaderIntoBuffer
                0x000871f4      0x110 /cygdrive/c/sensenuts/6.1.2/Lib/Components/Library/libMac_JN516x.a(TAM_AES.o)
 .text.vWrite802_15_4NonceIntoBuffer
                0x00087304       0x4a /cygdrive/c/sensenuts/6.1.2/Lib/Components/Library/libMac_JN516x.a(TAM_AES.o)
 .text.vTAM_AES_OptimisedCcmStar
                0x0008734e      0x244 /cygdrive/c/sensenuts/6.1.2/Lib/Components/Library/libMac_JN516x.a(TAM_AES.o)
                0x0008734e                _vTAM_AES_OptimisedCcmStar
 .text.bTAM_AES_CCMstarPatch2006
                0x00087592       0xf4 /cygdrive/c/sensenuts/6.1.2/Lib/Components/Library/libMac_JN516x.a(TAM_AES.o)
                0x00087592                _bTAM_AES_CCMstarPatch2006
 .text.bTAM_AES_CCMstarPatch
                0x00087686       0xfe /cygdrive/c/sensenuts/6.1.2/Lib/Components/Library/libMac_JN516x.a(TAM_AES.o)
                0x00087686                _bTAM_AES_CCMstarPatch
 .text.MAC_u8AclFindInfo
                0x00087784      0x118 /cygdrive/c/sensenuts/6.1.2/Lib/Components/Library/libMac_JN516x.a(mac_acl.o)
                0x00087784                _MAC_u8AclFindInfo
 .text.vMAC_MISCorphanReceived
                0x0008789c       0x4f /cygdrive/c/sensenuts/6.1.2/Lib/Components/Library/libMac_JN516x.a(mac_misc.o)
                0x0008789c                _vMAC_MISCorphanReceived
 .text.vMAC_MISCpollConfirm
                0x000878eb       0x35 /cygdrive/c/sensenuts/6.1.2/Lib/Components/Library/libMac_JN516x.a(mac_misc.o)
                0x000878eb                _vMAC_MISCpollConfirm
 .text.vMAC_MISCpollRequest
                0x00087920       0xbe /cygdrive/c/sensenuts/6.1.2/Lib/Components/Library/libMac_JN516x.a(mac_misc.o)
                0x00087920                _vMAC_MISCpollRequest
 .text.vMAC_MISCorphanResponse
                0x000879de       0xc4 /cygdrive/c/sensenuts/6.1.2/Lib/Components/Library/libMac_JN516x.a(mac_misc.o)
                0x000879de                _vMAC_MISCorphanResponse
 .text.bPollReqSent
                0x00087aa2       0x1e /cygdrive/c/sensenuts/6.1.2/Lib/Components/Library/libMac_JN516x.a(mac_misc.o)
 .text.vUpdateRegisters
                0x00087ac0       0x4b /cygdrive/c/sensenuts/6.1.2/Lib/Components/Library/libXcv_JN516x.a(xcv_main.o)
 .text.XCV_vCtor
                0x00087b0b      0x1ae /cygdrive/c/sensenuts/6.1.2/Lib/Components/Library/libXcv_JN516x.a(xcv_main.o)
                0x00087b0b                _XCV_vCtor
 .text.XCV_vDevWriteIER
                0x00087cb9        0xa /cygdrive/c/sensenuts/6.1.2/Lib/Components/Library/libXcv_JN516x.a(xcv_access.o)
                0x00087cb9                _XCV_vDevWriteIER
 .text.XCV_vDevRMW_IER
                0x00087cc3       0x19 /cygdrive/c/sensenuts/6.1.2/Lib/Components/Library/libXcv_JN516x.a(xcv_access.o)
                0x00087cc3                _XCV_vDevRMW_IER
 .text.vXCV_IntHandlerBbc
                0x00087cdc       0x62 /cygdrive/c/sensenuts/6.1.2/Lib/Components/Library/libXcv_JN516x.a(xcv_isr.o)
                0x00087cdc                _vXCV_IntHandlerBbc
 .text.vXCV_IntHandlerPhy
                0x00087d3e       0xab /cygdrive/c/sensenuts/6.1.2/Lib/Components/Library/libXcv_JN516x.a(xcv_isr.o)
                0x00087d3e                _vXCV_IntHandlerPhy
 .text.TSV_eInit
                0x00087de9       0x1d /cygdrive/c/sensenuts/6.1.2/Lib/Components/Library/libTimerServer_JN516x.a(tsv_main.o)
                0x00087de9                _TSV_eInit
 .text.TSV_eOpen
                0x00087e06        0x8 /cygdrive/c/sensenuts/6.1.2/Lib/Components/Library/libTimerServer_JN516x.a(tsv_main.o)
                0x00087e06                _TSV_eOpen
 .text.psRemove
                0x00087e0e       0x47 /cygdrive/c/sensenuts/6.1.2/Lib/Components/Library/libTimerServer_JN516x.a(tsv_main.o)
 .text.vExpireHead
                0x00087e55       0x31 /cygdrive/c/sensenuts/6.1.2/Lib/Components/Library/libTimerServer_JN516x.a(tsv_main.o)
 .text.TSV_eExpireProc
                0x00087e86       0x2b /cygdrive/c/sensenuts/6.1.2/Lib/Components/Library/libTimerServer_JN516x.a(tsv_main.o)
                0x00087e86                _TSV_eExpireProc
 .text.TSV_eStart
                0x00087eb1       0xcf /cygdrive/c/sensenuts/6.1.2/Lib/Components/Library/libTimerServer_JN516x.a(tsv_main.o)
                0x00087eb1                _TSV_eStart
 .text.TSV_eStop
                0x00087f80       0x79 /cygdrive/c/sensenuts/6.1.2/Lib/Components/Library/libTimerServer_JN516x.a(tsv_main.o)
                0x00087f80                _TSV_eStop
 .text.vAHI_IntHandlerAnalogPeriph
                0x00087ff9       0x20 /cygdrive/c/sensenuts/6.1.2/Lib/Components/Library/libHardwareApi_JN516x.a(AHI_Analogue.o)
                0x00087ff9                _vAHI_IntHandlerAnalogPeriph
 .text.vAHI_DioSetDirection
                0x00088019       0x14 /cygdrive/c/sensenuts/6.1.2/Lib/Components/Library/libHardwareApi_JN516x.a(AHI_Dio.o)
                0x00088019                _vAHI_DioSetDirection
 .text.vAHI_DioSetOutput
                0x0008802d       0x14 /cygdrive/c/sensenuts/6.1.2/Lib/Components/Library/libHardwareApi_JN516x.a(AHI_Dio.o)
                0x0008802d                _vAHI_DioSetOutput
 .text.vAHI_DioSetPullup
                0x00088041       0x20 /cygdrive/c/sensenuts/6.1.2/Lib/Components/Library/libHardwareApi_JN516x.a(AHI_Dio.o)
                0x00088041                _vAHI_DioSetPullup
 .text.vAHI_DioWakeEnable
                0x00088061       0x20 /cygdrive/c/sensenuts/6.1.2/Lib/Components/Library/libHardwareApi_JN516x.a(AHI_Dio.o)
                0x00088061                _vAHI_DioWakeEnable
 .text.vAHI_DioWakeEdge
                0x00088081       0x20 /cygdrive/c/sensenuts/6.1.2/Lib/Components/Library/libHardwareApi_JN516x.a(AHI_Dio.o)
                0x00088081                _vAHI_DioWakeEdge
 .text.u32AHI_Init
                0x000880a1       0xc5 /cygdrive/c/sensenuts/6.1.2/Lib/Components/Library/libHardwareApi_JN516x.a(AHI_Init.o)
                0x000880a1                _u32AHI_Init
 .text          0x00088166       0x27 /cygdrive/c/sensenuts/6.1.2/Lib/Components/Library/libHardwareApi_JN516x.a(AHI_Interrupt.o)
                0x00088184                _vAHI_InterruptSetActivePriorityLevel
                0x00088166                _vAHI_InterruptSetPriority
 .text.vAHI_SwReset
                0x0008818d        0x9 /cygdrive/c/sensenuts/6.1.2/Lib/Components/Library/libHardwareApi_JN516x.a(AHI_Reset.o)
                0x0008818d                _vAHI_SwReset
 .text.vAHI_SiMasterConfigure
                0x00088196       0x43 /cygdrive/c/sensenuts/6.1.2/Lib/Components/Library/libHardwareApi_JN516x.a(AHI_Si.o)
                0x00088196                _vAHI_SiMasterConfigure
 .text.bAHI_SiMasterSetCmdReg
                0x000881d9       0x4f /cygdrive/c/sensenuts/6.1.2/Lib/Components/Library/libHardwareApi_JN516x.a(AHI_Si.o)
                0x000881d9                _bAHI_SiMasterSetCmdReg
 .text.vAHI_SiMasterWriteData8
                0x00088228        0x7 /cygdrive/c/sensenuts/6.1.2/Lib/Components/Library/libHardwareApi_JN516x.a(AHI_Si.o)
                0x00088228                _vAHI_SiMasterWriteData8
 .text.u8AHI_SiMasterReadData8
                0x0008822f        0xa /cygdrive/c/sensenuts/6.1.2/Lib/Components/Library/libHardwareApi_JN516x.a(AHI_Si.o)
                0x0008822f                _u8AHI_SiMasterReadData8
 .text.vAHI_SiMasterWriteSlaveAddr
                0x00088239       0x19 /cygdrive/c/sensenuts/6.1.2/Lib/Components/Library/libHardwareApi_JN516x.a(AHI_Si.o)
                0x00088239                _vAHI_SiMasterWriteSlaveAddr
 .text.bAHI_SiMasterPollTransferInProgress
                0x00088252        0xd /cygdrive/c/sensenuts/6.1.2/Lib/Components/Library/libHardwareApi_JN516x.a(AHI_Si.o)
                0x00088252                _bAHI_SiMasterPollTransferInProgress
 .text.vAHI_IntHandlerSi
                0x0008825f       0x45 /cygdrive/c/sensenuts/6.1.2/Lib/Components/Library/libHardwareApi_JN516x.a(AHI_Si.o)
                0x0008825f                _vAHI_IntHandlerSi
 .text.vAHI_IntHandlerSpiMaster
                0x000882a4       0x26 /cygdrive/c/sensenuts/6.1.2/Lib/Components/Library/libHardwareApi_JN516x.a(AHI_Spi.o)
                0x000882a4                _vAHI_IntHandlerSpiMaster
 .text.u8AHI_PowerStatus
                0x000882ca        0xa /cygdrive/c/sensenuts/6.1.2/Lib/Components/Library/libHardwareApi_JN516x.a(AHI_System.o)
                0x000882ca                _u8AHI_PowerStatus
 .text.vAHI_ProtocolPower
                0x000882d4       0x17 /cygdrive/c/sensenuts/6.1.2/Lib/Components/Library/libHardwareApi_JN516x.a(AHI_System.o)
                0x000882d4                _vAHI_ProtocolPower
 .text.vAHI_CpuDoze
                0x000882eb       0x13 /cygdrive/c/sensenuts/6.1.2/Lib/Components/Library/libHardwareApi_JN516x.a(AHI_System.o)
                0x000882eb                _vAHI_CpuDoze
 .text.vAHI_SysCtrlRegisterCallback
                0x000882fe        0x9 /cygdrive/c/sensenuts/6.1.2/Lib/Components/Library/libHardwareApi_JN516x.a(AHI_System.o)
                0x000882fe                _vAHI_SysCtrlRegisterCallback
 .text.vAHI_WatchdogStop
                0x00088307       0x17 /cygdrive/c/sensenuts/6.1.2/Lib/Components/Library/libHardwareApi_JN516x.a(AHI_System.o)
                0x00088307                _vAHI_WatchdogStop
 .text.bAHI_GetClkSource
                0x0008831e        0xd /cygdrive/c/sensenuts/6.1.2/Lib/Components/Library/libHardwareApi_JN516x.a(AHI_System.o)
                0x0008831e                _bAHI_GetClkSource
 .text.vAHI_OptimiseWaitStates
                0x0008832b       0x49 /cygdrive/c/sensenuts/6.1.2/Lib/Components/Library/libHardwareApi_JN516x.a(AHI_System.o)
                0x0008832b                _vAHI_OptimiseWaitStates
 .text.vAHI_SetWaitStateToChangingClockSourceAndSpeed
                0x00088374       0x67 /cygdrive/c/sensenuts/6.1.2/Lib/Components/Library/libHardwareApi_JN516x.a(AHI_System.o)
 .text.vPollClkSource
                0x000883db       0x15 /cygdrive/c/sensenuts/6.1.2/Lib/Components/Library/libHardwareApi_JN516x.a(AHI_System.o)
 .text.bAHI_SetClockRate
                0x000883f0       0x51 /cygdrive/c/sensenuts/6.1.2/Lib/Components/Library/libHardwareApi_JN516x.a(AHI_System.o)
                0x000883f0                _bAHI_SetClockRate
 .text.vAHI_MemoryHold
                0x00088441       0x48 /cygdrive/c/sensenuts/6.1.2/Lib/Components/Library/libHardwareApi_JN516x.a(AHI_System.o)
 .text.bAHI_Clock32MHzStable
                0x00088489        0xd /cygdrive/c/sensenuts/6.1.2/Lib/Components/Library/libHardwareApi_JN516x.a(AHI_System.o)
                0x00088489                _bAHI_Clock32MHzStable
 .text.vAHI_IntHandlerSysCtrl
                0x00088496       0x3d /cygdrive/c/sensenuts/6.1.2/Lib/Components/Library/libHardwareApi_JN516x.a(AHI_System.o)
                0x00088496                _vAHI_IntHandlerSysCtrl
 .text.vAHI_Sleep
                0x000884d3       0xbf /cygdrive/c/sensenuts/6.1.2/Lib/Components/Library/libHardwareApi_JN516x.a(AHI_System.o)
                0x000884d3                _vAHI_Sleep
 .text.vAHI_TickTimerInit
                0x00088592        0x9 /cygdrive/c/sensenuts/6.1.2/Lib/Components/Library/libHardwareApi_JN516x.a(AHI_TickTimer.o)
                0x00088592                _vAHI_TickTimerInit
 .text.vAHI_TickTimerWrite
                0x0008859b        0x9 /cygdrive/c/sensenuts/6.1.2/Lib/Components/Library/libHardwareApi_JN516x.a(AHI_TickTimer.o)
                0x0008859b                _vAHI_TickTimerWrite
 .text.vAHI_TickTimerConfigure
                0x000885a4       0x1b /cygdrive/c/sensenuts/6.1.2/Lib/Components/Library/libHardwareApi_JN516x.a(AHI_TickTimer.o)
                0x000885a4                _vAHI_TickTimerConfigure
 .text.vAHI_TickTimerIntEnable
                0x000885bf       0x21 /cygdrive/c/sensenuts/6.1.2/Lib/Components/Library/libHardwareApi_JN516x.a(AHI_TickTimer.o)
                0x000885bf                _vAHI_TickTimerIntEnable
 .text.vAHI_TickTimerInterval
                0x000885e0       0x1e /cygdrive/c/sensenuts/6.1.2/Lib/Components/Library/libHardwareApi_JN516x.a(AHI_TickTimer.o)
                0x000885e0                _vAHI_TickTimerInterval
 .text.vAHI_IntHandlerTickTimer
                0x000885fe       0x3d /cygdrive/c/sensenuts/6.1.2/Lib/Components/Library/libHardwareApi_JN516x.a(AHI_TickTimer.o)
                0x000885fe                _vAHI_IntHandlerTickTimer
 .text.vAHI_IntHandlerTimer0
                0x0008863b       0x1d /cygdrive/c/sensenuts/6.1.2/Lib/Components/Library/libHardwareApi_JN516x.a(AHI_TimerInt.o)
                0x0008863b                _vAHI_IntHandlerTimer0
 .text.vAHI_IntHandlerTimer1
                0x00088658       0x1c /cygdrive/c/sensenuts/6.1.2/Lib/Components/Library/libHardwareApi_JN516x.a(AHI_TimerInt.o)
                0x00088658                _vAHI_IntHandlerTimer1
 .text.vAHI_IntHandlerTimer3
                0x00088674       0x1d /cygdrive/c/sensenuts/6.1.2/Lib/Components/Library/libHardwareApi_JN516x.a(AHI_TimerInt.o)
                0x00088674                _vAHI_IntHandlerTimer3
 .text.vAHI_IntHandlerTimer4
                0x00088691       0x1d /cygdrive/c/sensenuts/6.1.2/Lib/Components/Library/libHardwareApi_JN516x.a(AHI_TimerInt.o)
                0x00088691                _vAHI_IntHandlerTimer4
 .text.vAHI_IntHandlerTimer2
                0x000886ae       0x33 /cygdrive/c/sensenuts/6.1.2/Lib/Components/Library/libHardwareApi_JN516x.a(AHI_TimerInt.o)
                0x000886ae                _vAHI_IntHandlerTimer2
 .text.vAHI_IntHandlerUart0
                0x000886e1       0x29 /cygdrive/c/sensenuts/6.1.2/Lib/Components/Library/libHardwareApi_JN516x.a(AHI_Uart.o)
                0x000886e1                _vAHI_IntHandlerUart0
 .text.vAHI_IntHandlerUart1
                0x0008870a       0x29 /cygdrive/c/sensenuts/6.1.2/Lib/Components/Library/libHardwareApi_JN516x.a(AHI_Uart.o)
                0x0008870a                _vAHI_IntHandlerUart1
 .text.vAHI_WakeTimerEnable
                0x00088733       0x5c /cygdrive/c/sensenuts/6.1.2/Lib/Components/Library/libHardwareApi_JN516x.a(AHI_WakeTimer.o)
                0x00088733                _vAHI_WakeTimerEnable
 .text.vAHI_WakeTimerStart
                0x0008878f       0x58 /cygdrive/c/sensenuts/6.1.2/Lib/Components/Library/libHardwareApi_JN516x.a(AHI_WakeTimer.o)
                0x0008878f                _vAHI_WakeTimerStart
 .text.vAHI_WakeTimerStop
                0x000887e7       0x27 /cygdrive/c/sensenuts/6.1.2/Lib/Components/Library/libHardwareApi_JN516x.a(AHI_WakeTimer.o)
                0x000887e7                _vAHI_WakeTimerStop
 .text.vAHI_FlashAndEEPROMControllerIntHandler
                0x0008880e       0x39 /cygdrive/c/sensenuts/6.1.2/Lib/Components/Library/libHardwareApi_JN516x.a(AHI_Flash.o)
                0x0008880e                _vAHI_FlashAndEEPROMControllerIntHandler
 .text.vAHI_IntHandlerSpiSlave
                0x00088847       0x1d /cygdrive/c/sensenuts/6.1.2/Lib/Components/Library/libHardwareApi_JN516x.a(AHI_SpiSlave.o)
                0x00088847                _vAHI_IntHandlerSpiSlave
 .text.vAHI_IntHandlerInfrared
                0x00088864       0x17 /cygdrive/c/sensenuts/6.1.2/Lib/Components/Library/libHardwareApi_JN516x.a(AHI_Infrared.o)
                0x00088864                _vAHI_IntHandlerInfrared
 .text.vMicroIntEnableOnly
                0x0008887b       0x2d /cygdrive/c/sensenuts/6.1.2/Lib/Components/Library/libMicroSpecific_JN516x.a(MicroInt.o)
                0x0008887b                _vMicroIntEnableOnly
 .text.vMicroIntRestoreState
                0x000888a8        0xc /cygdrive/c/sensenuts/6.1.2/Lib/Components/Library/libMicroSpecific_JN516x.a(MicroInt.o)
                0x000888a8                _vMicroIntRestoreState
 .text.pvHeap_Alloc
                0x000888b4        0xf /cygdrive/c/sensenuts/6.1.2/Lib/Components/Library/libBoot_JN516x.a(Heap.o)
                0x000888b4                _pvHeap_Alloc
 .text.pvHeap_DefAlloc
                0x000888c3       0x41 /cygdrive/c/sensenuts/6.1.2/Lib/Components/Library/libBoot_JN516x.a(Heap.o)
 .text.udivmodsi4
                0x00088904       0x34 /cygdrive/c/sensenuts/6.1.2/Lib/Components/Library/libMaths_JN516x.a(Maths.o)
                0x00088904                _udivmodsi4
 .text.__udivsi3
                0x00088938        0x8 /cygdrive/c/sensenuts/6.1.2/Lib/Components/Library/libMaths_JN516x.a(Maths.o)
                0x00088938                ___udivsi3
 .text.vACI_IntHandlerAes
                0x00088940       0x25 /cygdrive/c/sensenuts/6.1.2/Lib/Components/Library/libAes_JN516x.a(AEScoprocessorAPIinterrupts.o)
                0x00088940                _vACI_IntHandlerAes
 .text          0x00088965       0x48 /cygdrive/c/sensenuts/6.1.2/Lib/Tools/ba-elf-ba2/bin/../lib/gcc/ba-elf/4.1.2/ba2/libgcc.a(_fixunsdfsi.o)
                0x00088965                ___fixunsdfsi
 .text          0x000889ad      0x9f5 /cygdrive/c/sensenuts/6.1.2/Lib/Tools/ba-elf-ba2/bin/../lib/gcc/ba-elf/4.1.2/ba2/libgcc.a(fp-bit.o)
                0x0008917e                ___fixsfsi
                0x00088c8c                ___subsf3
                0x000891ec                ___unordsf2
                0x00088f89                ___cmpsf2
                0x000890f9                ___extendsfdf2
                0x00088f13                ___fpcmp_parts_f
                0x00088c4f                ___addsf3
                0x00089357                ___nesf2
                0x00088cd6                ___mulsf3
                0x0008930c                ___gtsf2
                0x0008922b                ___lesf2
                0x00089040                ___floatunsisf
                0x00089133                ___eqsf2
                0x00088e21                ___divsf3
                0x000892c1                ___gesf2
                0x00088a87                ___unpack_f
                0x000890a4                ___negsf2
                0x000890d7                ___make_fp
                0x00089276                ___ltsf2
                0x000889ad                ___pack_f
                0x00088fc0                ___floatsisf
 .text          0x000893a2      0xe23 /cygdrive/c/sensenuts/6.1.2/Lib/Tools/ba-elf-ba2/bin/../lib/gcc/ba-elf/4.1.2/ba2/libgcc.a(dp-bit.o)
                0x00089857                ___muldf3
                0x00089ec2                ___truncdfsf2
                0x0008a026                ___ledf2
                0x00089f69                ___fixdfsi
                0x00089805                ___subdf3
                0x0008a172                ___nedf2
                0x00089d2b                ___floatsidf
                0x00089dc6                ___floatunsidf
                0x0008a0cc                ___gedf2
                0x0008a11f                ___gtdf2
                0x00089524                ___unpack_d
                0x00089c66                ___fpcmp_parts_d
                0x000893a2                ___pack_d
                0x00089fdf                ___unorddf2
                0x00089e68                ___negdf2
                0x00089f16                ___eqdf2
                0x00089cec                ___cmpdf2
                0x00089aff                ___divdf3
                0x00089e9c                ___make_dp
                0x0008a079                ___ltdf2
                0x000897c0                ___adddf3
 .text          0x0008a1c5       0xd3 /cygdrive/c/sensenuts/6.1.2/Lib/Tools/ba-elf-ba2/bin/../lib/gcc/ba-elf/4.1.2/ba2/libgcc.a(_muldi3.o)
                0x0008a1c5                ___muldi3
 .text          0x0008a298       0x2f /cygdrive/c/sensenuts/6.1.2/Lib/Tools/ba-elf-ba2/bin/../lib/gcc/ba-elf/4.1.2/ba2/libgcc.a(_lshrdi3.o)
                0x0008a298                ___lshrdi3
 .text          0x0008a2c7       0x2f /cygdrive/c/sensenuts/6.1.2/Lib/Tools/ba-elf-ba2/bin/../lib/gcc/ba-elf/4.1.2/ba2/libgcc.a(_ashldi3.o)
                0x0008a2c7                ___ashldi3
 *fill*         0x0008a2f6        0x2 00
 .text          0x0008a2f8       0xc8 /cygdrive/c/sensenuts/6.1.2/Lib/Tools/ba-elf-ba2/bin/../lib/gcc/ba-elf/4.1.2/ba2/libgcc.a(__mulsi3.o)
                0x0008a2f8                ___mulsi3
 .text          0x0008a3c0       0x28 /cygdrive/c/sensenuts/6.1.2/Lib/Tools/ba-elf-ba2/bin/../lib/gcc/ba-elf/4.1.2/../../../../ba-elf/lib/ba2/libc.a(memcmp.o)
                0x0008a3c0                _memcmp
 .text          0x0008a3e8       0x1d /cygdrive/c/sensenuts/6.1.2/Lib/Tools/ba-elf-ba2/bin/../lib/gcc/ba-elf/4.1.2/../../../../ba-elf/lib/ba2/libc.a(memcpy.o)
 .text          0x0008a405       0x18 /cygdrive/c/sensenuts/6.1.2/Lib/Tools/ba-elf-ba2/bin/../lib/gcc/ba-elf/4.1.2/../../../../ba-elf/lib/ba2/libc.a(memset.o)
                0x0008a405                _memset
                0x0008a41d                _flash_end = <code 342> (.)
                0x0400004c                . = 0x400004c

.data           0x0400004c       0x2c load address 0x0008a420
                0x0400004c                _ram_data_start = <code 342> (.)
 *(.data*)
 .data.lightAddress
                0x0400004c        0x1 /cygdrive/c/sensenuts/6.1.2/libraries/lightSensor.o
                0x0400004c                _lightAddress
 .data.tmpAddresss
                0x0400004d        0x1 /cygdrive/c/sensenuts/6.1.2/libraries/tmpSensor.o
                0x0400004d                _tmpAddresss
 .data.initinboot
                0x0400004e        0x1 /cygdrive/c/sensenuts/6.1.2/Lib/Components/Library/libAppApi_JN516x.a(AppApi.o)
                0x0400004e                _g_bNoCalibration
 .data.u8MAC_MaxConcurrentAssocResponses
                0x0400004f        0x1 /cygdrive/c/sensenuts/6.1.2/Lib/Components/Library/libMac_JN516x.a(mac_pmic.o)
                0x0400004f                _u8MAC_MaxConcurrentAssocResponses
 .data.aprLPBMacVectorRamTable
                0x04000050       0x14 /cygdrive/c/sensenuts/6.1.2/Lib/Components/Library/libMac_JN516x.a(mac_lp.o)
                0x04000050                _aprLPBMacVectorRamTable
 .data.bFirstTamInit.4640
                0x04000064        0x1 /cygdrive/c/sensenuts/6.1.2/Lib/Components/Library/libMac_JN516x.a(TAM.o)
 .data.initinboot
                0x04000065        0x1 /cygdrive/c/sensenuts/6.1.2/Lib/Components/Library/libMac_JN516x.a(TAM_MEM.o)
                0x04000065                _gMAC_u8MaxBuffers
 *fill*         0x04000066        0x2 00
 .data.initinboot
                0x04000068        0x4 /cygdrive/c/sensenuts/6.1.2/Lib/Components/Library/libXcv_JN516x.a(xcv_main.o)
 .data.prHeap_AllocFunc
                0x0400006c        0x4 /cygdrive/c/sensenuts/6.1.2/Lib/Components/Library/libBoot_JN516x.a(Heap.o)
                0x0400006c                _prHeap_AllocFunc
 .data.u32HeapStart
                0x04000070        0x4 /cygdrive/c/sensenuts/6.1.2/Lib/Components/Library/libBoot_JN516x.a(Heap.o)
                0x04000070                _u32HeapStart
 .data.u32HeapEnd
                0x04000074        0x4 /cygdrive/c/sensenuts/6.1.2/Lib/Components/Library/libBoot_JN516x.a(Heap.o)
                0x04000074                _u32HeapEnd
 *(.data.*)
                0x04000078                . = ALIGN (0x4)
                0x04000078                _ram_data_end = <code 342> (.)

.bss            0x04000078     0x2ac8
                0x04000078                _bss_start = <code 342> (.)
 *(.bss*)
 .bss.i2cOnFlag
                0x04000078        0x4 /cygdrive/c/sensenuts/6.1.2/libraries/i2c.o
                0x04000078                _i2cOnFlag
 .bss.taskQMutex
                0x0400007c        0x1 /cygdrive/c/sensenuts/6.1.2/Lib/sensenuts/libSense_JN516x.a(AppQueueApi.o)
                0x0400007c                _taskQMutex
 .bss.taskQMutexClock
                0x0400007d        0x1 /cygdrive/c/sensenuts/6.1.2/Lib/sensenuts/libSense_JN516x.a(AppQueueApi.o)
                0x0400007d                _taskQMutexClock
 .bss.critQMutex
                0x0400007e        0x1 /cygdrive/c/sensenuts/6.1.2/Lib/sensenuts/libSense_JN516x.a(AppQueueApi.o)
                0x0400007e                _critQMutex
 .bss.mlmeQMutex
                0x0400007f        0x1 /cygdrive/c/sensenuts/6.1.2/Lib/sensenuts/libSense_JN516x.a(AppQueueApi.o)
                0x0400007f                _mlmeQMutex
 .bss.mcpsQMutex
                0x04000080        0x1 /cygdrive/c/sensenuts/6.1.2/Lib/sensenuts/libSense_JN516x.a(AppQueueApi.o)
                0x04000080                _mcpsQMutex
 .bss.taskUpdateMutex
                0x04000081        0x1 /cygdrive/c/sensenuts/6.1.2/Lib/sensenuts/libSense_JN516x.a(AppQueueApi.o)
                0x04000081                _taskUpdateMutex
 .bss.critUpdateMutex
                0x04000082        0x1 /cygdrive/c/sensenuts/6.1.2/Lib/sensenuts/libSense_JN516x.a(AppQueueApi.o)
                0x04000082                _critUpdateMutex
 .bss.mlmeUpdateMutex
                0x04000083        0x1 /cygdrive/c/sensenuts/6.1.2/Lib/sensenuts/libSense_JN516x.a(AppQueueApi.o)
                0x04000083                _mlmeUpdateMutex
 .bss.mcpsUpdateMutex
                0x04000084        0x1 /cygdrive/c/sensenuts/6.1.2/Lib/sensenuts/libSense_JN516x.a(AppQueueApi.o)
                0x04000084                _mcpsUpdateMutex
 .bss.mlmeUpdateAdd
                0x04000085        0x1 /cygdrive/c/sensenuts/6.1.2/Lib/sensenuts/libSense_JN516x.a(AppQueueApi.o)
                0x04000085                _mlmeUpdateAdd
 .bss.mcpsUpdateAdd
                0x04000086        0x1 /cygdrive/c/sensenuts/6.1.2/Lib/sensenuts/libSense_JN516x.a(AppQueueApi.o)
                0x04000086                _mcpsUpdateAdd
 .bss.taskUpdateAdd
                0x04000087        0x1 /cygdrive/c/sensenuts/6.1.2/Lib/sensenuts/libSense_JN516x.a(AppQueueApi.o)
                0x04000087                _taskUpdateAdd
 .bss.critUpdateAdd
                0x04000088        0x1 /cygdrive/c/sensenuts/6.1.2/Lib/sensenuts/libSense_JN516x.a(AppQueueApi.o)
                0x04000088                _critUpdateAdd
 .bss.taskQSize
                0x04000089        0x1 /cygdrive/c/sensenuts/6.1.2/Lib/sensenuts/libSense_JN516x.a(AppQueueApi.o)
 .bss.critQSize
                0x0400008a        0x1 /cygdrive/c/sensenuts/6.1.2/Lib/sensenuts/libSense_JN516x.a(AppQueueApi.o)
 .bss.hwQSize   0x0400008b        0x1 /cygdrive/c/sensenuts/6.1.2/Lib/sensenuts/libSense_JN516x.a(AppQueueApi.o)
 .bss.mlmeQSize
                0x0400008c        0x1 /cygdrive/c/sensenuts/6.1.2/Lib/sensenuts/libSense_JN516x.a(AppQueueApi.o)
 .bss.mcpsQSize
                0x0400008d        0x1 /cygdrive/c/sensenuts/6.1.2/Lib/sensenuts/libSense_JN516x.a(AppQueueApi.o)
 .bss.timeCorrection
                0x0400008e        0x2 /cygdrive/c/sensenuts/6.1.2/Lib/sensenuts/libSense_JN516x.a(clock.o)
 .bss.currentProcess
                0x04000090        0x1 /cygdrive/c/sensenuts/6.1.2/Lib/sensenuts/libSense_JN516x.a(scheduler.o)
                0x04000090                _currentProcess
 .bss.nextProcess
                0x04000091        0x1 /cygdrive/c/sensenuts/6.1.2/Lib/sensenuts/libSense_JN516x.a(scheduler.o)
                0x04000091                _nextProcess
 .bss.processList
                0x04000092        0x1 /cygdrive/c/sensenuts/6.1.2/Lib/sensenuts/libSense_JN516x.a(scheduler.o)
                0x04000092                _processList
 .bss.currentSubProcess
                0x04000093        0x1 /cygdrive/c/sensenuts/6.1.2/Lib/sensenuts/libSense_JN516x.a(scheduler.o)
                0x04000093                _currentSubProcess
 .bss.nextSubProcess
                0x04000094        0x1 /cygdrive/c/sensenuts/6.1.2/Lib/sensenuts/libSense_JN516x.a(scheduler.o)
                0x04000094                _nextSubProcess
 .bss.subProcessList
                0x04000095        0x1 /cygdrive/c/sensenuts/6.1.2/Lib/sensenuts/libSense_JN516x.a(scheduler.o)
                0x04000095                _subProcessList
 .bss.readPtr   0x04000096        0x1 /cygdrive/c/sensenuts/6.1.2/Lib/sensenuts/libSense_JN516x.a(task.o)
                0x04000096                _readPtr
 .bss.rear      0x04000097        0x1 /cygdrive/c/sensenuts/6.1.2/Lib/sensenuts/libSense_JN516x.a(task.o)
                0x04000097                _rear
 .bss.curPQSize
                0x04000098        0x1 /cygdrive/c/sensenuts/6.1.2/Lib/sensenuts/libSense_JN516x.a(task.o)
                0x04000098                _curPQSize
 .bss.mutexPTask
                0x04000099        0x1 /cygdrive/c/sensenuts/6.1.2/Lib/sensenuts/libSense_JN516x.a(task.o)
                0x04000099                _mutexPTask
 .bss.gu8ModuleID
                0x0400009a        0x1 /cygdrive/c/sensenuts/6.1.2/Lib/Components/Library/libAppApi_JN516x.a(AppApi.o)
                0x0400009a                _gu8ModuleID
 .bss.gbHighPowerMode
                0x0400009b        0x1 /cygdrive/c/sensenuts/6.1.2/Lib/Components/Library/libAppApi_JN516x.a(AppApi.o)
                0x0400009b                _gbHighPowerMode
 .bss.prMlmeRequest
                0x0400009c        0x4 /cygdrive/c/sensenuts/6.1.2/Lib/Components/Library/libAppApi_JN516x.a(AppApi.o)
 .bss.prMcpsRequest
                0x040000a0        0x4 /cygdrive/c/sensenuts/6.1.2/Lib/Components/Library/libAppApi_JN516x.a(AppApi.o)
 .bss.initinboot
                0x040000a4        0x8 /cygdrive/c/sensenuts/6.1.2/Lib/Components/Library/libAppApi_JN516x.a(AppApi.o)
                0x040000a4                _prvUserTxStartedCallback
                0x040000a8                _g_bBoostMode
 .bss.sStoredMacData
                0x040000ac       0x1c /cygdrive/c/sensenuts/6.1.2/Lib/Components/Library/libAppApi_JN516x.a(AppApiSleep.o)
 .bss.initinboot
                0x040000c8      0x1c8 /cygdrive/c/sensenuts/6.1.2/Lib/Components/Library/libMac_JN516x.a(mac_main.o)
                0x040000c8                _g_sMac
 .bss.initinboot