Archive member included because of file (symbol)

/cygdrive/c/2.0.2/Lib/sensenuts/libSense_JN516x.a(AppQueueApi.o)
                              /cygdrive/c/2.0.2/libraries/dio.o (_vAppQApiPostCritInt)
/cygdrive/c/2.0.2/Lib/sensenuts/libSense_JN516x.a(bigbang.o)
                              /cygdrive/c/2.0.2/AppCode/demo1/led-blink/output/main.o (_bigBang)
/cygdrive/c/2.0.2/Lib/sensenuts/libSense_JN516x.a(clock.o)
                              /cygdrive/c/2.0.2/libraries/routing_aodv.o (_addTimeInCurrent)
/cygdrive/c/2.0.2/Lib/sensenuts/libSense_JN516x.a(scheduler.o)
                              /cygdrive/c/2.0.2/Lib/sensenuts/libSense_JN516x.a(AppQueueApi.o) (_subProcessList)
/cygdrive/c/2.0.2/Lib/sensenuts/libSense_JN516x.a(task.o)
                              /cygdrive/c/2.0.2/Lib/sensenuts/libSense_JN516x.a(clock.o) (_getPTask)
/cygdrive/c/2.0.2/Lib/Components/Library/libAppApi_JN516x.a(AppApi.o)
                              (_pvAppApiDefGetMacHandle)
/cygdrive/c/2.0.2/Lib/Components/Library/libAppApi_JN516x.a(AppApiSleep.o)
                              (_vAppApiDefSaveMacSettings)
/cygdrive/c/2.0.2/Lib/Components/Library/libMac_JN516x.a(mac_main.o)
                              /cygdrive/c/2.0.2/Lib/Components/Library/libAppApi_JN516x.a(AppApi.o) (_bMAC_CurrentlyScanning)
/cygdrive/c/2.0.2/Lib/Components/Library/libMac_JN516x.a(mac_mcps.o)
                              /cygdrive/c/2.0.2/Lib/Components/Library/libAppApi_JN516x.a(AppApi.o) (_MAC_vHandleMcpsReqRsp)
/cygdrive/c/2.0.2/Lib/Components/Library/libMac_JN516x.a(mac_mlme.o)
                              /cygdrive/c/2.0.2/Lib/Components/Library/libAppApi_JN516x.a(AppApi.o) (_MAC_vHandleMlmeReqRsp)
/cygdrive/c/2.0.2/Lib/Components/Library/libMac_JN516x.a(mac_pib.o)
                              /cygdrive/c/2.0.2/libraries/coordinator.o (_MAC_psPibGetHandle)
/cygdrive/c/2.0.2/Lib/Components/Library/libMac_JN516x.a(mac_pib_mlme.o)
                              /cygdrive/c/2.0.2/Lib/Components/Library/libMac_JN516x.a(mac_mlme.o) (_mac_vPibReset)
/cygdrive/c/2.0.2/Lib/Components/Library/libMac_JN516x.a(mac_pmic.o)
                              /cygdrive/c/2.0.2/Lib/Components/Library/libMac_JN516x.a(mac_main.o) (_vPMICreset)
/cygdrive/c/2.0.2/Lib/Components/Library/libMac_JN516x.a(mac_ind.o)
                              /cygdrive/c/2.0.2/Lib/Components/Library/libAppApi_JN516x.a(AppApi.o) (_MAC_vRegisterMlmeDcfmIndCallbacks)
/cygdrive/c/2.0.2/Lib/Components/Library/libMac_JN516x.a(mac_scan.o)
                              /cygdrive/c/2.0.2/Lib/Components/Library/libMac_JN516x.a(mac_main.o) (_mac_eScanHandleXcvBbcEvt)
/cygdrive/c/2.0.2/Lib/Components/Library/libMac_JN516x.a(mac_lp.o)
                              /cygdrive/c/2.0.2/Lib/Components/Library/libMac_JN516x.a(mac_pmic.o) (_g_sLP)
/cygdrive/c/2.0.2/Lib/Components/Library/libMac_JN516x.a(MCPS.o)
                              /cygdrive/c/2.0.2/Lib/Components/Library/libMac_JN516x.a(mac_mcps.o) (_vTAM_MCPSpurgeRequest)
/cygdrive/c/2.0.2/Lib/Components/Library/libMac_JN516x.a(phy_pib.o)
                              /cygdrive/c/2.0.2/Lib/Components/Library/libAppApi_JN516x.a(AppApi.o) (_phy_ePibGet)
/cygdrive/c/2.0.2/Lib/Components/Library/libMac_JN516x.a(TAM.o)
                              /cygdrive/c/2.0.2/Lib/Components/Library/libMac_JN516x.a(MCPS.o) (_bTAMinPAN)
/cygdrive/c/2.0.2/Lib/Components/Library/libMac_JN516x.a(TAMCO.o)
                              /cygdrive/c/2.0.2/Lib/Components/Library/libMac_JN516x.a(TAM.o) (_vTAMCOsetCoordinator)
/cygdrive/c/2.0.2/Lib/Components/Library/libMac_JN516x.a(TAMDE.o)
                              /cygdrive/c/2.0.2/Lib/Components/Library/libMac_JN516x.a(TAM.o) (_vTAMDEdetermineNullState)
/cygdrive/c/2.0.2/Lib/Components/Library/libMac_JN516x.a(TAM_MEM.o)
                              /cygdrive/c/2.0.2/Lib/Components/Library/libMac_JN516x.a(mac_scan.o) (_pvMEMget)
/cygdrive/c/2.0.2/Lib/Components/Library/libMac_JN516x.a(TAM_MLME.o)
                              /cygdrive/c/2.0.2/Lib/Components/Library/libMac_JN516x.a(mac_pmic.o) (_vMLMEcommStatus)
/cygdrive/c/2.0.2/Lib/Components/Library/libMac_JN516x.a(TAM_TAH.o)
                              /cygdrive/c/2.0.2/Lib/Components/Library/libMac_JN516x.a(TAMCO.o) (_vTAHsetCutOff)
/cygdrive/c/2.0.2/Lib/Components/Library/libMac_JN516x.a(TAM_TAI.o)
                              /cygdrive/c/2.0.2/Lib/Components/Library/libMac_JN516x.a(TAMCO.o) (_vTAIdisableInterrupt)
/cygdrive/c/2.0.2/Lib/Components/Library/libMac_JN516x.a(TAM_TAT.o)
                              /cygdrive/c/2.0.2/Lib/Components/Library/libMac_JN516x.a(TAMDE.o) (_eTATreadTXstatus)
/cygdrive/c/2.0.2/Lib/Components/Library/libMac_JN516x.a(TAMcommon.o)
                              /cygdrive/c/2.0.2/Lib/Components/Library/libMac_JN516x.a(mac_scan.o) (_bTACassessBeaconForPayload)
/cygdrive/c/2.0.2/Lib/Components/Library/libMac_JN516x.a(TAMevent.o)
[...]
Memory Configuration

Name             Origin             Length             Attributes
flash            0x00080000         0x00040000
ram              0x0400004c         0x00007fb4
*default*        0x00000000         0xffffffff

Linker script and memory map

LOAD /cygdrive/c/2.0.2/libraries/coordinator.o
LOAD /cygdrive/c/2.0.2/libraries/dio.o
LOAD /cygdrive/c/2.0.2/libraries/genMac.o
LOAD /cygdrive/c/2.0.2/libraries/gps.o
LOAD /cygdrive/c/2.0.2/libraries/humidSensor.o
LOAD /cygdrive/c/2.0.2/libraries/i2c.o
LOAD /cygdrive/c/2.0.2/libraries/lightSensor.o
LOAD /cygdrive/c/2.0.2/libraries/mac.o
LOAD /cygdrive/c/2.0.2/libraries/node.o
LOAD /cygdrive/c/2.0.2/libraries/pcInterface.o
LOAD /cygdrive/c/2.0.2/libraries/phy.o
LOAD /cygdrive/c/2.0.2/libraries/routing.o
LOAD /cygdrive/c/2.0.2/libraries/routing_aodv.o
LOAD /cygdrive/c/2.0.2/libraries/routing_aodv_Tables.o
LOAD /cygdrive/c/2.0.2/libraries/routing_lbr.o
LOAD /cygdrive/c/2.0.2/libraries/routing_mbr.o
LOAD /cygdrive/c/2.0.2/libraries/tempPressure.o
LOAD /cygdrive/c/2.0.2/libraries/tmpSensor.o
LOAD /cygdrive/c/2.0.2/libraries/uartSerial.o
LOAD /cygdrive/c/2.0.2/AppCode/demo1/led-blink/output/led-blink.o
LOAD /cygdrive/c/2.0.2/AppCode/demo1/led-blink/output/main.o
START GROUP
LOAD /cygdrive/c/2.0.2/Lib/sensenuts/libSense_JN516x.a
LOAD /cygdrive/c/2.0.2/Lib/Components/Library/libAppApi_JN516x.a
LOAD /cygdrive/c/2.0.2/Lib/Components/Library/libMac_JN516x.a
LOAD /cygdrive/c/2.0.2/Lib/Components/Library/libTof_JN516x.a
LOAD /cygdrive/c/2.0.2/Lib/Components/Library/libXcv_JN516x.a
LOAD /cygdrive/c/2.0.2/Lib/Components/Library/libAES_CCM_SW_PATCH_JN516x.a
LOAD /cygdrive/c/2.0.2/Lib/Components/Library/libAes_JN516x.a
LOAD /cygdrive/c/2.0.2/Lib/Components/Library/libTimerServer_JN516x.a
LOAD /cygdrive/c/2.0.2/Lib/Components/Library/libHardwareApi_JN516x.a
LOAD /cygdrive/c/2.0.2/Lib/Components/Library/libMicroSpecific_JN516x.a
LOAD /cygdrive/c/2.0.2/Lib/Components/Library/libBoot_JN516x.a
LOAD /cygdrive/c/2.0.2/Lib/Components/Library/libMaths_JN516x.a
LOAD /cygdrive/c/2.0.2/Lib/Platform/DK4/Library/libBoardLib_JN516x.a
END GROUP
LOAD /cygdrive/c/2.0.2/Lib/Tools/ba-elf-ba2/bin/../lib/gcc/ba-elf/4.1.2/ba2/libgcc.a
LOAD /cygdrive/c/2.0.2/Lib/Tools/ba-elf-ba2/bin/../lib/gcc/ba-elf/4.1.2/../../../../ba-elf/lib/ba2/libc.a
LOAD /cygdrive/c/2.0.2/Lib/Tools/ba-elf-ba2/bin/../lib/gcc/ba-elf/4.1.2/ba2/libgcc.a
                0x00001000                _stack_size = 0x1000
                0x00080038                __exception_vsr_table = 0x80038
                0x04000000                _pSPIflashFncTable = 0x4000000
                0x00001000                _stack_size = 0x1000
                0x00000044                restore_state = 0x44
                0x0000004a                _bZSPIWaitWIPClear = 0x4a
                0x00000050                _u16ZSPIflashRDID = 0x50
                0x00000056                _u8SelectFlashChipType = 0x56
                0x0000005c                _memcpy = 0x5c
                0x00000066                _vBootFlashProg = 0x66
                [0x00000d16]                _minimum_heap_size = DEFINED (_minimum_heap_size)?_minimum_heap_size:0xd16
                0x00000000                _SwConfig = (DEFINED (g_bSWConf_Debug) | (DEFINED (g_bSWConf_AltDebugPort) << 0x1))

.version        0x0007fffc        0x4
                0x0007fffc        0x4 LONG 0x7030008

.bir            0x00080000       0x10
                0x00080000                _flash_start = <code 342> (.)
                0x00080000                _flash_beg = <code 342> (.)
                0x00080000        0x4 LONG 0x12345678
                0x00080004        0x4 LONG 0x11223344
                0x00080008        0x4 LONG 0x55667788
                0x0008000c        0x1 BYTE 0x8
                0x0008000d        0x1 BYTE 0x1
                0x0008000e        0x2 SHORT 0x0

.flashheader    0x00080010       0x28
                0x00080010        0x4 LONG 0x0
                0x00080014        0x4 LONG 0x0
                0x00080018        0x4 LONG 0x0
                0x0008001c        0x2 SHORT 0x0
                0x0008001e        0x2 SHORT 0x0 <code 342> (_SwConfig)
                0x00080020                _enc_start = <code 342> (.)
                0x00080020        0x4 LONG 0x84f4 <code 342> (_image_len)
                0x00000000                _enc_offset = (_enc_start & 0xf)
                [0x00000020]                _enc_start = (_enc_start - _flash_beg)
                0x00080024        0x4 LONG 0x884c8 <code 342> (_flash_data_start)
                0x00080028        0x2 SHORT 0x13 ((<code 342> (_ram_data_start) / 0x4) & 0xffff)
                0x0008002a        0x2 SHORT 0xb ((<code 342> (_ram_data_len) / 0x4) & 0xffff)
                0x0008002c        0x2 SHORT 0x1e ((<code 342> (_bss_start) / 0x4) & 0xffff)
                0x0008002e        0x2 SHORT 0xab1 ((<code 342> (_bss_len) / 0x4) & 0xffff)
                0x00080030        0x4 LONG 0x8081d <code 342> (_AppWarmStart)
                0x00080034        0x4 LONG 0x80817 <code 342> (_AppColdStart)
                0x00000044                PROVIDE (_vException_BusError, restore_state)
                0x00000044                PROVIDE (_vException_UnalignedAccess, restore_state)
                0x00000044                PROVIDE (_vException_IllegalInstruction, restore_state)
                0x00000044                PROVIDE (_vException_SysCall, restore_state)
                0x00000044                PROVIDE (_vException_Trap, restore_state)
                0x00000044                PROVIDE (_vException_StackOverflow, restore_state)
                0x00080038                . = <code 342> (__exception_vsr_table)

.vsr_table      0x00080038       0x18
                0x00080038        0x4 LONG 0x44 <code 342> (_vException_BusError)
                0x0008003c        0x4 LONG 0x44 <code 342> (_vException_UnalignedAccess)
                0x00080040        0x4 LONG 0x44 <code 342> (_vException_IllegalInstruction)
                0x00080044        0x4 LONG 0x44 <code 342> (_vException_SysCall)
                0x00080048        0x4 LONG 0x44 <code 342> (_vException_Trap)
                0x0008004c        0x4 LONG 0x44 <code 342> (_vException_StackOverflow)

.vsr_handlers   0x00080050       0xab
 *(.vsr_handlers)
 .vsr_handlers  0x00080050       0xab /cygdrive/c/2.0.2/Lib/Components/Library/libBoot_JN516x.a(ExceptionHandler.o)
                0x00080050                __exception_external_interrupt
                0x000800f9                __default_vsr_dummy

.rodata         0x000800fc      0x1f1
 *(.rodata*)
 .rodata.s_sPibInit
                0x000800fc       0x18 /cygdrive/c/2.0.2/Lib/Components/Library/libMac_JN516x.a(mac_pib_mlme.o)
 .rodata.aeXcvPhyEvtToScanEvt.4240
                0x00080114       0x18 /cygdrive/c/2.0.2/Lib/Components/Library/libMac_JN516x.a(mac_scan.o)
 .rodata.aeXcvBbcEvtToScanEvt.4230
                0x0008012c        0xa /cygdrive/c/2.0.2/Lib/Components/Library/libMac_JN516x.a(mac_scan.o)
 .rodata.s_atScanEvtST
                0x00080136       0x31 /cygdrive/c/2.0.2/Lib/Components/Library/libMac_JN516x.a(mac_scan.o)
 *fill*         0x00080167        0x1 00
 .rodata.s_aprScanHandleEvt
                0x00080168       0x30 /cygdrive/c/2.0.2/Lib/Components/Library/libMac_JN516x.a(mac_scan.o)
 .rodata.psTAMcontext
                0x00080198        0x4 /cygdrive/c/2.0.2/Lib/Components/Library/libMac_JN516x.a(TAM.o)
                0x00080198                _psTAMcontext
 .rodata.psTamMacContext
                0x0008019c        0x4 /cygdrive/c/2.0.2/Lib/Components/Library/libMac_JN516x.a(TAM.o)
                0x0008019c                _psTamMacContext
 .rodata.psTamXcvContext
                0x000801a0        0x4 /cygdrive/c/2.0.2/Lib/Components/Library/libMac_JN516x.a(TAM.o)
                0x000801a0                _psTamXcvContext
 .rodata.au8XcvToTAMevent.4757
                0x000801a4        0xa /cygdrive/c/2.0.2/Lib/Components/Library/libMac_JN516x.a(TAM.o)
 .rodata.au8HeaderSize.4215
                0x000801ae        0xe /cygdrive/c/2.0.2/Lib/Components/Library/libMac_JN516x.a(TAMcommon.o)
 .rodata.apvActionCalls
                0x000801bc       0x88 /cygdrive/c/2.0.2/Lib/Components/Library/libMac_JN516x.a(TAMevent.o)
                0x000801bc                _apvActionCalls
 .rodata.au8StateActions
                0x00080244       0x8c /cygdrive/c/2.0.2/Lib/Components/Library/libMac_JN516x.a(TAMevent.o)
                0x00080244                _au8StateActions
 .rodata.au8SizeInc.4433
                0x000802d0        0x9 /cygdrive/c/2.0.2/Lib/Components/Library/libMac_JN516x.a(TAMsecurity.o)
 .rodata.au8MICLenLUT.3714
                0x000802d9        0x4 /cygdrive/c/2.0.2/Lib/Components/Library/libMac_JN516x.a(TAMsecurity.o)
 .rodata.au8FlashWaitStates32MXO
                0x000802dd        0x8 /cygdrive/c/2.0.2/Lib/Components/Library/libHardwareApi_JN516x.a(AHI_System.o)
 .rodata.au8FlashWaitStatesHSRCO
                0x000802e5        0x8 /cygdrive/c/2.0.2/Lib/Components/Library/libHardwareApi_JN516x.a(AHI_System.o)

.text           0x000802f0     0x81d8
 *(.text*)
 .text.handleNodeAssociation
                0x000802f0       0xc8 /cygdrive/c/2.0.2/libraries/coordinator.o
                0x000802f0                _handleNodeAssociation
 .text.startCoordinator
                0x000803b8       0x4e /cygdrive/c/2.0.2/libraries/coordinator.o
                0x000803b8                _startCoordinator
 .text.setoutput
                0x00080406        0xa /cygdrive/c/2.0.2/libraries/dio.o
                0x00080406                _setoutput
 .text.setPin   0x00080410       0x1f /cygdrive/c/2.0.2/libraries/dio.o
                0x00080410                _setPin
 .text.ledOff   0x0008042f        0xa /cygdrive/c/2.0.2/libraries/dio.o
                0x0008042f                _ledOff
 .text.ledOn    0x00080439       0x22 /cygdrive/c/2.0.2/libraries/dio.o
                0x00080439                _ledOn
 .text.dioInit  0x0008045b       0x1a /cygdrive/c/2.0.2/libraries/dio.o
                0x0008045b                _dioInit
 .text.startAssociate
                0x00080475       0x4d /cygdrive/c/2.0.2/libraries/genMac.o
                0x00080475                _startAssociate
 .text.startActiveScan
                0x000804c2       0x39 /cygdrive/c/2.0.2/libraries/genMac.o
                0x000804c2                _startActiveScan
 .text.handleAssociateResponse
                0x000804fb       0x64 /cygdrive/c/2.0.2/libraries/genMac.o
                0x000804fb                _handleAssociateResponse
 .text.handleActiveScanResponse
                0x0008055f       0x9e /cygdrive/c/2.0.2/libraries/genMac.o
                0x0008055f                _handleActiveScanResponse
 .text.sendDataToMac
                0x000805fd       0x83 /cygdrive/c/2.0.2/libraries/mac.o
                0x000805fd                _sendDataToMac
 .text.processIncomingMcps
                0x00080680       0x9d /cygdrive/c/2.0.2/libraries/mac.o
                0x00080680                _processIncomingMcps
 .text.processIncomingMlme
                0x0008071d       0x29 /cygdrive/c/2.0.2/libraries/mac.o
                0x0008071d                _processIncomingMlme
 .text.routingTaskHandler
                0x00080746        0x3 /cygdrive/c/2.0.2/libraries/routing.o
                0x00080746                _routingTaskHandler
 .text.routingHandleError
                0x00080749        0x6 /cygdrive/c/2.0.2/libraries/routing.o
                0x00080749                _routingHandleError
 .text.routingReceivePacket
                0x0008074f        0x8 /cygdrive/c/2.0.2/libraries/routing.o
                0x0008074f                _routingReceivePacket
 .text.MBRhandleError
                0x00080757        0x6 /cygdrive/c/2.0.2/libraries/routing_mbr.o
                0x00080757                _MBRhandleError
 .text.MBRreceiveDataPacket
                0x0008075d       0x75 /cygdrive/c/2.0.2/libraries/routing_mbr.o
                0x0008075d                _MBRreceiveDataPacket
 .text.userReceiveDataPacket
                0x000807d2        0x3 /cygdrive/c/2.0.2/AppCode/demo1/led-blink/output/led-blink.o
                0x000807d2                _userReceiveDataPacket
 .text.userCriticalTaskHandler
                0x000807d5        0x3 /cygdrive/c/2.0.2/AppCode/demo1/led-blink/output/led-blink.o
                0x000807d5                _userCriticalTaskHandler
 .text.startNode
                0x000807d8        0xe /cygdrive/c/2.0.2/AppCode/demo1/led-blink/output/led-blink.o
                0x000807d8                _startNode
 .text.userTaskHandler
                0x000807e6       0x31 /cygdrive/c/2.0.2/AppCode/demo1/led-blink/output/led-blink.o
                0x000807e6                _userTaskHandler
 .text.AppColdStart
                0x00080817        0x6 /cygdrive/c/2.0.2/AppCode/demo1/led-blink/output/main.o
                0x00080817                _AppColdStart
 .text.AppWarmStart
                0x0008081d        0x6 /cygdrive/c/2.0.2/AppCode/demo1/led-blink/output/main.o
                0x0008081d                _AppWarmStart
 .text.vFifoInit
                0x00080823       0x14 /cygdrive/c/2.0.2/Lib/sensenuts/libSense_JN516x.a(AppQueueApi.o)
 .text.pvFifoPull
                0x00080837       0x23 /cygdrive/c/2.0.2/Lib/sensenuts/libSense_JN516x.a(AppQueueApi.o)
 .text.psAppQApiGetMcpsBuffer
                0x0008085a        0xc /cygdrive/c/2.0.2/Lib/sensenuts/libSense_JN516x.a(AppQueueApi.o)
 .text.psAppQApiGetMlmeBuffer
                0x00080866        0xc /cygdrive/c/2.0.2/Lib/sensenuts/libSense_JN516x.a(AppQueueApi.o)
 .text.psAppQApiReadCritInd
                0x00080872       0x14 /cygdrive/c/2.0.2/Lib/sensenuts/libSense_JN516x.a(AppQueueApi.o)
                0x00080872                _psAppQApiReadCritInd
 .text.psAppQApiReadTaskInd
                0x00080886       0x1a /cygdrive/c/2.0.2/Lib/sensenuts/libSense_JN516x.a(AppQueueApi.o)
                0x00080886                _psAppQApiReadTaskInd
 .text.psAppQApiReadMcpsInd
                0x000808a0       0x14 /cygdrive/c/2.0.2/Lib/sensenuts/libSense_JN516x.a(AppQueueApi.o)
                0x000808a0                _psAppQApiReadMcpsInd
 .text.psAppQApiReadMlmeInd
                0x000808b4       0x14 /cygdrive/c/2.0.2/Lib/sensenuts/libSense_JN516x.a(AppQueueApi.o)
                0x000808b4                _psAppQApiReadMlmeInd
 .text.bFifoPush
                0x000808c8       0x28 /cygdrive/c/2.0.2/Lib/sensenuts/libSense_JN516x.a(AppQueueApi.o)
 .text.vAppQApiReturnCritIndBuffer
                0x000808f0       0xa2 /cygdrive/c/2.0.2/Lib/sensenuts/libSense_JN516x.a(AppQueueApi.o)
                0x000808f0                _vAppQApiReturnCritIndBuffer
 .text.vAppQApiReturnTaskIndBuffer
                0x00080992       0xae /cygdrive/c/2.0.2/Lib/sensenuts/libSense_JN516x.a(AppQueueApi.o)
                0x00080992                _vAppQApiReturnTaskIndBuffer
 .text.vAppQApiReturnMcpsIndBuffer
                0x00080a40       0xa6 /cygdrive/c/2.0.2/Lib/sensenuts/libSense_JN516x.a(AppQueueApi.o)
                0x00080a40                _vAppQApiReturnMcpsIndBuffer
 .text.vAppQApiReturnMlmeIndBuffer
                0x00080ae6       0xa6 /cygdrive/c/2.0.2/Lib/sensenuts/libSense_JN516x.a(AppQueueApi.o)
                0x00080ae6                _vAppQApiReturnMlmeIndBuffer
 .text.vAppQApiPostTaskInt
                0x00080b8c       0x89 /cygdrive/c/2.0.2/Lib/sensenuts/libSense_JN516x.a(AppQueueApi.o)
                0x00080b8c                _vAppQApiPostTaskInt
 .text.vAppQApiPostMcps
                0x00080c15       0x63 /cygdrive/c/2.0.2/Lib/sensenuts/libSense_JN516x.a(AppQueueApi.o)
 .text.vAppQApiPostMlme
                0x00080c78       0x63 /cygdrive/c/2.0.2/Lib/sensenuts/libSense_JN516x.a(AppQueueApi.o)
 .text.u32AppQApiInit
                0x00080cdb      0x1bc /cygdrive/c/2.0.2/Lib/sensenuts/libSense_JN516x.a(AppQueueApi.o)
                0x00080cdb                _u32AppQApiInit
 .text.bigBang  0x00080e97       0x50 /cygdrive/c/2.0.2/Lib/sensenuts/libSense_JN516x.a(bigbang.o)
                0x00080e97                _bigBang
 .text.clockInit
                0x00080ee7       0x4e /cygdrive/c/2.0.2/Lib/sensenuts/libSense_JN516x.a(clock.o)
                0x00080ee7                _clockInit
 .text.clockHandler
                0x00080f35       0xa7 /cygdrive/c/2.0.2/Lib/sensenuts/libSense_JN516x.a(clock.o)
                0x00080f35                _clockHandler
 .text.findNextSubProcess
                0x00080fdc       0x88 /cygdrive/c/2.0.2/Lib/sensenuts/libSense_JN516x.a(scheduler.o)
                0x00080fdc                _findNextSubProcess
 .text.findNextRRProcess
                0x00081064       0x7c /cygdrive/c/2.0.2/Lib/sensenuts/libSense_JN516x.a(scheduler.o)
                0x00081064                _findNextRRProcess
 .text.selectSubProcess
                0x000810e0       0x7c /cygdrive/c/2.0.2/Lib/sensenuts/libSense_JN516x.a(scheduler.o)
                0x000810e0                _selectSubProcess
 .text.startRRSch
                0x0008115c       0x8d /cygdrive/c/2.0.2/Lib/sensenuts/libSense_JN516x.a(scheduler.o)
                0x0008115c                _startRRSch
 .text.startScheduler
                0x000811e9        0x6 /cygdrive/c/2.0.2/Lib/sensenuts/libSense_JN516x.a(scheduler.o)
                0x000811e9                _startScheduler
 .text.getPTask
                0x000811ef       0x5c /cygdrive/c/2.0.2/Lib/sensenuts/libSense_JN516x.a(task.o)
                0x000811ef                _getPTask
 .text.calcMid  0x0008124b       0x1e /cygdrive/c/2.0.2/Lib/sensenuts/libSense_JN516x.a(task.o)
                0x0008124b                _calcMid
 .text.findPos  0x00081269      0x34c /cygdrive/c/2.0.2/Lib/sensenuts/libSense_JN516x.a(task.o)
                0x00081269                _findPos
 .text.addTask  0x000815b5      0x149 /cygdrive/c/2.0.2/Lib/sensenuts/libSense_JN516x.a(task.o)
                0x000815b5                _addTask
 .text.pvAppApiDefGetMacHandle
                0x000816fe        0x9 /cygdrive/c/2.0.2/Lib/Components/Library/libAppApi_JN516x.a(AppApi.o)
                0x000816fe                _pvAppApiDefGetMacHandle
 .text.vAppApiDefSetPrbsSeed
                0x00081707       0x24 /cygdrive/c/2.0.2/Lib/Components/Library/libAppApi_JN516x.a(AppApi.o)
                0x00081707                _vAppApiDefSetPrbsSeed
 .text.pvAppApiDefGetMacAddrLocation
                0x0008172b        0x9 /cygdrive/c/2.0.2/Lib/Components/Library/libAppApi_JN516x.a(AppApi.o)
                0x0008172b                _pvAppApiDefGetMacAddrLocation
 .text.vAppApiDefSetInterrupts
                0x00081734       0x3d /cygdrive/c/2.0.2/Lib/Components/Library/libAppApi_JN516x.a(AppApi.o)
                0x00081734                _vAppApiDefSetInterrupts
 .text.vAppApiDefPowerUp
                0x00081771       0x26 /cygdrive/c/2.0.2/Lib/Components/Library/libAppApi_JN516x.a(AppApi.o)
                0x00081771                _vAppApiDefPowerUp
 .text.vAppApiDefStartStack
                0x00081797       0x51 /cygdrive/c/2.0.2/Lib/Components/Library/libAppApi_JN516x.a(AppApi.o)
                0x00081797                _vAppApiDefStartStack
 .text.u32AppApiDefInit
                0x000817e8       0x5a /cygdrive/c/2.0.2/Lib/Components/Library/libAppApi_JN516x.a(AppApi.o)
                0x000817e8                _u32AppApiDefInit
 .text.eAppApiDefPlmeGet
                0x00081842       0x33 /cygdrive/c/2.0.2/Lib/Components/Library/libAppApi_JN516x.a(AppApi.o)
                0x00081842                _eAppApiDefPlmeGet
 .text.vAppApiDefMcpsRequest
                0x00081875       0x32 /cygdrive/c/2.0.2/Lib/Components/Library/libAppApi_JN516x.a(AppApi.o)
                0x00081875                _vAppApiDefMcpsRequest
 .text.vAppApiDefMlmeRequest
                0x000818a7       0x32 /cygdrive/c/2.0.2/Lib/Components/Library/libAppApi_JN516x.a(AppApi.o)
                0x000818a7                _vAppApiDefMlmeRequest
 .text.eAppApiDefPlmeSet
                0x000818d9       0x33 /cygdrive/c/2.0.2/Lib/Components/Library/libAppApi_JN516x.a(AppApi.o)
                0x000818d9                _eAppApiDefPlmeSet
 .text.vAppApiDefSaveMacSettings
                0x0008190c       0x5d /cygdrive/c/2.0.2/Lib/Components/Library/libAppApi_JN516x.a(AppApiSleep.o)
                0x0008190c                _vAppApiDefSaveMacSettings
 .text.vMAC_RestoreSettings
                0x00081969       0xc8 /cygdrive/c/2.0.2/Lib/Components/Library/libAppApi_JN516x.a(AppApiSleep.o)
                0x00081969                _vMAC_RestoreSettings
 .text.vAppApiDefRestoreMacSettings
                0x00081a31       0x25 /cygdrive/c/2.0.2/Lib/Components/Library/libAppApi_JN516x.a(AppApiSleep.o)
                0x00081a31                _vAppApiDefRestoreMacSettings
 .text.vSetTimer0
                0x00081a56        0xf /cygdrive/c/2.0.2/Lib/Components/Library/libMac_JN516x.a(mac_main.o)
                0x00081a56                _vSetTimer0
 .text.u32GetTimer0
                0x00081a65        0x7 /cygdrive/c/2.0.2/Lib/Components/Library/libMac_JN516x.a(mac_main.o)
                0x00081a65                _u32GetTimer0
 .text.MAC_vXcvPhyEvtHandler
                0x00081a6c       0x10 /cygdrive/c/2.0.2/Lib/Components/Library/libMac_JN516x.a(mac_main.o)
                0x00081a6c                _MAC_vXcvPhyEvtHandler
 .text.MAC_vXcvBbcEvtHandler
                0x00081a7c       0x20 /cygdrive/c/2.0.2/Lib/Components/Library/libMac_JN516x.a(mac_main.o)
                0x00081a7c                _MAC_vXcvBbcEvtHandler
 .text.mac_vInitTimer0
                0x00081a9c       0x20 /cygdrive/c/2.0.2/Lib/Components/Library/libMac_JN516x.a(mac_main.o)
                0x00081a9c                _mac_vInitTimer0
 .text.MAC_pvCtor
                0x00081abc       0x82 /cygdrive/c/2.0.2/Lib/Components/Library/libMac_JN516x.a(mac_main.o)
                0x00081abc                _MAC_pvCtor
 .text.MAC_vHandleMcpsReqRsp
                0x00081b3e       0x2d /cygdrive/c/2.0.2/Lib/Components/Library/libMac_JN516x.a(mac_mcps.o)
                0x00081b3e                _MAC_vHandleMcpsReqRsp
 .text.vHandleTofRequest
                0x00081b6b       0x12 /cygdrive/c/2.0.2/Lib/Components/Library/libMac_JN516x.a(mac_mlme.o)
 *fill*         0x00081b7d        0x3 00
 .text.MAC_vHandleMlmeReqRsp
                0x00081b80       0xb4 /cygdrive/c/2.0.2/Lib/Components/Library/libMac_JN516x.a(mac_mlme.o)
                0x00081b80                _MAC_vHandleMlmeReqRsp
 .text.MAC_psPibGetHandle
                0x00081c34        0x7 /cygdrive/c/2.0.2/Lib/Components/Library/libMac_JN516x.a(mac_pib.o)
                0x00081c34                _MAC_psPibGetHandle
 .text.MAC_vPibSetShortAddr
                0x00081c3b        0xe /cygdrive/c/2.0.2/Lib/Components/Library/libMac_JN516x.a(mac_pib.o)
                0x00081c3b                _MAC_vPibSetShortAddr
 .text.MAC_vPibSetPanId
                0x00081c49       0x1b /cygdrive/c/2.0.2/Lib/Components/Library/libMac_JN516x.a(mac_pib.o)
                0x00081c49                _MAC_vPibSetPanId
 .text.MAC_vPibSetMinBe
                0x00081c64       0x1e /cygdrive/c/2.0.2/Lib/Components/Library/libMac_JN516x.a(mac_pib.o)
                0x00081c64                _MAC_vPibSetMinBe
 .text.MAC_vPibSetMaxCsmaBackoffs
                0x00081c82       0x21 /cygdrive/c/2.0.2/Lib/Components/Library/libMac_JN516x.a(mac_pib.o)
                0x00081c82                _MAC_vPibSetMaxCsmaBackoffs
 .text.MAC_vSetExtAddr
                0x00081ca3       0x1f /cygdrive/c/2.0.2/Lib/Components/Library/libMac_JN516x.a(mac_pib.o)
                0x00081ca3                _MAC_vSetExtAddr
 .text.MAC_vPibSetRxOnWhenIdle
                0x00081cc2       0x13 /cygdrive/c/2.0.2/Lib/Components/Library/libMac_JN516x.a(mac_pib.o)
                0x00081cc2                _MAC_vPibSetRxOnWhenIdle
 .text.MAC_vPibSetPromiscuousMode
                0x00081cd5       0x40 /cygdrive/c/2.0.2/Lib/Components/Library/libMac_JN516x.a(mac_pib.o)
                0x00081cd5                _MAC_vPibSetPromiscuousMode
 .text.mac_vPibCmpCoordExtAddr
                0x00081d15       0x29 /cygdrive/c/2.0.2/Lib/Components/Library/libMac_JN516x.a(mac_pib_mlme.o)
                0x00081d15                _mac_vPibCmpCoordExtAddr
 .text.mac_vPibReset
                0x00081d3e       0x87 /cygdrive/c/2.0.2/Lib/Components/Library/libMac_JN516x.a(mac_pib_mlme.o)
                0x00081d3e                _mac_vPibReset
 .text.mac_vPibSetDefaults
                0x00081dc5      0x12e /cygdrive/c/2.0.2/Lib/Components/Library/libMac_JN516x.a(mac_pib_mlme.o)
                0x00081dc5                _mac_vPibSetDefaults
 .text.vPMICreset
                0x00081ef3        0xd /cygdrive/c/2.0.2/Lib/Components/Library/libMac_JN516x.a(mac_pmic.o)
                0x00081ef3                _vPMICreset
 .text.vPMICpostFailedAssocDcfm
                0x00081f00       0x3d /cygdrive/c/2.0.2/Lib/Components/Library/libMac_JN516x.a(mac_pmic.o)
                0x00081f00                _vPMICpostFailedAssocDcfm
 .text.vPMICassocReqTO_2
                0x00081f3d       0x1d /cygdrive/c/2.0.2/Lib/Components/Library/libMac_JN516x.a(mac_pmic.o)
 .text.vPMICassocReqFrameReceived
                0x00081f5a       0x79 /cygdrive/c/2.0.2/Lib/Components/Library/libMac_JN516x.a(mac_pmic.o)
                0x00081f5a                _vPMICassocReqFrameReceived
 .text.vPMICdisassocReceived
                0x00081fd3       0x93 /cygdrive/c/2.0.2/Lib/Components/Library/libMac_JN516x.a(mac_pmic.o)
                0x00081fd3                _vPMICdisassocReceived
 .text.vPMICassocRespFrameReceived
                0x00082066       0x93 /cygdrive/c/2.0.2/Lib/Components/Library/libMac_JN516x.a(mac_pmic.o)
                0x00082066                _vPMICassocRespFrameReceived
 .text.vPMICassocReqTO_1
                0x000820f9       0x8c /cygdrive/c/2.0.2/Lib/Components/Library/libMac_JN516x.a(mac_pmic.o)
 .text.vPMICdisassociateRequest
                0x00082185       0xf4 /cygdrive/c/2.0.2/Lib/Components/Library/libMac_JN516x.a(mac_pmic.o)
                0x00082185                _vPMICdisassociateRequest
 .text.bPMICdisassocReqSent
                0x00082279       0x83 /cygdrive/c/2.0.2/Lib/Components/Library/libMac_JN516x.a(mac_pmic.o)
 .text.vPMICassociateResponse
                0x000822fc       0xd9 /cygdrive/c/2.0.2/Lib/Components/Library/libMac_JN516x.a(mac_pmic.o)
                0x000822fc                _vPMICassociateResponse
 .text.bAssocRespSent
                0x000823d5       0x1d /cygdrive/c/2.0.2/Lib/Components/Library/libMac_JN516x.a(mac_pmic.o)
 .text.vPMICassociateRequest
                0x000823f2       0xe6 /cygdrive/c/2.0.2/Lib/Components/Library/libMac_JN516x.a(mac_pmic.o)
                0x000823f2                _vPMICassociateRequest
 .text.bPMICassocReqPollSent
                0x000824d8       0x5b /cygdrive/c/2.0.2/Lib/Components/Library/libMac_JN516x.a(mac_pmic.o)
 .text.bPMICassocReqSent
                0x00082533       0x8d /cygdrive/c/2.0.2/Lib/Components/Library/libMac_JN516x.a(mac_pmic.o)
 .text.MAC_vRegisterMlmeDcfmIndCallbacks
                0x000825c0        0xc /cygdrive/c/2.0.2/Lib/Components/Library/libMac_JN516x.a(mac_ind.o)
                0x000825c0                _MAC_vRegisterMlmeDcfmIndCallbacks
 .text.MAC_vRegisterMcpsDcfmIndCallbacks
                0x000825cc        0xc /cygdrive/c/2.0.2/Lib/Components/Library/libMac_JN516x.a(mac_ind.o)
                0x000825cc                _MAC_vRegisterMcpsDcfmIndCallbacks
 .text.mac_psDcfmIndGetBuf
                0x000825d8       0x23 /cygdrive/c/2.0.2/Lib/Components/Library/libMac_JN516x.a(mac_ind.o)
                0x000825d8                _mac_psDcfmIndGetBuf
 .text.mac_eDcfmIndPost
                0x000825fb       0x21 /cygdrive/c/2.0.2/Lib/Components/Library/libMac_JN516x.a(mac_ind.o)
                0x000825fb                _mac_eDcfmIndPost
 .text.eScanHandleEvt
                0x0008261c       0x2e /cygdrive/c/2.0.2/Lib/Components/Library/libMac_JN516x.a(mac_scan.o)
                0x0008261c                _eScanHandleEvt
 .text.vScanHandleTimer
                0x0008264a        0x8 /cygdrive/c/2.0.2/Lib/Components/Library/libMac_JN516x.a(mac_scan.o)
 .text.eGenlIllegal
                0x00082652        0x7 /cygdrive/c/2.0.2/Lib/Components/Library/libMac_JN516x.a(mac_scan.o)
 .text.eGenlDontCare
                0x00082659        0x5 /cygdrive/c/2.0.2/Lib/Components/Library/libMac_JN516x.a(mac_scan.o)
 .text.eWEnDEdDone
                0x0008265e       0x64 /cygdrive/c/2.0.2/Lib/Components/Library/libMac_JN516x.a(mac_scan.o)
 .text.eWEnDTmrExpiry
                0x000826c2        0xb /cygdrive/c/2.0.2/Lib/Components/Library/libMac_JN516x.a(mac_scan.o)
 .text.mac_eScanHandleXcvBbcEvt
                0x000826cd        0xf /cygdrive/c/2.0.2/Lib/Components/Library/libMac_JN516x.a(mac_scan.o)
                0x000826cd                _mac_eScanHandleXcvBbcEvt
 .text.mac_eScanHandleXcvPhyEvt
                0x000826dc       0x12 /cygdrive/c/2.0.2/Lib/Components/Library/libMac_JN516x.a(mac_scan.o)
                0x000826dc                _mac_eScanHandleXcvPhyEvt
 .text.vSetNextChannel
                0x000826ee       0x4a /cygdrive/c/2.0.2/Lib/Components/Library/libMac_JN516x.a(mac_scan.o)
 .text.mac_vScanHandleMlmeReq
                0x00082738       0x98 /cygdrive/c/2.0.2/Lib/Components/Library/libMac_JN516x.a(mac_scan.o)
                0x00082738                _mac_vScanHandleMlmeReq
 .text.mac_eScanInit
                0x000827d0       0x19 /cygdrive/c/2.0.2/Lib/Components/Library/libMac_JN516x.a(mac_scan.o)
                0x000827d0                _mac_eScanInit
 .text.vPostDcfm
                0x000827e9       0xe9 /cygdrive/c/2.0.2/Lib/Components/Library/libMac_JN516x.a(mac_scan.o)
 .text.eWCoRRxDone
                0x000828d2       0xb7 /cygdrive/c/2.0.2/Lib/Components/Library/libMac_JN516x.a(mac_scan.o)
 .text.eGenTmrExpiry
                0x00082989       0x4b /cygdrive/c/2.0.2/Lib/Components/Library/libMac_JN516x.a(mac_scan.o)
 .text.eWEDTEdDone
                0x000829d4       0x1a /cygdrive/c/2.0.2/Lib/Components/Library/libMac_JN516x.a(mac_scan.o)
 .text.eGenRxHdrDone
                0x000829ee       0x13 /cygdrive/c/2.0.2/Lib/Components/Library/libMac_JN516x.a(mac_scan.o)
 .text.eWONTTxDone
                0x00082a01       0x35 /cygdrive/c/2.0.2/Lib/Components/Library/libMac_JN516x.a(mac_scan.o)
 .text.eWBRTTxDone
                0x00082a36       0x21 /cygdrive/c/2.0.2/Lib/Components/Library/libMac_JN516x.a(mac_scan.o)
 .text.eWBcnRxDone
                0x00082a57      0x19e /cygdrive/c/2.0.2/Lib/Components/Library/libMac_JN516x.a(mac_scan.o)
 .text.bSendMacCmd
                0x00082bf5       0x40 /cygdrive/c/2.0.2/Lib/Components/Library/libMac_JN516x.a(mac_scan.o)
 .text.eWChCChanChgd
                0x00082c35      0x170 /cygdrive/c/2.0.2/Lib/Components/Library/libMac_JN516x.a(mac_scan.o)
 .text.mac_vLPBAdjustBeaconOffset
                0x00082da5       0x5d /cygdrive/c/2.0.2/Lib/Components/Library/libMac_JN516x.a(mac_lp.o)
                0x00082da5                _mac_vLPBAdjustBeaconOffset
 .text.mac_u32LPBGetBeaconTimeout
                0x00082e02        0x9 /cygdrive/c/2.0.2/Lib/Components/Library/libMac_JN516x.a(mac_lp.o)
                0x00082e02                _mac_u32LPBGetBeaconTimeout
 .text.MAC_u32ConvertFrom16uS
                0x00082e0b       0x41 /cygdrive/c/2.0.2/Lib/Components/Library/libMac_JN516x.a(mac_lp.o)
                0x00082e0b                _MAC_u32ConvertFrom16uS
 .text.mac_vLPBSleep
                0x00082e4c       0x55 /cygdrive/c/2.0.2/Lib/Components/Library/libMac_JN516x.a(mac_lp.o)
                0x00082e4c                _mac_vLPBSleep
 .text.mac_vLPBStopTimer
                0x00082ea1        0xe /cygdrive/c/2.0.2/Lib/Components/Library/libMac_JN516x.a(mac_lp.o)
                0x00082ea1                _mac_vLPBStopTimer
 .text.mac_vLPBStartTimer
                0x00082eaf       0x88 /cygdrive/c/2.0.2/Lib/Components/Library/libMac_JN516x.a(mac_lp.o)
                0x00082eaf                _mac_vLPBStartTimer
 .text.vMCPSframeReceived
                0x00082f37       0x5a /cygdrive/c/2.0.2/Lib/Components/Library/libMac_JN516x.a(MCPS.o)
                0x00082f37                _vMCPSframeReceived
 .text.bSearchQueue
                0x00082f91       0x36 /cygdrive/c/2.0.2/Lib/Components/Library/libMac_JN516x.a(MCPS.o)
 .text.vTAM_MCPSpurgeRequest
                0x00082fc7       0x64 /cygdrive/c/2.0.2/Lib/Components/Library/libMac_JN516x.a(MCPS.o)
                0x00082fc7                _vTAM_MCPSpurgeRequest
 .text.bMCPSframeTXcomplete
                0x0008302b       0x5a /cygdrive/c/2.0.2/Lib/Components/Library/libMac_JN516x.a(MCPS.o)
 .text.vTAM_MCPSdataRequest
                0x00083085       0x46 /cygdrive/c/2.0.2/Lib/Components/Library/libMac_JN516x.a(MCPS.o)
                0x00083085                _vTAM_MCPSdataRequest
 .text.phy_ePibGet
                0x000830cb       0x34 /cygdrive/c/2.0.2/Lib/Components/Library/libMac_JN516x.a(phy_pib.o)
                0x000830cb                _phy_ePibGet
 .text.u8GetPapValue
                0x000830ff       0x21 /cygdrive/c/2.0.2/Lib/Components/Library/libMac_JN516x.a(phy_pib.o)
 .text.vPhySetChannel
                0x00083120       0x77 /cygdrive/c/2.0.2/Lib/Components/Library/libMac_JN516x.a(phy_pib.o)
                0x00083120                _vPhySetChannel
 .text.phy_ePibSet
                0x00083197       0x90 /cygdrive/c/2.0.2/Lib/Components/Library/libMac_JN516x.a(phy_pib.o)
                0x00083197                _phy_ePibSet
 .text.phy_vPibSetDefaults
                0x00083227       0x2c /cygdrive/c/2.0.2/Lib/Components/Library/libMac_JN516x.a(phy_pib.o)
                0x00083227                _phy_vPibSetDefaults
 .text.bTAMinPAN
                0x00083253       0x19 /cygdrive/c/2.0.2/Lib/Components/Library/libMac_JN516x.a(TAM.o)
                0x00083253                _bTAMinPAN
 .text.eTAMevent
                0x0008326c       0x1a /cygdrive/c/2.0.2/Lib/Components/Library/libMac_JN516x.a(TAM.o)
                0x0008326c                _eTAMevent
 *fill*         0x00083286        0x2 00
 .text.eTAMselect
                0x00083288      0x154 /cygdrive/c/2.0.2/Lib/Components/Library/libMac_JN516x.a(TAM.o)
                0x00083288                _eTAMselect
 .text.vTAM_MLMEsyncRequest
                0x000833dc       0x17 /cygdrive/c/2.0.2/Lib/Components/Library/libMac_JN516x.a(TAM.o)
                0x000833dc                _vTAM_MLMEsyncRequest
 .text.vTAM_MLMEstartRequest
                0x000833f3       0x87 /cygdrive/c/2.0.2/Lib/Components/Library/libMac_JN516x.a(TAM.o)
                0x000833f3                _vTAM_MLMEstartRequest
 .text.vTAMreset
                0x0008347a      0x1f6 /cygdrive/c/2.0.2/Lib/Components/Library/libMac_JN516x.a(TAM.o)
                0x0008347a                _vTAMreset
 .text.vTAMCOsetCoordinator
                0x00083670       0x29 /cygdrive/c/2.0.2/Lib/Components/Library/libMac_JN516x.a(TAMCO.o)
                0x00083670                _vTAMCOsetCoordinator
 .text.vTAMCOupdatePendingList
                0x00083699       0xbb /cygdrive/c/2.0.2/Lib/Components/Library/libMac_JN516x.a(TAMCO.o)
                0x00083699                _vTAMCOupdatePendingList
 .text.vTAMCOreqTXinCAP
                0x00083754       0x2f /cygdrive/c/2.0.2/Lib/Components/Library/libMac_JN516x.a(TAMCO.o)
                0x00083754                _vTAMCOreqTXinCAP
 .text.vTrySendFromDirectNoBeacon
                0x00083783       0x38 /cygdrive/c/2.0.2/Lib/Components/Library/libMac_JN516x.a(TAMCO.o)
 .text.vTAMCOreqTXnoBeacon
                0x000837bb       0x18 /cygdrive/c/2.0.2/Lib/Components/Library/libMac_JN516x.a(TAMCO.o)
                0x000837bb                _vTAMCOreqTXnoBeacon
 .text.vTAMCOframeRXnobeacon
                0x000837d3       0x18 /cygdrive/c/2.0.2/Lib/Components/Library/libMac_JN516x.a(TAMCO.o)
                0x000837d3                _vTAMCOframeRXnobeacon
 .text.vTAMCOframeTXnobeacon
                0x000837eb       0x1e /cygdrive/c/2.0.2/Lib/Components/Library/libMac_JN516x.a(TAMCO.o)
                0x000837eb                _vTAMCOframeTXnobeacon
 .text.vTrySendFromDirectCAP
                0x00083809       0x25 /cygdrive/c/2.0.2/Lib/Components/Library/libMac_JN516x.a(TAMCO.o)
 .text.vTAMCOframeRXcap
                0x0008382e       0x18 /cygdrive/c/2.0.2/Lib/Components/Library/libMac_JN516x.a(TAMCO.o)
                0x0008382e                _vTAMCOframeRXcap
 .text.vTAMCOframeRXgoingIdle
                0x00083846       0x1c /cygdrive/c/2.0.2/Lib/Components/Library/libMac_JN516x.a(TAMCO.o)
                0x00083846                _vTAMCOframeRXgoingIdle
 .text.vTAMCOframeTXcap
                0x00083862       0x30 /cygdrive/c/2.0.2/Lib/Components/Library/libMac_JN516x.a(TAMCO.o)
                0x00083862                _vTAMCOframeTXcap
 .text.vTAMCOframeTXgoingIdle
                0x00083892       0x1b /cygdrive/c/2.0.2/Lib/Components/Library/libMac_JN516x.a(TAMCO.o)
                0x00083892                _vTAMCOframeTXgoingIdle
 .text.vTAMCOint2Fired
                0x000838ad       0x22 /cygdrive/c/2.0.2/Lib/Components/Library/libMac_JN516x.a(TAMCO.o)
                0x000838ad                _vTAMCOint2Fired
 .text.vTAMCOframeTXbeacon
                0x000838cf       0xc9 /cygdrive/c/2.0.2/Lib/Components/Library/libMac_JN516x.a(TAMCO.o)
                0x000838cf                _vTAMCOframeTXbeacon
 .text.vTAMCOint1Fired
                0x00083998       0xef /cygdrive/c/2.0.2/Lib/Components/Library/libMac_JN516x.a(TAMCO.o)
                0x00083998                _vTAMCOint1Fired
 .text.vTAMCOint1FiredCAP
                0x00083a87       0x7f /cygdrive/c/2.0.2/Lib/Components/Library/libMac_JN516x.a(TAMCO.o)
                0x00083a87                _vTAMCOint1FiredCAP
 .text.vTAMCOstartBeacon
                0x00083b06       0x41 /cygdrive/c/2.0.2/Lib/Components/Library/libMac_JN516x.a(TAMCO.o)
                0x00083b06                _vTAMCOstartBeacon
 .text.vStartStoreValues
                0x00083b47       0xbc /cygdrive/c/2.0.2/Lib/Components/Library/libMac_JN516x.a(TAMCO.o)
 .text.bStartCallback
                0x00083c03       0x2f /cygdrive/c/2.0.2/Lib/Components/Library/libMac_JN516x.a(TAMCO.o)
 .text.vTAMCO_MLMEstartRequest
                0x00083c32      0x11e /cygdrive/c/2.0.2/Lib/Components/Library/libMac_JN516x.a(TAMCO.o)
                0x00083c32                _vTAMCO_MLMEstartRequest
 .text.vTAMCOframeStarting
                0x00083d50       0x1e /cygdrive/c/2.0.2/Lib/Components/Library/libMac_JN516x.a(TAMCO.o)
                0x00083d50                _vTAMCOframeStarting
 .text.vTAMDEdetermineNullState
                0x00083d6e       0x1d /cygdrive/c/2.0.2/Lib/Components/Library/libMac_JN516x.a(TAMDE.o)
                0x00083d6e                _vTAMDEdetermineNullState
 .text.vSetPHYfromMacValue
                0x00083d8b       0x45 /cygdrive/c/2.0.2/Lib/Components/Library/libMac_JN516x.a(TAMDE.o)
 .text.vTAMDEint1FiredWaitDR
                0x00083dd0       0x20 /cygdrive/c/2.0.2/Lib/Components/Library/libMac_JN516x.a(TAMDE.o)
                0x00083dd0                _vTAMDEint1FiredWaitDR
 .text.vTAMDEstartSync
                0x00083df0       0x86 /cygdrive/c/2.0.2/Lib/Components/Library/libMac_JN516x.a(TAMDE.o)
                0x00083df0                _vTAMDEstartSync
 .text.vTAMDE_MLMEsyncRequest
                0x00083e76       0x30 /cygdrive/c/2.0.2/Lib/Components/Library/libMac_JN516x.a(TAMDE.o)
                0x00083e76                _vTAMDE_MLMEsyncRequest
 .text.vTrySendUnslotted
                0x00083ea6       0x23 /cygdrive/c/2.0.2/Lib/Components/Library/libMac_JN516x.a(TAMDE.o)
 .text.vDeterminePowerState
                0x00083ec9       0x98 /cygdrive/c/2.0.2/Lib/Components/Library/libMac_JN516x.a(TAMDE.o)
 .text.vTAMDEreqTXnullTrackingCAP
                0x00083f61       0x1c /cygdrive/c/2.0.2/Lib/Components/Library/libMac_JN516x.a(TAMDE.o)
                0x00083f61                _vTAMDEreqTXnullTrackingCAP
 .text.vTAMDEint2FiredTrackingDR
                0x00083f7d       0x2b /cygdrive/c/2.0.2/Lib/Components/Library/libMac_JN516x.a(TAMDE.o)
                0x00083f7d                _vTAMDEint2FiredTrackingDR
 .text.vTAMDEframeTXDEnull
                0x00083fa8       0x28 /cygdrive/c/2.0.2/Lib/Components/Library/libMac_JN516x.a(TAMDE.o)
                0x00083fa8                _vTAMDEframeTXDEnull
 .text.vTAMDEframeTXtrackingCAPgts
                0x00083fd0       0x34 /cygdrive/c/2.0.2/Lib/Components/Library/libMac_JN516x.a(TAMDE.o)
                0x00083fd0                _vTAMDEframeTXtrackingCAPgts
 .text.vTAMDEframeRX
                0x00084004       0x30 /cygdrive/c/2.0.2/Lib/Components/Library/libMac_JN516x.a(TAMDE.o)
                0x00084004                _vTAMDEframeRX
 .text.vTAMDEframePreSyncReq
                0x00084034       0x21 /cygdrive/c/2.0.2/Lib/Components/Library/libMac_JN516x.a(TAMDE.o)
                0x00084034                _vTAMDEframePreSyncReq
 .text.bSendDataRequest
                0x00084055      0x113 /cygdrive/c/2.0.2/Lib/Components/Library/libMac_JN516x.a(TAMDE.o)
 .text.vTAMDEframeRXtrackingDR
                0x00084168       0x47 /cygdrive/c/2.0.2/Lib/Components/Library/libMac_JN516x.a(TAMDE.o)
                0x00084168                _vTAMDEframeRXtrackingDR
 .text.vTAMDEint2FiredPollActive
                0x000841af       0x34 /cygdrive/c/2.0.2/Lib/Components/Library/libMac_JN516x.a(TAMDE.o)
                0x000841af                _vTAMDEint2FiredPollActive
 .text.vTAMDEframeTXtrackingDR
                0x000841e3       0x6b /cygdrive/c/2.0.2/Lib/Components/Library/libMac_JN516x.a(TAMDE.o)
                0x000841e3                _vTAMDEframeTXtrackingDR
 .text.vTAMDEint1FiredTracking
                0x0008424e       0x6f /cygdrive/c/2.0.2/Lib/Components/Library/libMac_JN516x.a(TAMDE.o)
                0x0008424e                _vTAMDEint1FiredTracking
 .text.vTAMDEint1FiredTrackingCAPgts
                0x000842bd       0xca /cygdrive/c/2.0.2/Lib/Components/Library/libMac_JN516x.a(TAMDE.o)
                0x000842bd                _vTAMDEint1FiredTrackingCAPgts
 .text.vTAMDEint1FiredTrackingBeacon
                0x00084387       0xa7 /cygdrive/c/2.0.2/Lib/Components/Library/libMac_JN516x.a(TAMDE.o)
                0x00084387                _vTAMDEint1FiredTrackingBeacon
 .text.bProcessBeaconRX
                0x0008442e       0xe6 /cygdrive/c/2.0.2/Lib/Components/Library/libMac_JN516x.a(TAMDE.o)
 .text.vTAMDEframeRXsyncReq
                0x00084514      0x26c /cygdrive/c/2.0.2/Lib/Components/Library/libMac_JN516x.a(TAMDE.o)
                0x00084514                _vTAMDEframeRXsyncReq
 .text.vTAMDEint1FiredSyncReq
                0x00084780       0x7b /cygdrive/c/2.0.2/Lib/Components/Library/libMac_JN516x.a(TAMDE.o)
                0x00084780                _vTAMDEint1FiredSyncReq
 .text.pvMEMget
                0x000847fb       0x27 /cygdrive/c/2.0.2/Lib/Components/Library/libMac_JN516x.a(TAM_MEM.o)
                0x000847fb                _pvMEMget
 .text.vMEMreturn
                0x00084822       0x6a /cygdrive/c/2.0.2/Lib/Components/Library/libMac_JN516x.a(TAM_MEM.o)
                0x00084822                _vMEMreturn
 .text.vMEMreset
                0x0008488c       0x70 /cygdrive/c/2.0.2/Lib/Components/Library/libMac_JN516x.a(TAM_MEM.o)
                0x0008488c                _vMEMreset
 .text.vMLMErxEnableConfirm
                0x000848fc       0x37 /cygdrive/c/2.0.2/Lib/Components/Library/libMac_JN516x.a(TAM_MLME.o)
                0x000848fc                _vMLMErxEnableConfirm
 .text.vMLMEcommStatus
                0x00084933       0x6e /cygdrive/c/2.0.2/Lib/Components/Library/libMac_JN516x.a(TAM_MLME.o)
                0x00084933                _vMLMEcommStatus
 .text.vMLMEcommStatusFromFrame
                0x000849a1       0x47 /cygdrive/c/2.0.2/Lib/Components/Library/libMac_JN516x.a(TAM_MLME.o)
                0x000849a1                _vMLMEcommStatusFromFrame
 .text.vMLMEsyncLoss
                0x000849e8       0x38 /cygdrive/c/2.0.2/Lib/Components/Library/libMac_JN516x.a(TAM_MLME.o)
                0x000849e8                _vMLMEsyncLoss
 .text.vMLMEbeaconNotify
                0x00084a20      0x17c /cygdrive/c/2.0.2/Lib/Components/Library/libMac_JN516x.a(TAM_MLME.o)
                0x00084a20                _vMLMEbeaconNotify
 .text.vTAHsetCutOff
                0x00084b9c        0xa /cygdrive/c/2.0.2/Lib/Components/Library/libMac_JN516x.a(TAM_TAH.o)
                0x00084b9c                _vTAHsetCutOff
 .text.vTAHsetSyncLock
                0x00084ba6       0x18 /cygdrive/c/2.0.2/Lib/Components/Library/libMac_JN516x.a(TAM_TAH.o)
                0x00084ba6                _vTAHsetSyncLock
 .text.vTAHsetPhyStateDirect
                0x00084bbe       0x33 /cygdrive/c/2.0.2/Lib/Components/Library/libMac_JN516x.a(TAM_TAH.o)
                0x00084bbe                _vTAHsetPhyStateDirect
 .text.vTAHsetPhyState
                0x00084bf1       0x35 /cygdrive/c/2.0.2/Lib/Components/Library/libMac_JN516x.a(TAM_TAH.o)
                0x00084bf1                _vTAHsetPhyState
 .text.vTAIdisableInterrupt
                0x00084c26       0x10 /cygdrive/c/2.0.2/Lib/Components/Library/libMac_JN516x.a(TAM_TAI.o)
                0x00084c26                _vTAIdisableInterrupt
 .text.vTAIsetRxEnableTime
                0x00084c36       0x1d /cygdrive/c/2.0.2/Lib/Components/Library/libMac_JN516x.a(TAM_TAI.o)
                0x00084c36                _vTAIsetRxEnableTime
 .text.vTAIsetCapTime
                0x00084c53       0x1d /cygdrive/c/2.0.2/Lib/Components/Library/libMac_JN516x.a(TAM_TAI.o)
                0x00084c53                _vTAIsetCapTime
 .text.eTATreadTXstatus
                0x00084c70       0x46 /cygdrive/c/2.0.2/Lib/Components/Library/libMac_JN516x.a(TAM_TAT.o)
                0x00084c70                _eTATreadTXstatus
 .text.vTATgetFrameAddress
                0x00084cb6       0x20 /cygdrive/c/2.0.2/Lib/Components/Library/libMac_JN516x.a(TAM_TAT.o)
                0x00084cb6                _vTATgetFrameAddress
 .text.vTATgetFramePayload
                0x00084cd6       0x1d /cygdrive/c/2.0.2/Lib/Components/Library/libMac_JN516x.a(TAM_TAT.o)
                0x00084cd6                _vTATgetFramePayload
 .text.vTATsetBLE
                0x00084cf3       0x3e /cygdrive/c/2.0.2/Lib/Components/Library/libMac_JN516x.a(TAM_TAT.o)
                0x00084cf3                _vTATsetBLE
 .text.vTATwriteAclMaterialToHardware
                0x00084d31       0x2c /cygdrive/c/2.0.2/Lib/Components/Library/libMac_JN516x.a(TAM_TAT.o)
                0x00084d31                _vTATwriteAclMaterialToHardware
 .text.bIsBbcSafeForTx
                0x00084d5d       0x2d /cygdrive/c/2.0.2/Lib/Components/Library/libMac_JN516x.a(TAM_TAT.o)
                0x00084d5d                _bIsBbcSafeForTx
 .text.vTATstartReceiveAt
                0x00084d8a       0x1e /cygdrive/c/2.0.2/Lib/Components/Library/libMac_JN516x.a(TAM_TAT.o)
                0x00084d8a                _vTATstartReceiveAt
 .text.vWriteFrame
                0x00084da8       0x7d /cygdrive/c/2.0.2/Lib/Components/Library/libMac_JN516x.a(TAM_TAT.o)
 .text.bTATsendFrame
                0x00084e25       0x5a /cygdrive/c/2.0.2/Lib/Components/Library/libMac_JN516x.a(TAM_TAT.o)
                0x00084e25                _bTATsendFrame
 .text.bTATsendFrameAt
                0x00084e7f       0x48 /cygdrive/c/2.0.2/Lib/Components/Library/libMac_JN516x.a(TAM_TAT.o)
                0x00084e7f                _bTATsendFrameAt
 .text.bTACassessBeaconForPayload
                0x00084ec7       0x4c /cygdrive/c/2.0.2/Lib/Components/Library/libMac_JN516x.a(TAMcommon.o)
                0x00084ec7                _bTACassessBeaconForPayload
 .text.bTACframeInProgress
                0x00084f13       0x27 /cygdrive/c/2.0.2/Lib/Components/Library/libMac_JN516x.a(TAMcommon.o)
                0x00084f13                _bTACframeInProgress
 .text.vTACu16ToPayloadM
                0x00084f3a        0xc /cygdrive/c/2.0.2/Lib/Components/Library/libMac_JN516x.a(TAMcommon.o)
                0x00084f3a                _vTACu16ToPayloadM
 .text.vTACu32ToPayloadM
                0x00084f46       0x18 /cygdrive/c/2.0.2/Lib/Components/Library/libMac_JN516x.a(TAMcommon.o)
                0x00084f46                _vTACu32ToPayloadM
 .text.u16TACpayloadToU16M
                0x00084f5e        0xf /cygdrive/c/2.0.2/Lib/Components/Library/libMac_JN516x.a(TAMcommon.o)
                0x00084f5e                _u16TACpayloadToU16M
 .text.u32TACpayloadToU32M
                0x00084f6d       0x23 /cygdrive/c/2.0.2/Lib/Components/Library/libMac_JN516x.a(TAMcommon.o)
                0x00084f6d                _u32TACpayloadToU32M
 .text.u8TACgetHeaderSize
                0x00084f90       0x26 /cygdrive/c/2.0.2/Lib/Components/Library/libMac_JN516x.a(TAMcommon.o)
                0x00084f90                _u8TACgetHeaderSize
 .text.vTACsetTxFrameDefaults
                0x00084fb6       0x2a /cygdrive/c/2.0.2/Lib/Components/Library/libMac_JN516x.a(TAMcommon.o)
                0x00084fb6                _vTACsetTxFrameDefaults
 .text.vTACcheckPollResponse
                0x00084fe0       0x37 /cygdrive/c/2.0.2/Lib/Components/Library/libMac_JN516x.a(TAMcommon.o)
                0x00084fe0                _vTACcheckPollResponse
 .text.bUpdateTime
                0x00085017       0x46 /cygdrive/c/2.0.2/Lib/Components/Library/libMac_JN516x.a(TAMcommon.o)
 .text.vTACbuildBeacon
                0x0008505d      0x257 /cygdrive/c/2.0.2/Lib/Components/Library/libMac_JN516x.a(TAMcommon.o)
                0x0008505d                _vTACbuildBeacon
 .text.vTACsetFramePending
                0x000852b4       0x3f /cygdrive/c/2.0.2/Lib/Components/Library/libMac_JN516x.a(TAMcommon.o)
                0x000852b4                _vTACsetFramePending
 .text.vTACsetPHYfromMacValue
                0x000852f3       0x2b /cygdrive/c/2.0.2/Lib/Components/Library/libMac_JN516x.a(TAMcommon.o)
                0x000852f3                _vTACsetPHYfromMacValue
 .text.bTACcheckPANconflict
                0x0008531e       0xa8 /cygdrive/c/2.0.2/Lib/Components/Library/libMac_JN516x.a(TAMcommon.o)
                0x0008531e                _bTACcheckPANconflict
 .text.bTACprocessUnexpectedBeacon
                0x000853c6       0x6d /cygdrive/c/2.0.2/Lib/Components/Library/libMac_JN516x.a(TAMcommon.o)
                0x000853c6                _bTACprocessUnexpectedBeacon
 .text.bSendSyncLoss
                0x00085433       0x1e /cygdrive/c/2.0.2/Lib/Components/Library/libMac_JN516x.a(TAMcommon.o)
 .text.vTACinformOriginator
                0x00085451       0x26 /cygdrive/c/2.0.2/Lib/Components/Library/libMac_JN516x.a(TAMcommon.o)
                0x00085451                _vTACinformOriginator
 .text.vTACintRXheader
                0x00085477       0x98 /cygdrive/c/2.0.2/Lib/Components/Library/libMac_JN516x.a(TAMcommon.o)
                0x00085477                _vTACintRXheader
 .text.bTACprocessFrameRXcomplete
                0x0008550f      0x231 /cygdrive/c/2.0.2/Lib/Components/Library/libMac_JN516x.a(TAMcommon.o)
                0x0008550f                _bTACprocessFrameRXcomplete
 .text.eTACprocessFrameTXcomplete
                0x00085740      0x17c /cygdrive/c/2.0.2/Lib/Components/Library/libMac_JN516x.a(TAMcommon.o)
                0x00085740                _eTACprocessFrameTXcomplete
 .text.vTAMinsertEvent
                0x000858bc       0x6c /cygdrive/c/2.0.2/Lib/Components/Library/libMac_JN516x.a(TAMevent.o)
                0x000858bc                _vTAMinsertEvent
 .text.vTAM_TxRetryTimeout
                0x00085928        0x8 /cygdrive/c/2.0.2/Lib/Components/Library/libMac_JN516x.a(TAMevent.o)
                0x00085928                _vTAM_TxRetryTimeout
 .text.vTAM_QueueTxEvent
                0x00085930       0x11 /cygdrive/c/2.0.2/Lib/Components/Library/libMac_JN516x.a(TAMevent.o)
                0x00085930                _vTAM_QueueTxEvent
 .text.vTAM_CancelTxRetryTimer
                0x00085941        0xf /cygdrive/c/2.0.2/Lib/Components/Library/libMac_JN516x.a(TAMevent.o)
                0x00085941                _vTAM_CancelTxRetryTimer
 .text.vTAM_TxRetryTimer
                0x00085950       0x13 /cygdrive/c/2.0.2/Lib/Components/Library/libMac_JN516x.a(TAMevent.o)
                0x00085950                _vTAM_TxRetryTimer
 .text.vTAQaddToFifo
                0x00085963       0x1a /cygdrive/c/2.0.2/Lib/Components/Library/libMac_JN516x.a(TAMqueue.o)
                0x00085963                _vTAQaddToFifo
 .text.bTAQremoveFromFifo
                0x0008597d       0x3d /cygdrive/c/2.0.2/Lib/Components/Library/libMac_JN516x.a(TAMqueue.o)
                0x0008597d                _bTAQremoveFromFifo
 .text.vTAQresetFifo
                0x000859ba        0x9 /cygdrive/c/2.0.2/Lib/Components/Library/libMac_JN516x.a(TAMqueue.o)
                0x000859ba                _vTAQresetFifo
 .text.psTAQsearchFifoForHandle
                0x000859c3       0x18 /cygdrive/c/2.0.2/Lib/Components/Library/libMac_JN516x.a(TAMqueue.o)
                0x000859c3                _psTAQsearchFifoForHandle
 .text.psTAQsearchFifo
                0x000859db       0x46 /cygdrive/c/2.0.2/Lib/Components/Library/libMac_JN516x.a(TAMqueue.o)
                0x000859db                _psTAQsearchFifo
 .text.vDoGoOff
                0x00085a21       0x1a /cygdrive/c/2.0.2/Lib/Components/Library/libMac_JN516x.a(TAMrxEnable.o)
 .text.vDoGoActive
                0x00085a3b       0x28 /cygdrive/c/2.0.2/Lib/Components/Library/libMac_JN516x.a(TAMrxEnable.o)
 .text.vTAM_MLMErxEnableRequest
                0x00085a63       0xc8 /cygdrive/c/2.0.2/Lib/Components/Library/libMac_JN516x.a(TAMrxEnable.o)
                0x00085a63                _vTAM_MLMErxEnableRequest
 .text.vTAMRXEsetReceiveForPibChange
                0x00085b2b       0x33 /cygdrive/c/2.0.2/Lib/Components/Library/libMac_JN516x.a(TAMrxEnable.o)
                0x00085b2b                _vTAMRXEsetReceiveForPibChange
 .text.vTAMRXEsetPhy
                0x00085b5e       0xb6 /cygdrive/c/2.0.2/Lib/Components/Library/libMac_JN516x.a(TAMrxEnable.o)
                0x00085b5e                _vTAMRXEsetPhy
 .text.vTAMRXEint2Fired
                0x00085c14       0x42 /cygdrive/c/2.0.2/Lib/Components/Library/libMac_JN516x.a(TAMrxEnable.o)
                0x00085c14                _vTAMRXEint2Fired
 .text.bSecurityLevelCheckingAlgorithm
                0x00085c56       0x25 /cygdrive/c/2.0.2/Lib/Components/Library/libMac_JN516x.a(TAMsecurity.o)
 .text.u8TSCframeIncrease
                0x00085c7b        0xf /cygdrive/c/2.0.2/Lib/Components/Library/libMac_JN516x.a(TAMsecurity.o)
                0x00085c7b                _u8TSCframeIncrease
 .text.vTSCsetUpwardSecurity
                0x00085c8a       0x15 /cygdrive/c/2.0.2/Lib/Components/Library/libMac_JN516x.a(TAMsecurity.o)
                0x00085c8a                _vTSCsetUpwardSecurity
 .text.vCopyToDataFromMacAddr
                0x00085c9f       0x33 /cygdrive/c/2.0.2/Lib/Components/Library/libMac_JN516x.a(TAMsecurity.o)
 .text.vTSCpostTransmitUpdate
                0x00085cd2       0x3b /cygdrive/c/2.0.2/Lib/Components/Library/libMac_JN516x.a(TAMsecurity.o)
                0x00085cd2                _vTSCpostTransmitUpdate
 .text.vTSCsetOutgoingInfo
                0x00085d0d      0x158 /cygdrive/c/2.0.2/Lib/Components/Library/libMac_JN516x.a(TAMsecurity.o)
                0x00085d0d                _vTSCsetOutgoingInfo
 .text.vMAC_RetrieveSecurityInfoFromFrame
                0x00085e65       0x92 /cygdrive/c/2.0.2/Lib/Components/Library/libMac_JN516x.a(TAMsecurity.o)
                0x00085e65                _vMAC_RetrieveSecurityInfoFromFrame
 .text.MAC_bLookUpKeyDescriptor
                0x00085ef7       0x7f /cygdrive/c/2.0.2/Lib/Components/Library/libMac_JN516x.a(TAMsecurity.o)
 .text.bTSCgetOutgoingInfo2003
                0x00085f76       0x21 /cygdrive/c/2.0.2/Lib/Components/Library/libMac_JN516x.a(TAMsecurity.o)
                0x00085f76                _bTSCgetOutgoingInfo2003
 .text.bTSCgetOutgoingInfo
                0x00085f97      0x11c /cygdrive/c/2.0.2/Lib/Components/Library/libMac_JN516x.a(TAMsecurity.o)
                0x00085f97                _bTSCgetOutgoingInfo
 .text.vTSCgetIncomingInfo
                0x000860b3       0xc6 /cygdrive/c/2.0.2/Lib/Components/Library/libMac_JN516x.a(TAMsecurity.o)
                0x000860b3                _vTSCgetIncomingInfo
 .text.bTSCcheckIncomingFrame
                0x00086179      0x689 /cygdrive/c/2.0.2/Lib/Components/Library/libMac_JN516x.a(TAMsecurity.o)
                0x00086179                _bTSCcheckIncomingFrame
 .text.vTAStidyUpAfterFrameTX
                0x00086802       0x26 /cygdrive/c/2.0.2/Lib/Components/Library/libMac_JN516x.a(TAMsideways.o)
                0x00086802                _vTAStidyUpAfterFrameTX
 .text.bTASsendCommStatusInd
                0x00086828       0x1b /cygdrive/c/2.0.2/Lib/Components/Library/libMac_JN516x.a(TAMsideways.o)
                0x00086828                _bTASsendCommStatusInd
 .text.vTASretrieveSecurity
                0x00086843       0x24 /cygdrive/c/2.0.2/Lib/Components/Library/libMac_JN516x.a(TAMsideways.o)
                0x00086843                _vTASretrieveSecurity
 .text.vTASretrieveFrame
                0x00086867       0x88 /cygdrive/c/2.0.2/Lib/Components/Library/libMac_JN516x.a(TAMsideways.o)
                0x00086867                _vTASretrieveFrame
 .text.eTAStransmitRequest
                0x000868ef      0x3e3 /cygdrive/c/2.0.2/Lib/Components/Library/libMac_JN516x.a(TAMsideways.o)
                0x000868ef                _eTAStransmitRequest
 .text.vTTIBLETimerExpired
                0x00086cd2        0xb /cygdrive/c/2.0.2/Lib/Components/Library/libMac_JN516x.a(TAMtime.o)
                0x00086cd2                _vTTIBLETimerExpired
 .text.vTTITimer2Expired
                0x00086cdd        0x8 /cygdrive/c/2.0.2/Lib/Components/Library/libMac_JN516x.a(TAMtime.o)
                0x00086cdd                _vTTITimer2Expired
 .text.vTTITimer1Expired
                0x00086ce5        0x8 /cygdrive/c/2.0.2/Lib/Components/Library/libMac_JN516x.a(TAMtime.o)
                0x00086ce5                _vTTITimer1Expired
 .text.vTTITransactionTimerExpired
                0x00086ced       0x2f /cygdrive/c/2.0.2/Lib/Components/Library/libMac_JN516x.a(TAMtime.o)
                0x00086ced                _vTTITransactionTimerExpired
 .text.vCmdWaitBusy
                0x00086d1c        0xd /cygdrive/c/2.0.2/Lib/Components/Library/libMac_JN516x.a(TAM_AES.o)
 .text.vEcbEncodeStripe
                0x00086d29       0x55 /cygdrive/c/2.0.2/Lib/Components/Library/libMac_JN516x.a(TAM_AES.o)
 .text.vFromU16ToLe
                0x00086d7e        0xc /cygdrive/c/2.0.2/Lib/Components/Library/libMac_JN516x.a(TAM_AES.o)
 .text.vFromU32ToLe
                0x00086d8a       0x18 /cygdrive/c/2.0.2/Lib/Components/Library/libMac_JN516x.a(TAM_AES.o)
 .text.u8TAM_AES_WriteAuxilliarySecurityHeaderIntoBuffer
                0x00086da2       0x6a /cygdrive/c/2.0.2/Lib/Components/Library/libMac_JN516x.a(TAM_AES.o)
                0x00086da2                _u8TAM_AES_WriteAuxilliarySecurityHeaderIntoBuffer
 .text.u8Write802_15_4HeaderIntoBuffer
                0x00086e0c      0x110 /cygdrive/c/2.0.2/Lib/Components/Library/libMac_JN516x.a(TAM_AES.o)
 .text.vWrite802_15_4NonceIntoBuffer
                0x00086f1c       0x4a /cygdrive/c/2.0.2/Lib/Components/Library/libMac_JN516x.a(TAM_AES.o)
 .text.vTAM_AES_OptimisedCcmStar
                0x00086f66      0x244 /cygdrive/c/2.0.2/Lib/Components/Library/libMac_JN516x.a(TAM_AES.o)
                0x00086f66                _vTAM_AES_OptimisedCcmStar
 .text.bTAM_AES_CCMstarPatch2006
                0x000871aa       0xf4 /cygdrive/c/2.0.2/Lib/Components/Library/libMac_JN516x.a(TAM_AES.o)
                0x000871aa                _bTAM_AES_CCMstarPatch2006
 .text.bTAM_AES_CCMstarPatch
                0x0008729e       0xfe /cygdrive/c/2.0.2/Lib/Components/Library/libMac_JN516x.a(TAM_AES.o)
                0x0008729e                _bTAM_AES_CCMstarPatch
 .text.MAC_u8AclFindInfo
                0x0008739c      0x118 /cygdrive/c/2.0.2/Lib/Components/Library/libMac_JN516x.a(mac_acl.o)
                0x0008739c                _MAC_u8AclFindInfo
 .text.vMAC_MISCorphanReceived
                0x000874b4       0x4f /cygdrive/c/2.0.2/Lib/Components/Library/libMac_JN516x.a(mac_misc.o)
                0x000874b4                _vMAC_MISCorphanReceived
 .text.vMAC_MISCpollConfirm
                0x00087503       0x35 /cygdrive/c/2.0.2/Lib/Components/Library/libMac_JN516x.a(mac_misc.o)
                0x00087503                _vMAC_MISCpollConfirm
 .text.vMAC_MISCpollRequest
                0x00087538       0xbe /cygdrive/c/2.0.2/Lib/Components/Library/libMac_JN516x.a(mac_misc.o)
                0x00087538                _vMAC_MISCpollRequest
 .text.vMAC_MISCorphanResponse
                0x000875f6       0xc4 /cygdrive/c/2.0.2/Lib/Components/Library/libMac_JN516x.a(mac_misc.o)
                0x000875f6                _vMAC_MISCorphanResponse
 .text.bPollReqSent
                0x000876ba       0x1e /cygdrive/c/2.0.2/Lib/Components/Library/libMac_JN516x.a(mac_misc.o)
 .text.vUpdateRegisters
                0x000876d8       0x4b /cygdrive/c/2.0.2/Lib/Components/Library/libXcv_JN516x.a(xcv_main.o)
 .text.XCV_vCtor
                0x00087723      0x1ae /cygdrive/c/2.0.2/Lib/Components/Library/libXcv_JN516x.a(xcv_main.o)
                0x00087723                _XCV_vCtor
 .text.XCV_vDevWriteIER
                0x000878d1        0xa /cygdrive/c/2.0.2/Lib/Components/Library/libXcv_JN516x.a(xcv_access.o)
                0x000878d1                _XCV_vDevWriteIER
 .text.XCV_vDevRMW_IER
                0x000878db       0x19 /cygdrive/c/2.0.2/Lib/Components/Library/libXcv_JN516x.a(xcv_access.o)
                0x000878db                _XCV_vDevRMW_IER
 .text.vXCV_IntHandlerBbc
                0x000878f4       0x62 /cygdrive/c/2.0.2/Lib/Components/Library/libXcv_JN516x.a(xcv_isr.o)
                0x000878f4                _vXCV_IntHandlerBbc
 .text.vXCV_IntHandlerPhy
                0x00087956       0xab /cygdrive/c/2.0.2/Lib/Components/Library/libXcv_JN516x.a(xcv_isr.o)
                0x00087956                _vXCV_IntHandlerPhy
 .text.TSV_eInit
                0x00087a01       0x1d /cygdrive/c/2.0.2/Lib/Components/Library/libTimerServer_JN516x.a(tsv_main.o)
                0x00087a01                _TSV_eInit
 .text.TSV_eOpen
                0x00087a1e        0x8 /cygdrive/c/2.0.2/Lib/Components/Library/libTimerServer_JN516x.a(tsv_main.o)
                0x00087a1e                _TSV_eOpen
 .text.psRemove
                0x00087a26       0x47 /cygdrive/c/2.0.2/Lib/Components/Library/libTimerServer_JN516x.a(tsv_main.o)
 .text.vExpireHead
                0x00087a6d       0x31 /cygdrive/c/2.0.2/Lib/Components/Library/libTimerServer_JN516x.a(tsv_main.o)
 .text.TSV_eExpireProc
                0x00087a9e       0x2b /cygdrive/c/2.0.2/Lib/Components/Library/libTimerServer_JN516x.a(tsv_main.o)
                0x00087a9e                _TSV_eExpireProc
 .text.TSV_eStart
                0x00087ac9       0xcf /cygdrive/c/2.0.2/Lib/Components/Library/libTimerServer_JN516x.a(tsv_main.o)
                0x00087ac9                _TSV_eStart
 .text.TSV_eStop
                0x00087b98       0x79 /cygdrive/c/2.0.2/Lib/Components/Library/libTimerServer_JN516x.a(tsv_main.o)
                0x00087b98                _TSV_eStop
 .text.vAHI_IntHandlerAnalogPeriph
                0x00087c11       0x20 /cygdrive/c/2.0.2/Lib/Components/Library/libHardwareApi_JN516x.a(AHI_Analogue.o)
                0x00087c11                _vAHI_IntHandlerAnalogPeriph
 .text.vAHI_DioSetDirection
                0x00087c31       0x14 /cygdrive/c/2.0.2/Lib/Components/Library/libHardwareApi_JN516x.a(AHI_Dio.o)
                0x00087c31                _vAHI_DioSetDirection
 .text.vAHI_DioSetOutput
                0x00087c45       0x14 /cygdrive/c/2.0.2/Lib/Components/Library/libHardwareApi_JN516x.a(AHI_Dio.o)
                0x00087c45                _vAHI_DioSetOutput
 .text.vAHI_DioSetPullup
                0x00087c59       0x20 /cygdrive/c/2.0.2/Lib/Components/Library/libHardwareApi_JN516x.a(AHI_Dio.o)
                0x00087c59                _vAHI_DioSetPullup
 .text.u32AHI_Init
                0x00087c79       0xc5 /cygdrive/c/2.0.2/Lib/Components/Library/libHardwareApi_JN516x.a(AHI_Init.o)
                0x00087c79                _u32AHI_Init
 .text          0x00087d3e       0x27 /cygdrive/c/2.0.2/Lib/Components/Library/libHardwareApi_JN516x.a(AHI_Interrupt.o)
                0x00087d5c                _vAHI_InterruptSetActivePriorityLevel
                0x00087d3e                _vAHI_InterruptSetPriority
 .text.vAHI_SwReset
                0x00087d65        0x9 /cygdrive/c/2.0.2/Lib/Components/Library/libHardwareApi_JN516x.a(AHI_Reset.o)
                0x00087d65                _vAHI_SwReset
 .text.vAHI_IntHandlerSi
                0x00087d6e       0x45 /cygdrive/c/2.0.2/Lib/Components/Library/libHardwareApi_JN516x.a(AHI_Si.o)
                0x00087d6e                _vAHI_IntHandlerSi
 .text.vAHI_IntHandlerSpiMaster
                0x00087db3       0x26 /cygdrive/c/2.0.2/Lib/Components/Library/libHardwareApi_JN516x.a(AHI_Spi.o)
                0x00087db3                _vAHI_IntHandlerSpiMaster
 .text.u8AHI_PowerStatus
                0x00087dd9        0xa /cygdrive/c/2.0.2/Lib/Components/Library/libHardwareApi_JN516x.a(AHI_System.o)
                0x00087dd9                _u8AHI_PowerStatus
 .text.vAHI_ProtocolPower
                0x00087de3       0x17 /cygdrive/c/2.0.2/Lib/Components/Library/libHardwareApi_JN516x.a(AHI_System.o)
                0x00087de3                _vAHI_ProtocolPower
 .text.vAHI_CpuDoze
                0x00087dfa       0x13 /cygdrive/c/2.0.2/Lib/Components/Library/libHardwareApi_JN516x.a(AHI_System.o)
                0x00087dfa                _vAHI_CpuDoze
 .text.vAHI_WatchdogStop
                0x00087e0d       0x17 /cygdrive/c/2.0.2/Lib/Components/Library/libHardwareApi_JN516x.a(AHI_System.o)
                0x00087e0d                _vAHI_WatchdogStop
 .text.bAHI_GetClkSource
                0x00087e24        0xd /cygdrive/c/2.0.2/Lib/Components/Library/libHardwareApi_JN516x.a(AHI_System.o)
                0x00087e24                _bAHI_GetClkSource
 .text.vAHI_OptimiseWaitStates
                0x00087e31       0x49 /cygdrive/c/2.0.2/Lib/Components/Library/libHardwareApi_JN516x.a(AHI_System.o)
                0x00087e31                _vAHI_OptimiseWaitStates
 .text.vAHI_SetWaitStateToChangingClockSourceAndSpeed
                0x00087e7a       0x67 /cygdrive/c/2.0.2/Lib/Components/Library/libHardwareApi_JN516x.a(AHI_System.o)
 .text.vPollClkSource
                0x00087ee1       0x15 /cygdrive/c/2.0.2/Lib/Components/Library/libHardwareApi_JN516x.a(AHI_System.o)
 .text.bAHI_SetClockRate
                0x00087ef6       0x51 /cygdrive/c/2.0.2/Lib/Components/Library/libHardwareApi_JN516x.a(AHI_System.o)
                0x00087ef6                _bAHI_SetClockRate
 .text.vAHI_MemoryHold
                0x00087f47       0x48 /cygdrive/c/2.0.2/Lib/Components/Library/libHardwareApi_JN516x.a(AHI_System.o)
 .text.bAHI_Clock32MHzStable
                0x00087f8f        0xd /cygdrive/c/2.0.2/Lib/Components/Library/libHardwareApi_JN516x.a(AHI_System.o)
                0x00087f8f                _bAHI_Clock32MHzStable
 .text.vAHI_IntHandlerSysCtrl
                0x00087f9c       0x3d /cygdrive/c/2.0.2/Lib/Components/Library/libHardwareApi_JN516x.a(AHI_System.o)
                0x00087f9c                _vAHI_IntHandlerSysCtrl
 .text.vAHI_Sleep
                0x00087fd9       0xbf /cygdrive/c/2.0.2/Lib/Components/Library/libHardwareApi_JN516x.a(AHI_System.o)
                0x00087fd9                _vAHI_Sleep
 .text.vAHI_TickTimerInit
                0x00088098        0x9 /cygdrive/c/2.0.2/Lib/Components/Library/libHardwareApi_JN516x.a(AHI_TickTimer.o)
                0x00088098                _vAHI_TickTimerInit
 .text.vAHI_TickTimerWrite
                0x000880a1        0x9 /cygdrive/c/2.0.2/Lib/Components/Library/libHardwareApi_JN516x.a(AHI_TickTimer.o)
                0x000880a1                _vAHI_TickTimerWrite
 .text.vAHI_TickTimerConfigure
                0x000880aa       0x1b /cygdrive/c/2.0.2/Lib/Components/Library/libHardwareApi_JN516x.a(AHI_TickTimer.o)
                0x000880aa                _vAHI_TickTimerConfigure
 .text.vAHI_TickTimerIntEnable
                0x000880c5       0x21 /cygdrive/c/2.0.2/Lib/Components/Library/libHardwareApi_JN516x.a(AHI_TickTimer.o)
                0x000880c5                _vAHI_TickTimerIntEnable
 .text.vAHI_TickTimerInterval
                0x000880e6       0x1e /cygdrive/c/2.0.2/Lib/Components/Library/libHardwareApi_JN516x.a(AHI_TickTimer.o)
                0x000880e6                _vAHI_TickTimerInterval
 .text.vAHI_IntHandlerTickTimer
                0x00088104       0x3d /cygdrive/c/2.0.2/Lib/Components/Library/libHardwareApi_JN516x.a(AHI_TickTimer.o)
                0x00088104                _vAHI_IntHandlerTickTimer
 .text.vAHI_IntHandlerTimer0
                0x00088141       0x1d /cygdrive/c/2.0.2/Lib/Components/Library/libHardwareApi_JN516x.a(AHI_TimerInt.o)
                0x00088141                _vAHI_IntHandlerTimer0
 .text.vAHI_IntHandlerTimer1
                0x0008815e       0x1c /cygdrive/c/2.0.2/Lib/Components/Library/libHardwareApi_JN516x.a(AHI_TimerInt.o)
                0x0008815e                _vAHI_IntHandlerTimer1
 .text.vAHI_IntHandlerTimer3
                0x0008817a       0x1d /cygdrive/c/2.0.2/Lib/Components/Library/libHardwareApi_JN516x.a(AHI_TimerInt.o)
                0x0008817a                _vAHI_IntHandlerTimer3
 .text.vAHI_IntHandlerTimer4
                0x00088197       0x1d /cygdrive/c/2.0.2/Lib/Components/Library/libHardwareApi_JN516x.a(AHI_TimerInt.o)
                0x00088197                _vAHI_IntHandlerTimer4
 .text.vAHI_IntHandlerTimer2
                0x000881b4       0x33 /cygdrive/c/2.0.2/Lib/Components/Library/libHardwareApi_JN516x.a(AHI_TimerInt.o)
                0x000881b4                _vAHI_IntHandlerTimer2
 .text.vAHI_IntHandlerUart0
                0x000881e7       0x29 /cygdrive/c/2.0.2/Lib/Components/Library/libHardwareApi_JN516x.a(AHI_Uart.o)
                0x000881e7                _vAHI_IntHandlerUart0
 .text.vAHI_IntHandlerUart1
                0x00088210       0x29 /cygdrive/c/2.0.2/Lib/Components/Library/libHardwareApi_JN516x.a(AHI_Uart.o)
                0x00088210                _vAHI_IntHandlerUart1
 .text.vAHI_WakeTimerEnable
                0x00088239       0x5c /cygdrive/c/2.0.2/Lib/Components/Library/libHardwareApi_JN516x.a(AHI_WakeTimer.o)
                0x00088239                _vAHI_WakeTimerEnable
 .text.vAHI_WakeTimerStart
                0x00088295       0x58 /cygdrive/c/2.0.2/Lib/Components/Library/libHardwareApi_JN516x.a(AHI_WakeTimer.o)
                0x00088295                _vAHI_WakeTimerStart
 .text.vAHI_WakeTimerStop
                0x000882ed       0x27 /cygdrive/c/2.0.2/Lib/Components/Library/libHardwareApi_JN516x.a(AHI_WakeTimer.o)
                0x000882ed                _vAHI_WakeTimerStop
 .text.vAHI_FlashAndEEPROMControllerIntHandler
                0x00088314       0x39 /cygdrive/c/2.0.2/Lib/Components/Library/libHardwareApi_JN516x.a(AHI_Flash.o)
                0x00088314                _vAHI_FlashAndEEPROMControllerIntHandler
 .text.vAHI_IntHandlerSpiSlave
                0x0008834d       0x1d /cygdrive/c/2.0.2/Lib/Components/Library/libHardwareApi_JN516x.a(AHI_SpiSlave.o)
                0x0008834d                _vAHI_IntHandlerSpiSlave
 .text.vAHI_IntHandlerInfrared
                0x0008836a       0x17 /cygdrive/c/2.0.2/Lib/Components/Library/libHardwareApi_JN516x.a(AHI_Infrared.o)
                0x0008836a                _vAHI_IntHandlerInfrared
 .text.vMicroIntEnableOnly
                0x00088381       0x2d /cygdrive/c/2.0.2/Lib/Components/Library/libMicroSpecific_JN516x.a(MicroInt.o)
                0x00088381                _vMicroIntEnableOnly
 .text.vMicroIntRestoreState
                0x000883ae        0xc /cygdrive/c/2.0.2/Lib/Components/Library/libMicroSpecific_JN516x.a(MicroInt.o)
                0x000883ae                _vMicroIntRestoreState
 .text.pvHeap_Alloc
                0x000883ba        0xf /cygdrive/c/2.0.2/Lib/Components/Library/libBoot_JN516x.a(Heap.o)
                0x000883ba                _pvHeap_Alloc
 .text.pvHeap_DefAlloc
                0x000883c9       0x41 /cygdrive/c/2.0.2/Lib/Components/Library/libBoot_JN516x.a(Heap.o)
 .text.udivmodsi4
                0x0008840a       0x34 /cygdrive/c/2.0.2/Lib/Components/Library/libMaths_JN516x.a(Maths.o)
                0x0008840a                _udivmodsi4
 .text.__udivsi3
                0x0008843e        0x8 /cygdrive/c/2.0.2/Lib/Components/Library/libMaths_JN516x.a(Maths.o)
                0x0008843e                ___udivsi3
 .text.vACI_IntHandlerAes
                0x00088446       0x25 /cygdrive/c/2.0.2/Lib/Components/Library/libAes_JN516x.a(AEScoprocessorAPIinterrupts.o)
                0x00088446                _vACI_IntHandlerAes
 .text          0x0008846b       0x28 /cygdrive/c/2.0.2/Lib/Tools/ba-elf-ba2/bin/../lib/gcc/ba-elf/4.1.2/../../../../ba-elf/lib/ba2/libc.a(memcmp.o)
                0x0008846b                _memcmp
 .text          0x00088493       0x1d /cygdrive/c/2.0.2/Lib/Tools/ba-elf-ba2/bin/../lib/gcc/ba-elf/4.1.2/../../../../ba-elf/lib/ba2/libc.a(memcpy.o)
 .text          0x000884b0       0x18 /cygdrive/c/2.0.2/Lib/Tools/ba-elf-ba2/bin/../lib/gcc/ba-elf/4.1.2/../../../../ba-elf/lib/ba2/libc.a(memset.o)
                0x000884b0                _memset
                0x000884c8                _flash_end = <code 342> (.)
                0x0400004c                . = 0x400004c

.data           0x0400004c       0x2c load address 0x000884c8
                0x0400004c                _ram_data_start = <code 342> (.)
 *(.data*)
 .data.initinboot
                0x0400004c        0x1 /cygdrive/c/2.0.2/Lib/Components/Library/libAppApi_JN516x.a(AppApi.o)
                0x0400004c                _g_bNoCalibration
 .data.u8MAC_MaxConcurrentAssocResponses
                0x0400004d        0x1 /cygdrive/c/2.0.2/Lib/Components/Library/libMac_JN516x.a(mac_pmic.o)
                0x0400004d                _u8MAC_MaxConcurrentAssocResponses
 *fill*         0x0400004e        0x2 00
 .data.aprLPBMacVectorRamTable
                0x04000050       0x14 /cygdrive/c/2.0.2/Lib/Components/Library/libMac_JN516x.a(mac_lp.o)
                0x04000050                _aprLPBMacVectorRamTable
 .data.bFirstTamInit.4640
                0x04000064        0x1 /cygdrive/c/2.0.2/Lib/Components/Library/libMac_JN516x.a(TAM.o)
 .data.initinboot
                0x04000065        0x1 /cygdrive/c/2.0.2/Lib/Components/Library/libMac_JN516x.a(TAM_MEM.o)
                0x04000065                _gMAC_u8MaxBuffers
 *fill*         0x04000066        0x2 00
 .data.initinboot
                0x04000068        0x4 /cygdrive/c/2.0.2/Lib/Components/Library/libXcv_JN516x.a(xcv_main.o)
 .data.prHeap_AllocFunc
                0x0400006c        0x4 /cygdrive/c/2.0.2/Lib/Components/Library/libBoot_JN516x.a(Heap.o)
                0x0400006c                _prHeap_AllocFunc
 .data.u32HeapStart
                0x04000070        0x4 /cygdrive/c/2.0.2/Lib/Components/Library/libBoot_JN516x.a(Heap.o)
                0x04000070                _u32HeapStart
 .data.u32HeapEnd
                0x04000074        0x4 /cygdrive/c/2.0.2/Lib/Components/Library/libBoot_JN516x.a(Heap.o)
                0x04000074                _u32HeapEnd
 *(.data.*)
                0x04000078                . = ALIGN (0x4)
                0x04000078                _ram_data_end = <code 342> (.)

.bss            0x04000078     0x2ac4
                0x04000078                _bss_start = <code 342> (.)
 *(.bss*)
 .bss.taskQMutex
                0x04000078        0x1 /cygdrive/c/2.0.2/Lib/sensenuts/libSense_JN516x.a(AppQueueApi.o)
                0x04000078                _taskQMutex
 .bss.taskQMutexClock
                0x04000079        0x1 /cygdrive/c/2.0.2/Lib/sensenuts/libSense_JN516x.a(AppQueueApi.o)
                0x04000079                _taskQMutexClock
 .bss.critQMutex
                0x0400007a        0x1 /cygdrive/c/2.0.2/Lib/sensenuts/libSense_JN516x.a(AppQueueApi.o)
                0x0400007a                _critQMutex
 .bss.mlmeQMutex
                0x0400007b        0x1 /cygdrive/c/2.0.2/Lib/sensenuts/libSense_JN516x.a(AppQueueApi.o)
                0x0400007b                _mlmeQMutex
 .bss.mcpsQMutex
                0x0400007c        0x1 /cygdrive/c/2.0.2/Lib/sensenuts/libSense_JN516x.a(AppQueueApi.o)
                0x0400007c                _mcpsQMutex
 .bss.taskUpdateMutex
                0x0400007d        0x1 /cygdrive/c/2.0.2/Lib/sensenuts/libSense_JN516x.a(AppQueueApi.o)
                0x0400007d                _taskUpdateMutex
 .bss.critUpdateMutex
                0x0400007e        0x1 /cygdrive/c/2.0.2/Lib/sensenuts/libSense_JN516x.a(AppQueueApi.o)
                0x0400007e                _critUpdateMutex
 .bss.mlmeUpdateMutex
                0x0400007f        0x1 /cygdrive/c/2.0.2/Lib/sensenuts/libSense_JN516x.a(AppQueueApi.o)
                0x0400007f                _mlmeUpdateMutex
 .bss.mcpsUpdateMutex
                0x04000080        0x1 /cygdrive/c/2.0.2/Lib/sensenuts/libSense_JN516x.a(AppQueueApi.o)
                0x04000080                _mcpsUpdateMutex
 .bss.mlmeUpdateAdd
                0x04000081        0x1 /cygdrive/c/2.0.2/Lib/sensenuts/libSense_JN516x.a(AppQueueApi.o)
                0x04000081                _mlmeUpdateAdd
 .bss.mcpsUpdateAdd
                0x04000082        0x1 /cygdrive/c/2.0.2/Lib/sensenuts/libSense_JN516x.a(AppQueueApi.o)
                0x04000082                _mcpsUpdateAdd
 .bss.taskUpdateAdd
                0x04000083        0x1 /cygdrive/c/2.0.2/Lib/sensenuts/libSense_JN516x.a(AppQueueApi.o)
                0x04000083                _taskUpdateAdd
 .bss.critUpdateAdd
                0x04000084        0x1 /cygdrive/c/2.0.2/Lib/sensenuts/libSense_JN516x.a(AppQueueApi.o)
                0x04000084                _critUpdateAdd
 .bss.taskQSize
                0x04000085        0x1 /cygdrive/c/2.0.2/Lib/sensenuts/libSense_JN516x.a(AppQueueApi.o)
 .bss.critQSize
                0x04000086        0x1 /cygdrive/c/2.0.2/Lib/sensenuts/libSense_JN516x.a(AppQueueApi.o)
 .bss.hwQSize   0x04000087        0x1 /cygdrive/c/2.0.2/Lib/sensenuts/libSense_JN516x.a(AppQueueApi.o)
 .bss.mlmeQSize
                0x04000088        0x1 /cygdrive/c/2.0.2/Lib/sensenuts/libSense_JN516x.a(AppQueueApi.o)
 .bss.mcpsQSize
                0x04000089        0x1 /cygdrive/c/2.0.2/Lib/sensenuts/libSense_JN516x.a(AppQueueApi.o)
 .bss.timeCorrection
                0x0400008a        0x2 /cygdrive/c/2.0.2/Lib/sensenuts/libSense_JN516x.a(clock.o)
 .bss.currentProcess
                0x0400008c        0x1 /cygdrive/c/2.0.2/Lib/sensenuts/libSense_JN516x.a(scheduler.o)
                0x0400008c                _currentProcess
 .bss.nextProcess
                0x0400008d        0x1 /cygdrive/c/2.0.2/Lib/sensenuts/libSense_JN516x.a(scheduler.o)
                0x0400008d                _nextProcess
 .bss.processList
                0x0400008e        0x1 /cygdrive/c/2.0.2/Lib/sensenuts/libSense_JN516x.a(scheduler.o)
                0x0400008e                _processList
 .bss.currentSubProcess
                0x0400008f        0x1 /cygdrive/c/2.0.2/Lib/sensenuts/libSense_JN516x.a(scheduler.o)
                0x0400008f                _currentSubProcess
 .bss.nextSubProcess
                0x04000090        0x1 /cygdrive/c/2.0.2/Lib/sensenuts/libSense_JN516x.a(scheduler.o)
                0x04000090                _nextSubProcess
 .bss.subProcessList
                0x04000091        0x1 /cygdrive/c/2.0.2/Lib/sensenuts/libSense_JN516x.a(scheduler.o)
                0x04000091                _subProcessList
 .bss.readPtr   0x04000092        0x1 /cygdrive/c/2.0.2/Lib/sensenuts/libSense_JN516x.a(task.o)
                0x04000092                _readPtr
 .bss.rear      0x04000093        0x1 /cygdrive/c/2.0.2/Lib/sensenuts/libSense_JN516x.a(task.o)
                0x04000093                _rear
 .bss.curPQSize
                0x04000094        0x1 /cygdrive/c/2.0.2/Lib/sensenuts/libSense_JN516x.a(task.o)
                0x04000094                _curPQSize
 .bss.mutexPTask
                0x04000095        0x1 /cygdrive/c/2.0.2/Lib/sensenuts/libSense_JN516x.a(task.o)
                0x04000095                _mutexPTask
 .bss.gu8ModuleID
                0x04000096        0x1 /cygdrive/c/2.0.2/Lib/Components/Library/libAppApi_JN516x.a(AppApi.o)
                0x04000096                _gu8ModuleID
 .bss.gbHighPowerMode
                0x04000097        0x1 /cygdrive/c/2.0.2/Lib/Components/Library/libAppApi_JN516x.a(AppApi.o)
                0x04000097                _gbHighPowerMode
 .bss.prMlmeRequest
                0x04000098        0x4 /cygdrive/c/2.0.2/Lib/Components/Library/libAppApi_JN516x.a(AppApi.o)
 .bss.prMcpsRequest
                0x0400009c        0x4 /cygdrive/c/2.0.2/Lib/Components/Library/libAppApi_JN516x.a(AppApi.o)
 .bss.initinboot
                0x040000a0        0x8 /cygdrive/c/2.0.2/Lib/Components/Library/libAppApi_JN516x.a(AppApi.o)
                0x040000a0                _prvUserTxStartedCallback
                0x040000a4                _g_bBoostMode
 .bss.sStoredMacData
                0x040000a8       0x1c /cygdrive/c/2.0.2/Lib/Components/Library/libAppApi_JN516x.a(AppApiSleep.o)
 .bss.initinboot
                0x040000c4      0x1c8 /cygdrive/c/2.0.2/Lib/Components/Library/libMac_JN516x.a(mac_main.o)
                0x040000c4                _g_sMac
 .bss.initinboot
                0x0400028c        0x4 /cygdrive/c/2.0.2/Lib/Components/Library/libMac_JN516x.a(mac_pib_mlme.o)
                0x0400028c                _g_u32MacAddrLocation
 .bss.sAssocSecurity
                0x04000290        0xc /cygdrive/c/2.0.2/Lib/Components/Library/libMac_JN516x.a(mac_pmic.o)
 .bss.u8AssocResponsesInProgress
                0x0400029c        0x1 /cygdrive/c/2.0.2/Lib/Components/Library/libMac_JN516x.a(mac_pmic.o)
 .bss.bScanInProgress
                0x0400029d        0x1 /cygdrive/c/2.0.2/Lib/Components/Library/libMac_JN516x.a(mac_scan.o)
 *fill*         0x0400029e        0x2 00
 .bss.u32BadMacBufferReturns
                0x040002a0        0x4 /cygdrive/c/2.0.2/Lib/Components/Library/libMac_JN516x.a(TAM_MEM.o)
 .bss.initinboot
                0x040002a4        0x4 /cygdrive/c/2.0.2/Lib/Components/Library/libMac_JN516x.a(TAMcommon.o)
                0x040002a4                _bEnablePANIDConflicts
 .bss.bTxEventQueued
                0x040002a8        0x1 /cygdrive/c/2.0.2/Lib/Components/Library/libMac_JN516x.a(TAMevent.o)
 .bss.u8TxEventStatus
                0x040002a9        0x1 /cygdrive/c/2.0.2/Lib/Components/Library/libMac_JN516x.a(TAMevent.o)
 .bss.gu8Mlen   0x040002aa        0x1 /cygdrive/c/2.0.2/Lib/Components/Library/libMac_JN516x.a(TAMsecurity.o)
 .bss.gu8Alen   0x040002ab        0x1 /cygdrive/c/2.0.2/Lib/Components/Library/libMac_JN516x.a(TAMsecurity.o)
 .bss.pgsExtAddr
                0x040002ac        0x4 /cygdrive/c/2.0.2/Lib/Components/Library/libMac_JN516x.a(TAMsecurity.o)
 .bss.initinboot
                0x040002b0        0x1 /cygdrive/c/2.0.2/Lib/Components/Library/libMac_JN516x.a(TAMsideways.o)
                0x040002b0                _bMAC_ImmortalIndirect
 .bss.dontinitinboot
                0x040002b1        0x1 /cygdrive/c/2.0.2/Lib/Components/Library/libMac_JN516x.a(TAM_AES.o)
 *fill*         0x040002b2        0x2 00
 .bss.dontinitinboot
                0x040002b4        0x8 /cygdrive/c/2.0.2/Lib/Components/Library/libXcv_JN516x.a(xcv_main.o)
 .bss.prApAppCallback
                0x040002bc        0x4 /cygdrive/c/2.0.2/Lib/Components/Library/libHardwareApi_JN516x.a(AHI_Analogue.o)
 .bss.prSiAppCallback
                0x040002c0        0x4 /cygdrive/c/2.0.2/Lib/Components/Library/libHardwareApi_JN516x.a(AHI_Si.o)
 .bss.prSpiAppCallback
                0x040002c4        0x4 /cygdrive/c/2.0.2/Lib/Components/Library/libHardwareApi_JN516x.a(AHI_Spi.o)
 .bss.initinboot
                0x040002c8        0x4 /cygdrive/c/2.0.2/Lib/Components/Library/libHardwareApi_JN516x.a(AHI_System.o)
 .bss.prTimer4AppCallback
                0x040002cc        0x4 /cygdrive/c/2.0.2/Lib/Components/Library/libHardwareApi_JN516x.a(AHI_TimerInt.o)
 .bss.prTimer3AppCallback
                0x040002d0        0x4 /cygdrive/c/2.0.2/Lib/Components/Library/libHardwareApi_JN516x.a(AHI_TimerInt.o)
 .bss.prTimer2AppCallback
                0x040002d4        0x4 /cygdrive/c/2.0.2/Lib/Components/Library/libHardwareApi_JN516x.a(AHI_TimerInt.o)
 .bss.prTimer1AppCallback
                0x040002d8        0x4 /cygdrive/c/2.0.2/Lib/Components/Library/libHardwareApi_JN516x.a(AHI_TimerInt.o)
 .bss.prTimer0AppCallback
                0x040002dc        0x4 /cygdrive/c/2.0.2/Lib/Components/Library/libHardwareApi_JN516x.a(AHI_TimerInt.o)
 .bss.prUart1AppCallback
                0x040002e0        0x4 /cygdrive/c/2.0.2/Lib/Components/Library/libHardwareApi_JN516x.a(AHI_Uart.o)
 .bss.prUart0AppCallback
                0x040002e4        0x4 /cygdrive/c/2.0.2/Lib/Components/Library/libHardwareApi_JN516x.a(AHI_Uart.o)
 .bss.u32FlashParityErrorCount
                0x040002e8        0x4 /cygdrive/c/2.0.2/Lib/Components/Library/libHardwareApi_JN516x.a(AHI_Flash.o)
 .bss.prFlashEECAppCallback
                0x040002ec        0x4 /cygdrive/c/2.0.2/Lib/Components/Library/libHardwareApi_JN516x.a(AHI_Flash.o)
 .bss.prSpiAppCallback
                0x040002f0        0x4 /cygdrive/c/2.0.2/Lib/Components/Library/libHardwareApi_JN516x.a(AHI_SpiSlave.o)
 .bss.prInfraredAppCallback
                0x040002f4        0x4 /cygdrive/c/2.0.2/Lib/Components/Library/libHardwareApi_JN516x.a(AHI_Infrared.o)
 .bss.dontinitinboot
                0x040002f8       0x40 /cygdrive/c/2.0.2/Lib/Components/Library/libBoot_JN516x.a(ExceptionHandler.o)
                0x040002f8                _isr_handlers
 .bss.dontinitinboot
                0x04000338        0x4 /cygdrive/c/2.0.2/Lib/Components/Library/libAes_JN516x.a(AEScoprocessorAPIinterrupts.o)
 *(.bss.*)
 *(COMMON)
 COMMON         0x0400033c      0x180 /cygdrive/c/2.0.2/libraries/mac.o
                0x0400033c                _macData
                0x040004b4                _pvMac
                0x040004b8                _psPib
 COMMON         0x040004bc     0x2500 /cygdrive/c/2.0.2/Lib/sensenuts/libSense_JN516x.a(AppQueueApi.o)
                0x040004bc                _asCritIndBuffer
                0x040004d0                _asMlmeIndBuffer
                0x04001600                _apvTaskIndData
                0x04001654                _sHwIndQueue
                0x04001664                _apvMlmeIndData
                0x040016b8                _sMcpsIndBufferQueue
                0x040016c8                _sTaskIndQueue
                0x040016d8                _sMlmeIndQueue
                0x040016e8                _apvHwIndBufferData
                0x0400173c                _sCritIndBufferQueue
                0x0400174c                _apvHwIndData
                0x040017a0                _apvMcpsIndBufferData
                0x040017f4                _tempTaskBuffer
                0x04001800                _apvMcpsIndData
                0x04001854                _apvTaskIndBufferData
                0x040018a8                _sHwIndBufferQueue
                0x040018b8                _tempMcpsBuffer
                0x04001960                _sTaskIndBufferQueue
                0x04001970                _tempHwBuffer
                0x04001978                _asHwIndBuffer
                0x04001a18                _asTaskIndBuffer
                0x04001b08                _asMcpsIndBuffer
                0x04002828                _sCritIndQueue
                0x04002838                _apvCritIndData
                0x04002850                _apvMlmeIndBufferData
                0x040028a4                _tempMlmeBuffer
                0x04002980                _sMcpsIndQueue
                0x04002990                _tempCritBuffer
                0x04002994                _sMlmeIndBufferQueue
                0x040029a4                _apvCritIndBufferData
 COMMON         0x040029bc        0x8 /cygdrive/c/2.0.2/Lib/sensenuts/libSense_JN516x.a(clock.o)
                0x040029bc                _currentTime
 COMMON         0x040029c4       0xf0 /cygdrive/c/2.0.2/Lib/sensenuts/libSense_JN516x.a(task.o)
                0x040029c4                _passiveTaskQueue
 COMMON         0x04002ab4        0x8 /cygdrive/c/2.0.2/Lib/Components/Library/libAppApi_JN516x.a(AppApi.o)
                0x04002ab4                _g_pvMac
                0x04002ab8                _g_sXcv
 COMMON         0x04002abc        0x4 /cygdrive/c/2.0.2/Lib/Components/Library/libMac_JN516x.a(mac_mlme.o)
                0x04002abc                _prMAC_TofMlmeReqHandler
 COMMON         0x04002ac0        0x1 /cygdrive/c/2.0.2/Lib/Components/Library/libMac_JN516x.a(mac_pmic.o)
                0x04002ac0                _bMAC_DiscardUnsuccessfulAssocResponses
 *fill*         0x04002ac1        0x3 00
 COMMON         0x04002ac4       0x40 /cygdrive/c/2.0.2/Lib/Components/Library/libMac_JN516x.a(mac_lp.o)
                0x04002ac4                _g_sLP
 COMMON         0x04002b04        0x1 /cygdrive/c/2.0.2/Lib/Components/Library/libMac_JN516x.a(TAM_TAT.o)
                0x04002b04                _u8Msq
 *fill*         0x04002b05        0x3 00
 COMMON         0x04002b08        0x4 /cygdrive/c/2.0.2/Lib/Components/Library/libMac_JN516x.a(TAMcommon.o)
                0x04002b08                _prMAC_TofRxHandler
 COMMON         0x04002b0c        0x1 /cygdrive/c/2.0.2/Lib/Components/Library/libMac_JN516x.a(TAMevent.o)
                0x04002b0c                _u8TAM_TxStatusOverride
 *fill*         0x04002b0d        0x3 00
 COMMON         0x04002b10       0x10 /cygdrive/c/2.0.2/Lib/Components/Library/libTimerServer_JN516x.a(tsv_main.o)
                0x04002b10                _s_sTimerList
 COMMON         0x04002b20        0x4 /cygdrive/c/2.0.2/Lib/Components/Library/libHardwareApi_JN516x.a(AHI_TickTimer.o)
                0x04002b20                _prTickTimeAppCallback
 COMMON         0x04002b24       0x18 /cygdrive/c/2.0.2/Lib/Components/Library/libAppApi_JN516x.a(AppHousekeeping.o)
                0x04002b24                _sAppHousekeeping
                0x04002b3c                . = ALIGN (0x4)
                0x04002b3c                _bss_end = <code 342> (.)

.heap           0x04002b3c      0xd16
                0x04002b3c                __heap_start = <code 342> (.)
                0x04003852                . = (. + _minimum_heap_size)
 *fill*         0x04002b3c      0xd16 00

.stack          0x04007000     0x1000
                0x04007000                __heap_end = <code 342> (.)
                0x04007000                _stack_low_water_mark = <code 342> (.)
                0x04008000                . = (. + _stack_size)
 *fill*         0x04007000     0x1000 00

.test           0x000884f4        0x1
                0x000884f4        0x1 BYTE 0xff
                0x000884c8                _flash_data_start = LOADADDR (.data)
                0x0000002c                _ram_data_len = (((_ram_data_end - _ram_data_start) + 0x3) & 0xfffffffc)
                0x00002ac4                _bss_len = (((_bss_end - _bss_start) + 0x3) & 0xfffffffc)
                0x000084f4                _image_len = ((((_flash_end - _flash_start) + _ram_data_len) + 0x3) & 0xfffffffc)
                0x04002b3c                _heap_start = __heap_start
                0x04007000                _heap_end = __heap_end
                0x04008000                _ram_top = 0x4008000
                0x01001580                __app_ram_start = 0x1001580
                0x04000070                PROVIDE (_heap_location, _u32HeapStart)
                0x00087a1e                _TSV_eOpenVector = _TSV_eOpen
                0x00087ac9                _TSV_eStartVector = _TSV_eStart
                0x00087b98                _TSV_eStopVector = _TSV_eStop
                0x000816fe                _pvAppApiGetMacHandle = _pvAppApiDefGetMacHandle
                0x000817e8                _u32AppApiInit = _u32AppApiDefInit
                0x000818a7                _vAppApiMlmeRequest = _vAppApiDefMlmeRequest
                0x00081875                _vAppApiMcpsRequest = _vAppApiDefMcpsRequest
                0x000818d9                _eAppApiPlmeSet = _eAppApiDefPlmeSet
                0x00081842                _eAppApiPlmeGet = _eAppApiDefPlmeGet
                0x0008172b                _pvAppApiGetMacAddrLocation = _pvAppApiDefGetMacAddrLocation
                0x0008190c                _vAppApiSaveMacSettings = _vAppApiDefSaveMacSettings
                0x00081a31                _vAppApiRestoreMacSettings = _vAppApiDefRestoreMacSettings
OUTPUT(/cygdrive/c/2.0.2/AppCode/demo1/led-blink/output/sensenuts_ledBlink.elf elf32-ba)

.comment        0x00000000      0x678
 .comment       0x00000000       0x12 /cygdrive/c/2.0.2/libraries/coordinator.o
 .comment       0x00000012       0x12 /cygdrive/c/2.0.2/libraries/dio.o
 .comment       0x00000024       0x12 /cygdrive/c/2.0.2/libraries/genMac.o
 .comment       0x00000036       0x12 /cygdrive/c/2.0.2/libraries/gps.o
 .comment       0x00000048       0x12 /cygdrive/c/2.0.2/libraries/humidSensor.o
 .comment       0x0000005a       0x12 /cygdrive/c/2.0.2/libraries/i2c.o
 .comment       0x0000006c       0x12 /cygdrive/c/2.0.2/libraries/lightSensor.o
 .comment       0x0000007e       0x12 /cygdrive/c/2.0.2/libraries/mac.o
 .comment       0x00000090       0x12 /cygdrive/c/2.0.2/libraries/node.o
 .comment       0x000000a2       0x12 /cygdrive/c/2.0.2/libraries/pcInterface.o
 .comment       0x000000b4       0x12 /cygdrive/c/2.0.2/libraries/phy.o
 .comment       0x000000c6       0x12 /cygdrive/c/2.0.2/libraries/routing.o
 .comment       0x000000d8       0x12 /cygdrive/c/2.0.2/libraries/routing_aodv.o
 .comment       0x000000ea       0x12 /cygdrive/c/2.0.2/libraries/routing_aodv_Tables.o
 .comment       0x000000fc       0x12 /cygdrive/c/2.0.2/libraries/routing_lbr.o